2026-06-01 06:39:48,265 - INFO - 🎨 Style posters chargé: /app/playlists/poster_style.default.json
2026-06-01 06:39:48,265 - INFO - 🎵 Génération des playlists automatiques PlexAmp
2026-06-01 06:39:54,664 - INFO - 📊 236509 pistes chargées (dédupliquées)
2026-06-01 06:40:37,007 - INFO - 📡 Last.fm: 5000 top tracks récupérés (overall)
2026-06-01 06:40:40,228 - INFO - 📻 Last.fm playlists: 3 créées (match Plex: 3679/5000)
2026-06-01 06:40:55,262 - INFO - ⭐ Stars 80: 21563 titres (known_80=0, unknown_year=21563, excluded_by_year=93)
2026-06-01 06:41:17,458 - INFO - 🧩 9 playlists personnalisées chargées depuis /app/playlists/manual_playlists.json
2026-06-01 06:41:17,459 - INFO - 🧹 Emojis retirés de 70 noms de playlists
2026-06-01 06:41:18,641 - ERROR - ❌ Erreur nettoyage: HTTP Error 401: Unauthorized
2026-06-01 06:41:18,646 - ERROR - ❌ Erreur playlist ⭐ 1 étoiles (6 titres): HTTP Error 401: Unauthorized
2026-06-01 06:41:18,648 - ERROR - ❌ Erreur playlist International essentiels (39 titres): HTTP Error 401: Unauthorized
2026-06-01 06:41:18,650 - ERROR - ❌ Erreur playlist Mix énergique (50 titres): HTTP Error 401: Unauthorized
2026-06-01 06:41:18,651 - ERROR - ❌ Erreur playlist Nuit calme (100 titres): HTTP Error 401: Unauthorized
2026-06-01 06:41:18,652 - ERROR - ❌ Erreur playlist Cuisine en rythme (88 titres): HTTP Error 401: Unauthorized
2026-06-01 06:41:18,654 - ERROR - ❌ Erreur playlist World vibes (46 titres): HTTP Error 401: Unauthorized
2026-06-01 06:41:18,656 - ERROR - ❌ Erreur playlist Albums pépites (88 titres): HTTP Error 401: Unauthorized
2026-06-01 06:41:18,657 - ERROR - ❌ Erreur playlist Daily mix chill (120 titres): HTTP Error 401: Unauthorized
2026-06-01 06:41:18,658 - ERROR - ❌ Erreur playlist Mix humeur happy (120 titres): HTTP Error 401: Unauthorized
2026-06-01 06:41:18,660 - ERROR - ❌ Erreur playlist Mix humeur sad (120 titres): HTTP Error 401: Unauthorized
2026-06-01 06:41:18,662 - ERROR - ❌ Erreur playlist Mix humeur sleep (140 titres): HTTP Error 401: Unauthorized
2026-06-01 06:41:18,663 - ERROR - ❌ Erreur playlist Diner romantique (100 titres): HTTP Error 401: Unauthorized
2026-06-01 06:41:18,665 - ERROR - ❌ Erreur playlist Dimanche reset (120 titres): HTTP Error 401: Unauthorized
2026-06-01 06:41:18,666 - ERROR - ❌ Erreur playlist Pool party (120 titres): HTTP Error 401: Unauthorized
2026-06-01 06:41:18,668 - ERROR - ❌ Erreur playlist Yoga (120 titres): HTTP Error 401: Unauthorized
2026-06-01 06:41:18,669 - ERROR - ❌ Erreur playlist Session massage tantrique (100 titres): HTTP Error 401: Unauthorized
2026-06-01 06:41:18,670 - ERROR - ❌ Erreur playlist Last.fm Top écoutes (300 titres): HTTP Error 401: Unauthorized
2026-06-01 06:41:18,671 - ERROR - ❌ Erreur playlist Last.fm Rotation forte (350 titres): HTTP Error 401: Unauthorized
2026-06-01 06:41:18,672 - ERROR - ❌ Erreur playlist Last.fm Rotation moyenne (350 titres): HTTP Error 401: Unauthorized
2026-06-01 06:41:18,674 - ERROR - ❌ Erreur playlist Top Fun Radio (300 titres): HTTP Error 401: Unauthorized
2026-06-01 06:41:18,676 - ERROR - ❌ Erreur playlist Running & Workout (2589 titres): HTTP Error 401: Unauthorized
2026-06-01 06:41:18,677 - ERROR - ❌ Erreur playlist Chill & Relax (500 titres): HTTP Error 401: Unauthorized
2026-06-01 06:41:18,678 - ERROR - ❌ Erreur playlist Rage & Énergie (274 titres): HTTP Error 401: Unauthorized
2026-06-01 06:41:18,679 - ERROR - ❌ Erreur playlist Mélancolie (500 titres): HTTP Error 401: Unauthorized
2026-06-01 06:41:18,681 - ERROR - ❌ Erreur playlist Romantique (500 titres): HTTP Error 401: Unauthorized
2026-06-01 06:41:18,682 - ERROR - ❌ Erreur playlist Joie & Bonheur (500 titres): HTTP Error 401: Unauthorized
2026-06-01 06:41:18,684 - ERROR - ❌ Erreur playlist Nostalgie (500 titres): HTTP Error 401: Unauthorized
2026-06-01 06:41:18,685 - ERROR - ❌ Erreur playlist Mystique & Spirituel (303 titres): HTTP Error 401: Unauthorized
2026-06-01 06:41:18,686 - ERROR - ❌ Erreur playlist Dark & Intense (500 titres): HTTP Error 401: Unauthorized
2026-06-01 06:41:18,688 - ERROR - ❌ Erreur playlist Soirée & Fête (500 titres): HTTP Error 401: Unauthorized
2026-06-01 06:41:18,689 - ERROR - ❌ Erreur playlist Apéro Chill (500 titres): HTTP Error 401: Unauthorized
2026-06-01 06:41:18,691 - ERROR - ❌ Erreur playlist Conduite Auto (500 titres): HTTP Error 401: Unauthorized
2026-06-01 06:41:18,692 - ERROR - ❌ Erreur playlist Voyage & Découverte (500 titres): HTTP Error 401: Unauthorized
2026-06-01 06:41:18,694 - ERROR - ❌ Erreur playlist Cuisine & Recette (500 titres): HTTP Error 401: Unauthorized
2026-06-01 06:41:18,695 - ERROR - ❌ Erreur playlist Yoga & Méditation (286 titres): HTTP Error 401: Unauthorized
2026-06-01 06:41:18,697 - ERROR - ❌ Erreur playlist Lecture & Détente (500 titres): HTTP Error 401: Unauthorized
2026-06-01 06:41:18,698 - ERROR - ❌ Erreur playlist Été & Soleil (500 titres): HTTP Error 401: Unauthorized
2026-06-01 06:41:18,700 - ERROR - ❌ Erreur playlist Hiver & Cocooning (500 titres): HTTP Error 401: Unauthorized
2026-06-01 06:41:18,701 - ERROR - ❌ Erreur playlist Printemps Frais (500 titres): HTTP Error 401: Unauthorized
2026-06-01 06:41:18,703 - ERROR - ❌ Erreur playlist Automne Doré (500 titres): HTTP Error 401: Unauthorized
2026-06-01 06:41:18,704 - ERROR - ❌ Erreur playlist Pluie & Mélancolie (500 titres): HTTP Error 401: Unauthorized
2026-06-01 06:41:18,706 - ERROR - ❌ Erreur playlist Réveil Doux (500 titres): HTTP Error 401: Unauthorized
2026-06-01 06:41:18,707 - ERROR - ❌ Erreur playlist Brunch Dimanche (500 titres): HTTP Error 401: Unauthorized
2026-06-01 06:41:18,708 - ERROR - ❌ Erreur playlist Crépuscule (464 titres): HTTP Error 401: Unauthorized
2026-06-01 06:41:18,710 - ERROR - ❌ Erreur playlist Nuit Profonde (500 titres): HTTP Error 401: Unauthorized
2026-06-01 06:41:18,711 - ERROR - ❌ Erreur playlist After Party (500 titres): HTTP Error 401: Unauthorized
2026-06-01 06:41:18,713 - ERROR - ❌ Erreur playlist Rap & Hip-Hop (500 titres): HTTP Error 401: Unauthorized
2026-06-01 06:41:18,714 - ERROR - ❌ Erreur playlist Rock Classique (279 titres): HTTP Error 401: Unauthorized
2026-06-01 06:41:18,715 - ERROR - ❌ Erreur playlist Hard Rock & Metal (363 titres): HTTP Error 401: Unauthorized
2026-06-01 06:41:18,717 - ERROR - ❌ Erreur playlist Punk & Garage (199 titres): HTTP Error 401: Unauthorized
2026-06-01 06:41:18,718 - ERROR - ❌ Erreur playlist Indie & Alternatif (184 titres): HTTP Error 401: Unauthorized
2026-06-01 06:41:18,719 - ERROR - ❌ Erreur playlist Pop FR (291 titres): HTTP Error 401: Unauthorized
2026-06-01 06:41:18,721 - ERROR - ❌ Erreur playlist Jazz & Blues (500 titres): HTTP Error 401: Unauthorized
2026-06-01 06:41:18,722 - ERROR - ❌ Erreur playlist Reggae & Roots (500 titres): HTTP Error 401: Unauthorized
2026-06-01 06:41:18,723 - ERROR - ❌ Erreur playlist Latin Vibes (500 titres): HTTP Error 401: Unauthorized
2026-06-01 06:41:18,725 - ERROR - ❌ Erreur playlist K-Pop & J-Pop (56 titres): HTTP Error 401: Unauthorized
2026-06-01 06:41:18,726 - ERROR - ❌ Erreur playlist Country & Folk (500 titres): HTTP Error 401: Unauthorized
2026-06-01 06:41:18,727 - ERROR - ❌ Erreur playlist Classical & Orchestre (500 titres): HTTP Error 401: Unauthorized
2026-06-01 06:41:18,728 - ERROR - ❌ Erreur playlist Synthwave & Retrowave (16 titres): HTTP Error 401: Unauthorized
2026-06-01 06:41:18,729 - ERROR - ❌ Erreur playlist Ambient & Drone (333 titres): HTTP Error 401: Unauthorized
2026-06-01 06:41:18,731 - ERROR - ❌ Erreur playlist Reggaeton & Urban (242 titres): HTTP Error 401: Unauthorized
2026-06-01 06:41:18,732 - ERROR - ❌ Erreur playlist Live & Concerts (500 titres): HTTP Error 401: Unauthorized
2026-06-01 06:41:18,733 - ERROR - ❌ Erreur playlist Acoustique (500 titres): HTTP Error 401: Unauthorized
2026-06-01 06:41:18,735 - ERROR - ❌ Erreur playlist Remixes & Edits (500 titres): HTTP Error 401: Unauthorized
2026-06-01 06:41:18,736 - ERROR - ❌ Erreur playlist Covers & Reprises (500 titres): HTTP Error 401: Unauthorized
2026-06-01 06:41:18,737 - ERROR - ❌ Erreur playlist Karaoké (195 titres): HTTP Error 401: Unauthorized
2026-06-01 06:41:18,739 - ERROR - ❌ Erreur playlist Génériques TV/Films (500 titres): HTTP Error 401: Unauthorized
2026-06-01 06:41:18,740 - ERROR - ❌ Erreur playlist Christmas & Fêtes (500 titres): HTTP Error 401: Unauthorized
2026-06-01 06:41:18,742 - ERROR - ❌ Erreur playlist Anniversaire (333 titres): HTTP Error 401: Unauthorized
2026-06-01 06:41:18,743 - ERROR - ❌ Erreur playlist Mariage (104 titres): HTTP Error 401: Unauthorized
2026-06-01 06:41:18,744 - ERROR - ❌ Erreur playlist SUMMER HITS 2000-2022 (5 titres): HTTP Error 401: Unauthorized
2026-06-01 06:41:18,746 - ERROR - ❌ Erreur playlist Mojito sunset (237 titres): HTTP Error 401: Unauthorized
2026-06-01 06:41:18,748 - ERROR - ❌ Erreur playlist Liked Songs (Loved Tracks) (1571 titres): HTTP Error 401: Unauthorized
2026-06-01 06:41:18,749 - ERROR - ❌ Erreur playlist Mes titres Shazam ok (106 titres): HTTP Error 401: Unauthorized
2026-06-01 06:41:18,751 - ERROR - ❌ Erreur playlist ⭐ 5 étoiles (63 titres) [fusion]: HTTP Error 401: Unauthorized
2026-06-01 06:41:18,752 - ERROR - ❌ Erreur playlist ⭐ 4 étoiles (99 titres) [fusion]: HTTP Error 401: Unauthorized
2026-06-01 06:41:18,753 - ERROR - ❌ Erreur playlist ⭐ 3 étoiles (8 titres) [fusion]: HTTP Error 401: Unauthorized
2026-06-01 06:41:18,755 - ERROR - ❌ Erreur playlist Top 100 plus écoutés [fusion]: HTTP Error 401: Unauthorized
2026-06-01 06:41:18,756 - ERROR - ❌ Erreur playlist À redécouvrir (45 titres) [fusion]: HTTP Error 401: Unauthorized
2026-06-01 06:41:18,757 - ERROR - ❌ Erreur playlist Soirée (106 titres) [fusion]: HTTP Error 401: Unauthorized
2026-06-01 06:41:18,758 - ERROR - ❌ Erreur playlist Relaxation (107 titres) [fusion]: HTTP Error 401: Unauthorized
2026-06-01 06:41:18,759 - ERROR - ❌ Erreur playlist Repas entre amis (120 titres) [fusion]: HTTP Error 401: Unauthorized
2026-06-01 06:41:18,760 - ERROR - ❌ Erreur playlist Mojito sunset (25 titres) [fusion]: HTTP Error 401: Unauthorized
2026-06-01 06:41:18,761 - ERROR - ❌ Erreur playlist Brunch weekend (100 titres) [fusion]: HTTP Error 401: Unauthorized
2026-06-01 06:41:18,762 - ERROR - ❌ Erreur playlist Lecture & focus (79 titres) [fusion]: HTTP Error 401: Unauthorized
2026-06-01 06:41:18,763 - ERROR - ❌ Erreur playlist Daily mix energie (120 titres) [fusion]: HTTP Error 401: Unauthorized
2026-06-01 06:41:18,764 - ERROR - ❌ Erreur playlist Daily mix night drive (120 titres) [fusion]: HTTP Error 401: Unauthorized
2026-06-01 06:41:18,765 - ERROR - ❌ Erreur playlist Mix humeur sensuel (100 titres) [fusion]: HTTP Error 401: Unauthorized
2026-06-01 06:41:18,767 - ERROR - ❌ Erreur playlist Mix humeur deep focus (140 titres) [fusion]: HTTP Error 401: Unauthorized
2026-06-01 06:41:18,771 - ERROR - ❌ Erreur playlist Terrasse chill (120 titres) [fusion]: HTTP Error 401: Unauthorized
2026-06-01 06:41:18,773 - ERROR - ❌ Erreur playlist Running (140 titres) [fusion]: HTTP Error 401: Unauthorized
2026-06-01 06:41:18,785 - ERROR - ❌ Erreur playlist ⭐ Stars 80 FR & US (21563 titres) [fusion]: HTTP Error 401: Unauthorized
2026-06-01 06:41:18,788 - ERROR - ❌ Erreur playlist Épique & Cinématique (500 titres) [fusion]: HTTP Error 401: Unauthorized
2026-06-01 06:41:18,790 - ERROR - ❌ Erreur playlist Dreamy & Éthéré (500 titres) [fusion]: HTTP Error 401: Unauthorized
2026-06-01 06:41:18,791 - ERROR - ❌ Erreur playlist Travail & Focus (500 titres) [fusion]: HTTP Error 401: Unauthorized
2026-06-01 06:41:18,792 - ERROR - ❌ Erreur playlist Vibes 60s (215 titres) [fusion]: HTTP Error 401: Unauthorized
2026-06-01 06:41:18,793 - ERROR - ❌ Erreur playlist Vibes 70s (196 titres) [fusion]: HTTP Error 401: Unauthorized
2026-06-01 06:41:18,794 - ERROR - ❌ Erreur playlist Vibes 90s (296 titres) [fusion]: HTTP Error 401: Unauthorized
2026-06-01 06:41:18,795 - ERROR - ❌ Erreur playlist Vibes 2000s (466 titres) [fusion]: HTTP Error 401: Unauthorized
2026-06-01 06:41:18,796 - ERROR - ❌ Erreur playlist Vibes 2010s (500 titres) [fusion]: HTTP Error 401: Unauthorized
2026-06-01 06:41:18,796 - INFO - 
🎉 0 playlists créées
2026-06-01 06:41:18,852 - ERROR - ❌ Impossible de lister les playlists: HTTP Error 401: Unauthorized

📊 RÉSUMÉ: 0 playlists
==================================================

  Total: 0 pistes (avec doublons inter-playlists)
