2026-06-01 09:17:31,582 - INFO - 🎨 Style posters chargé: /app/playlists/poster_style.spotify.json
2026-06-01 09:17:31,727 - INFO - 🎨 Génération des posters pour 156 playlists...
2026-06-01 09:17:34,453 - DEBUG -   🖼️ ❤️ Tracks
2026-06-01 09:17:36,465 - DEBUG -   🖼️ All Music
2026-06-01 09:17:38,497 - DEBUG -   🖼️ Fresh ❤️
2026-06-01 09:17:40,679 - DEBUG -   🖼️ Recently Added
2026-06-01 09:17:43,146 - DEBUG -   🖼️ Recently Played
2026-06-01 09:17:45,444 - DEBUG -   🖼️ ⭐ 1 étoiles (8 titres)
2026-06-01 09:17:47,539 - DEBUG -   🖼️ ⭐ 2 étoiles (1 titres) [fusion]
2026-06-01 09:17:50,011 - DEBUG -   🖼️ ⭐ 2 étoiles (9 titres)
2026-06-01 09:17:52,537 - DEBUG -   🖼️ ⭐ 3 étoiles (9 titres) [fusion]
2026-06-01 09:17:55,122 - DEBUG -   🖼️ ⭐ 3 étoiles (12 titres) [fusion]
2026-06-01 09:17:57,608 - DEBUG -   🖼️ ⭐ 3 étoiles (14 titres) [fusion]
2026-06-01 09:17:59,678 - DEBUG -   🖼️ ⭐ 4 étoiles (71 titres) [fusion]
2026-06-01 09:18:02,248 - DEBUG -   🖼️ ⭐ 4 étoiles (77 titres) [fusion]
2026-06-01 09:18:04,599 - DEBUG -   🖼️ ⭐ 4 étoiles (108 titres) [fusion]
2026-06-01 09:18:06,917 - DEBUG -   🖼️ ⭐ 5 étoiles (46 titres) [fusion]
2026-06-01 09:18:09,290 - DEBUG -   🖼️ ⭐ 5 étoiles (49 titres) [fusion]
2026-06-01 09:18:11,591 - DEBUG -   🖼️ ⭐ 5 étoiles (69 titres) [fusion]
2026-06-01 09:18:14,013 - DEBUG -   🖼️ ☀️ Mojito sunset
2026-06-01 09:18:16,341 - DEBUG -   🖼️ ⭐ Stars 80 FR & US (11124 titres) [fusion]
2026-06-01 09:18:18,664 - DEBUG -   🖼️ ⭐ Stars 80 FR & US (13416 titres) [fusion]
2026-06-01 09:18:20,992 - DEBUG -   🖼️ ☀️ SUMMER HITS 2000-2022🍹
2026-06-01 09:18:23,646 - DEBUG -   🖼️ 🏃 Brunch Dimanche
2026-06-01 09:18:25,847 - DEBUG -   🖼️ 🏃 Brunch weekend
2026-06-01 09:18:28,046 - DEBUG -   🖼️ 🏃 Running
2026-06-01 09:18:30,500 - DEBUG -   🖼️ 🏃 Running — Workout
2026-06-01 09:18:32,694 - DEBUG -   🖼️ À redécouvrir (31 titres)
2026-06-01 09:18:35,469 - DEBUG -   🖼️ À redécouvrir (49 titres) [fusion]
2026-06-01 09:18:37,742 - DEBUG -   🖼️ After Party (500 titres)
2026-06-01 09:18:40,728 - DEBUG -   🖼️ Albums pépites (105 titres)
2026-06-01 09:18:43,272 - DEBUG -   🖼️ Ambient & Drone (428 titres)
2026-06-01 09:18:45,649 - DEBUG -   🖼️ Anniversaire (451 titres)
2026-06-01 09:18:47,762 - DEBUG -   🖼️ Automne Doré (500 titres)
2026-06-01 09:18:51,349 - DEBUG -   🖼️ Brunch Dimanche (500 titres)
2026-06-01 09:18:54,011 - DEBUG -   🖼️ Brunch weekend (100 titres) [fusion]
2026-06-01 09:18:56,820 - DEBUG -   🖼️ Chill & Relax (500 titres)
2026-06-01 09:18:59,170 - DEBUG -   🖼️ Christmas & Fêtes (500 titres)
2026-06-01 09:19:01,863 - DEBUG -   🖼️ Classical & Orchestre (500 titres)
2026-06-01 09:19:04,298 - DEBUG -   🖼️ Conduite Auto (500 titres)
2026-06-01 09:19:06,447 - DEBUG -   🖼️ Country & Folk (500 titres)
2026-06-01 09:19:09,015 - DEBUG -   🖼️ Covers & Reprises (500 titres)
2026-06-01 09:19:11,465 - DEBUG -   🖼️ Crépuscule (500 titres)
2026-06-01 09:19:15,017 - DEBUG -   🖼️ Cuisine & Recette (500 titres)
2026-06-01 09:19:18,583 - DEBUG -   🖼️ Cuisine en rythme (94 titres)
2026-06-01 09:19:21,385 - DEBUG -   🖼️ Daily mix chill (120 titres)
2026-06-01 09:19:23,489 - DEBUG -   🖼️ Daily mix energie (120 titres) [fusion]
2026-06-01 09:19:26,182 - DEBUG -   🖼️ Daily mix night drive (120 titres) [fusion]
2026-06-01 09:19:28,261 - DEBUG -   🖼️ Dark & Intense (500 titres)
2026-06-01 09:19:31,621 - DEBUG -   🖼️ Dimanche reset (120 titres)
2026-06-01 09:19:34,144 - DEBUG -   🖼️ Dreamy & Éthéré (500 titres) [fusion]
2026-06-01 09:19:36,584 - DEBUG -   🖼️ Été & Soleil (500 titres)
2026-06-01 09:19:38,524 - DEBUG -   🖼️ Funk & Disco (5001 titres)
2026-06-01 09:19:40,668 - DEBUG -   🖼️ Génériques TV/Films (500 titres)
2026-06-01 09:19:42,811 - DEBUG -   🖼️ Hard Rock & Metal (382 titres)
2026-06-01 09:19:45,419 - DEBUG -   🖼️ Historical Top FR 1995 1995
2026-06-01 09:19:48,335 - DEBUG -   🖼️ Historical Top FR 1995 1995 (deduped)
2026-06-01 09:19:51,847 - DEBUG -   🖼️ Hiver & Cocooning (500 titres)
2026-06-01 09:19:54,491 - DEBUG -   🖼️ Indie & Alternatif (195 titres)
2026-06-01 09:19:56,946 - DEBUG -   🖼️ International essentiels (44 titres)
2026-06-01 09:20:00,154 - DEBUG -   🖼️ Jazz & Blues (500 titres)
2026-06-01 09:20:02,280 - DEBUG -   🖼️ Joie & Bonheur (500 titres)
2026-06-01 09:20:04,897 - DEBUG -   🖼️ K-Pop & J-Pop (57 titres)
2026-06-01 09:20:06,638 - DEBUG -   🖼️ Karaoké (199 titres)
2026-06-01 09:20:09,655 - DEBUG -   🖼️ Last.fm Rotation forte (350 titres)
2026-06-01 09:20:12,385 - DEBUG -   🖼️ Last.fm Rotation moyenne (350 titres)
2026-06-01 09:20:14,695 - DEBUG -   🖼️ Last.fm Top écoutes (300 titres)
2026-06-01 09:20:16,805 - DEBUG -   🖼️ Latin Vibes (500 titres)
2026-06-01 09:20:18,880 - DEBUG -   🖼️ Lecture & Détente (500 titres)
2026-06-01 09:20:21,403 - DEBUG -   🖼️ Lecture & focus (65 titres) [fusion]
2026-06-01 09:20:23,774 - DEBUG -   🖼️ Lecture & focus (73 titres) [fusion]
2026-06-01 09:20:26,251 - DEBUG -   🖼️ Lecture & focus (86 titres) [fusion]
2026-06-01 09:20:28,890 - DEBUG -   🖼️ Library Tracks
2026-06-01 09:20:31,397 - DEBUG -   🖼️ Liked Songs (Loved Tracks) (1659 titres)
2026-06-01 09:20:33,580 - DEBUG -   🖼️ Live & Concerts (500 titres)
2026-06-01 09:20:37,148 - DEBUG -   🖼️ Loved Tracks
2026-06-01 09:20:39,744 - DEBUG -   🖼️ Mariage (122 titres)
2026-06-01 09:20:41,542 - DEBUG -   🖼️ Mélancolie (500 titres)
2026-06-01 09:20:43,559 - DEBUG -   🖼️ Mes favoris (63 titres)
2026-06-01 09:20:45,514 - DEBUG -   🖼️ Mes titres Shazam ok (110 titres)
2026-06-01 09:20:47,859 - DEBUG -   🖼️ Mix énergique (50 titres)
2026-06-01 09:20:50,752 - DEBUG -   🖼️ Mix humeur deep focus (140 titres) [fusion]
2026-06-01 09:20:52,833 - DEBUG -   🖼️ Mix humeur happy (120 titres)
2026-06-01 09:20:55,289 - DEBUG -   🖼️ Mix humeur happy (120 titres) [fusion]
2026-06-01 09:20:58,616 - DEBUG -   🖼️ Mix humeur sad (120 titres)
2026-06-01 09:21:00,645 - DEBUG -   🖼️ Mix humeur sensuel (100 titres) [fusion]
2026-06-01 09:21:03,398 - DEBUG -   🖼️ Mix humeur sleep (140 titres)
2026-06-01 09:21:05,272 - DEBUG -   🖼️ Mojito sunset (66 titres)
2026-06-01 09:21:07,824 - DEBUG -   🖼️ Mojito sunset (242 titres)
2026-06-01 09:21:10,376 - DEBUG -   🖼️ Mystique & Spirituel (324 titres)
2026-06-01 09:21:12,432 - DEBUG -   🖼️ Nostalgie (500 titres)
2026-06-01 09:21:15,602 - DEBUG -   🖼️ Nuit calme (100 titres)
2026-06-01 09:21:17,702 - DEBUG -   🖼️ Nuit Profonde (500 titres)
2026-06-01 09:21:20,060 - DEBUG -   🖼️ Pluie & Mélancolie (500 titres)
2026-06-01 09:21:22,601 - DEBUG -   🖼️ Pluie du soir (44 titres)
2026-06-01 09:21:24,559 - DEBUG -   🖼️ Pool party (120 titres)
2026-06-01 09:21:27,271 - DEBUG -   🖼️ Pop FR (297 titres)
2026-06-01 09:21:29,245 - DEBUG -   🖼️ Printemps Frais (500 titres)
2026-06-01 09:21:31,987 - DEBUG -   🖼️ Printemps Frais (500 titres) [fusion]
2026-06-01 09:21:33,949 - DEBUG -   🖼️ Punk & Garage (210 titres)
2026-06-01 09:21:36,581 - DEBUG -   🖼️ Rage & Énergie (286 titres)
2026-06-01 09:21:38,976 - DEBUG -   🖼️ Rap & Hip-Hop (500 titres)
2026-06-01 09:21:40,875 - DEBUG -   🖼️ Recent Tracks
2026-06-01 09:21:43,055 - DEBUG -   🖼️ Reggae & Roots (500 titres)
2026-06-01 09:21:45,587 - DEBUG -   🖼️ Reggaeton & Urban (246 titres)
2026-06-01 09:21:47,776 - DEBUG -   🖼️ Relaxation (92 titres) [fusion]
2026-06-01 09:21:50,379 - DEBUG -   🖼️ Relaxation (120 titres) [fusion]
2026-06-01 09:21:53,562 - DEBUG -   🖼️ Remixes & Edits (500 titres)
2026-06-01 09:21:55,779 - DEBUG -   🖼️ Repas entre amis (120 titres) [fusion]
2026-06-01 09:21:58,317 - DEBUG -   🖼️ Réveil Doux (500 titres)
2026-06-01 09:22:00,525 - DEBUG -   🖼️ Road trip (120 titres) [fusion]
2026-06-01 09:22:03,061 - DEBUG -   🖼️ Rock Classique (296 titres)
2026-06-01 09:22:04,953 - DEBUG -   🖼️ Romantique (500 titres)
2026-06-01 09:22:07,089 - DEBUG -   🖼️ Running (140 titres) [fusion]
2026-06-01 09:22:09,448 - DEBUG -   🖼️ Running & Workout (3128 titres) [fusion]
2026-06-01 09:22:11,343 - DEBUG -   🖼️ Session massage tantrique (100 titres)
2026-06-01 09:22:13,501 - DEBUG -   🖼️ Soirée (75 titres) [fusion]
2026-06-01 09:22:15,763 - DEBUG -   🖼️ Soirée (82 titres) [fusion]
2026-06-01 09:22:18,471 - DEBUG -   🖼️ Soirée (110 titres) [fusion]
2026-06-01 09:22:20,641 - DEBUG -   🖼️ Soirée & Fête (500 titres)
2026-06-01 09:22:22,893 - DEBUG -   🖼️ SUMMER HITS 2000-2022 (5 titres)
2026-06-01 09:22:25,423 - DEBUG -   🖼️ SUMMER HITS 2000-2022🍹
2026-06-01 09:22:27,916 - DEBUG -   🖼️ Synthwave & Retrowave (23 titres)
2026-06-01 09:22:31,100 - DEBUG -   🖼️ Terrasse chill (120 titres)
2026-06-01 09:22:33,173 - DEBUG -   🖼️ Top 100 plus écoutés [fusion]
2026-06-01 09:22:35,343 - DEBUG -   🖼️ Top France (daily latest) (deduped)
2026-06-01 09:22:37,666 - DEBUG -   🖼️ Top France 80s
2026-06-01 09:22:39,843 - DEBUG -   🖼️ Top France 80s (deduped)
2026-06-01 09:22:42,444 - DEBUG -   🖼️ Top France 90s
2026-06-01 09:22:45,107 - DEBUG -   🖼️ Top France 90s (deduped)
2026-06-01 09:22:47,548 - DEBUG -   🖼️ Top France 2000s
2026-06-01 09:22:50,215 - DEBUG -   🖼️ Top France 2000s (deduped)
2026-06-01 09:22:53,274 - DEBUG -   🖼️ Top France spotify latest from headless (deduped)
2026-06-01 09:22:56,041 - DEBUG -   🖼️ Top Fun Radio (300 titres)
2026-06-01 09:22:58,058 - DEBUG -   🖼️ Top Rap 90s
2026-06-01 09:23:00,446 - DEBUG -   🖼️ Top Rap 90s (deduped)
2026-06-01 09:23:02,536 - DEBUG -   🖼️ Top Rap 2000s
2026-06-01 09:23:05,855 - DEBUG -   🖼️ Top Tracks (All Time)
2026-06-01 09:23:08,461 - DEBUG -   🖼️ Top Tracks (Last 3  months)
2026-06-01 09:23:10,853 - DEBUG -   🖼️ Top Tracks (Last 6  months)
2026-06-01 09:23:13,203 - DEBUG -   🖼️ Top Tracks (Last 7 days)
2026-06-01 09:23:15,306 - DEBUG -   🖼️ Top Tracks (Last 12  months)
2026-06-01 09:23:17,973 - DEBUG -   🖼️ Top Tracks (Last 30 days)
2026-06-01 09:23:20,222 - DEBUG -   🖼️ Travail & Focus (500 titres) [fusion]
2026-06-01 09:23:22,074 - DEBUG -   🖼️ Vibes 90s
2026-06-01 09:23:24,519 - DEBUG -   🖼️ Vibes 90s (298 titres) [fusion]
2026-06-01 09:23:26,464 - DEBUG -   🖼️ Vibes 90s (348 titres)
2026-06-01 09:23:28,598 - DEBUG -   🖼️ Vibes 2000s
2026-06-01 09:23:30,571 - DEBUG -   🖼️ Vibes 2000s (468 titres)
2026-06-01 09:23:33,029 - DEBUG -   🖼️ Vibes 2000s (474 titres) [fusion]
2026-06-01 09:23:35,248 - DEBUG -   🖼️ Vibes 2010s
2026-06-01 09:23:37,492 - DEBUG -   🖼️ Vibes 2010s (500 titres)
2026-06-01 09:23:40,257 - DEBUG -   🖼️ Vibes 2010s (500 titres) [fusion]
2026-06-01 09:23:42,388 - DEBUG -   🖼️ Voyage & Découverte (500 titres)
2026-06-01 09:23:45,394 - DEBUG -   🖼️ Weekly Track Chart
2026-06-01 09:23:48,099 - DEBUG -   🖼️ World vibes (49 titres)
2026-06-01 09:23:50,660 - DEBUG -   🖼️ Yoga (120 titres)
2026-06-01 09:23:52,850 - DEBUG -   🖼️ Yoga & Méditation (304 titres)
2026-06-01 09:23:52,850 - INFO - 🖼️ Posters: 156 appliqués, 0 échoués sur 156
