🎵 Pipeline 2★ Plex [SIMULATION]
   URL Plex : http://host.docker.internal:32400
   Étapes   : 1. songrec-rename -i → 2. beet import → → effacement rating 2★
============================================================

📚 Section «Musique» : 2 track(s) 2★

🔍 Total : 2 track(s) 2★ à traiter

[1/2] JULIEN DORÉ — Coco Caline (1)
  📄 /mnt/MyBook/Music/Julien Dore/Unknown Adorer (1991)/-- - Julien Dore - Unknown Adorer - Coco Caline (1).mp3.mp3
  🎵 songrec-rename -i …
  [sim] songrec audio-file-to-recognized-song '/mnt/MyBook/Music/Julien Dore/Unknown Adorer (1991)/-- - Julien Dore - Unknown Adorer - Coco Caline (1).mp3.mp3'
  [sim] fallback: mise à jour tags (artist/title) + renommage simple
  📚 beet import -q …
  [sim] beet import -q '/mnt/MyBook/Music/Julien Dore/Unknown Adorer (1991)/-- - Julien Dore - Unknown Adorer - Coco Caline (1).mp3.mp3'
  [sim] API Plex PUT /:/rate?key=2017370&rating=0
  ✅ OK
[2/2] Christophe Maé — Orange Coloured Liquid
  📄 /mnt/MyBook/Music/christophe maé/No. 1 Music Club 5∕1990 (2008)/05 - Christophe Maé - No. 1 Music Club 5∕1990 - Orange Coloured Liquid.mp3.mp3
  🎵 songrec-rename -i …
  [sim] songrec audio-file-to-recognized-song '/mnt/MyBook/Music/christophe maé/No. 1 Music Club 5∕1990 (2008)/05 - Christophe Maé - No. 1 Music Club 5∕1990 - Orange Coloured Liquid.mp3.mp3'
  [sim] fallback: mise à jour tags (artist/title) + renommage simple
  📚 beet import -q …
  [sim] beet import -q '/mnt/MyBook/Music/christophe maé/No. 1 Music Club 5∕1990 (2008)/05 - Christophe Maé - No. 1 Music Club 5∕1990 - Orange Coloured Liquid.mp3.mp3'
  [sim] API Plex PUT /:/rate?key=1842337&rating=0
  ✅ OK

============================================================
📊 Résultats du pipeline 2★ [SIMULATION]
   ✅ Traités avec succès : 2
   ❌ Erreurs             : 0
   ⏭️  Ignorés (pas de fichier) : 0
   ⏱️  Timeout songrec    : 120s
   ⏱️  Timeout beet       : 300s
