2026-06-01 06:36:47,242 - INFO - 🎨 Style posters chargé: /app/playlists/poster_style.default.json
2026-06-01 06:36:47,243 - INFO - 🎵 Génération des playlists automatiques PlexAmp
2026-06-01 06:36:53,511 - INFO - 📊 236509 pistes chargées (dédupliquées)
2026-06-01 06:37:37,033 - INFO - 📡 Last.fm: 5000 top tracks récupérés (overall)
2026-06-01 06:37:40,506 - INFO - 📻 Last.fm playlists: 3 créées (match Plex: 3679/5000)
2026-06-01 06:37:57,122 - INFO - ⭐ Stars 80: 21563 titres (known_80=0, unknown_year=21563, excluded_by_year=93)
2026-06-01 06:38:18,558 - INFO - 🧩 9 playlists personnalisées chargées depuis /app/playlists/manual_playlists.json
2026-06-01 06:38:18,559 - INFO - 🧹 Emojis retirés de 70 noms de playlists
2026-06-01 06:38:19,806 - INFO - 📋 ⭐ 1 étoiles (6 titres): 6 titres
2026-06-01 06:38:19,806 - INFO - 📋 International essentiels (39 titres): 39 titres
2026-06-01 06:38:19,806 - INFO - 📋 Mix énergique (50 titres): 50 titres
2026-06-01 06:38:19,806 - INFO - 📋 Nuit calme (100 titres): 100 titres
2026-06-01 06:38:19,806 - INFO - 📋 Cuisine en rythme (88 titres): 88 titres
2026-06-01 06:38:19,806 - INFO - 📋 World vibes (46 titres): 46 titres
2026-06-01 06:38:19,806 - INFO - 📋 Albums pépites (88 titres): 88 titres
2026-06-01 06:38:19,806 - INFO - 📋 Daily mix chill (120 titres): 120 titres
2026-06-01 06:38:19,806 - INFO - 📋 Mix humeur happy (120 titres): 120 titres
2026-06-01 06:38:19,806 - INFO - 📋 Mix humeur sad (120 titres): 120 titres
2026-06-01 06:38:19,806 - INFO - 📋 Mix humeur sleep (140 titres): 140 titres
2026-06-01 06:38:19,806 - INFO - 📋 Diner romantique (100 titres): 100 titres
2026-06-01 06:38:19,806 - INFO - 📋 Dimanche reset (120 titres): 120 titres
2026-06-01 06:38:19,806 - INFO - 📋 Pool party (120 titres): 120 titres
2026-06-01 06:38:19,806 - INFO - 📋 Yoga (120 titres): 120 titres
2026-06-01 06:38:19,806 - INFO - 📋 Session massage tantrique (100 titres): 100 titres
2026-06-01 06:38:19,806 - INFO - 📋 Last.fm Top écoutes (300 titres): 300 titres
2026-06-01 06:38:19,806 - INFO - 📋 Last.fm Rotation forte (350 titres): 350 titres
2026-06-01 06:38:19,807 - INFO - 📋 Last.fm Rotation moyenne (350 titres): 350 titres
2026-06-01 06:38:19,807 - INFO - 📋 Top Fun Radio (300 titres): 300 titres
2026-06-01 06:38:19,807 - INFO - 📋 Running & Workout (2589 titres): 2589 titres
2026-06-01 06:38:19,807 - INFO - 📋 Chill & Relax (500 titres): 500 titres
2026-06-01 06:38:19,807 - INFO - 📋 Rage & Énergie (274 titres): 274 titres
2026-06-01 06:38:19,807 - INFO - 📋 Mélancolie (500 titres): 500 titres
2026-06-01 06:38:19,807 - INFO - 📋 Romantique (500 titres): 500 titres
2026-06-01 06:38:19,807 - INFO - 📋 Joie & Bonheur (500 titres): 500 titres
2026-06-01 06:38:19,807 - INFO - 📋 Nostalgie (500 titres): 500 titres
2026-06-01 06:38:19,807 - INFO - 📋 Mystique & Spirituel (303 titres): 303 titres
2026-06-01 06:38:19,807 - INFO - 📋 Dark & Intense (500 titres): 500 titres
2026-06-01 06:38:19,807 - INFO - 📋 Soirée & Fête (500 titres): 500 titres
2026-06-01 06:38:19,807 - INFO - 📋 Apéro Chill (500 titres): 500 titres
2026-06-01 06:38:19,807 - INFO - 📋 Conduite Auto (500 titres): 500 titres
2026-06-01 06:38:19,807 - INFO - 📋 Voyage & Découverte (500 titres): 500 titres
2026-06-01 06:38:19,807 - INFO - 📋 Cuisine & Recette (500 titres): 500 titres
2026-06-01 06:38:19,807 - INFO - 📋 Yoga & Méditation (286 titres): 286 titres
2026-06-01 06:38:19,807 - INFO - 📋 Lecture & Détente (500 titres): 500 titres
2026-06-01 06:38:19,807 - INFO - 📋 Été & Soleil (500 titres): 500 titres
2026-06-01 06:38:19,807 - INFO - 📋 Hiver & Cocooning (500 titres): 500 titres
2026-06-01 06:38:19,807 - INFO - 📋 Printemps Frais (500 titres): 500 titres
2026-06-01 06:38:19,807 - INFO - 📋 Automne Doré (500 titres): 500 titres
2026-06-01 06:38:19,807 - INFO - 📋 Pluie & Mélancolie (500 titres): 500 titres
2026-06-01 06:38:19,807 - INFO - 📋 Réveil Doux (500 titres): 500 titres
2026-06-01 06:38:19,807 - INFO - 📋 Brunch Dimanche (500 titres): 500 titres
2026-06-01 06:38:19,807 - INFO - 📋 Crépuscule (464 titres): 464 titres
2026-06-01 06:38:19,807 - INFO - 📋 Nuit Profonde (500 titres): 500 titres
2026-06-01 06:38:19,807 - INFO - 📋 After Party (500 titres): 500 titres
2026-06-01 06:38:19,807 - INFO - 📋 Rap & Hip-Hop (500 titres): 500 titres
2026-06-01 06:38:19,807 - INFO - 📋 Rock Classique (279 titres): 279 titres
2026-06-01 06:38:19,807 - INFO - 📋 Hard Rock & Metal (363 titres): 363 titres
2026-06-01 06:38:19,807 - INFO - 📋 Punk & Garage (199 titres): 199 titres
2026-06-01 06:38:19,807 - INFO - 📋 Indie & Alternatif (184 titres): 184 titres
2026-06-01 06:38:19,808 - INFO - 📋 Pop FR (291 titres): 291 titres
2026-06-01 06:38:19,808 - INFO - 📋 Jazz & Blues (500 titres): 500 titres
2026-06-01 06:38:19,808 - INFO - 📋 Reggae & Roots (500 titres): 500 titres
2026-06-01 06:38:19,808 - INFO - 📋 Latin Vibes (500 titres): 500 titres
2026-06-01 06:38:19,808 - INFO - 📋 K-Pop & J-Pop (56 titres): 56 titres
2026-06-01 06:38:19,808 - INFO - 📋 Country & Folk (500 titres): 500 titres
2026-06-01 06:38:19,808 - INFO - 📋 Classical & Orchestre (500 titres): 500 titres
2026-06-01 06:38:19,808 - INFO - 📋 Synthwave & Retrowave (16 titres): 16 titres
2026-06-01 06:38:19,808 - INFO - 📋 Ambient & Drone (333 titres): 333 titres
2026-06-01 06:38:19,808 - INFO - 📋 Reggaeton & Urban (242 titres): 242 titres
2026-06-01 06:38:19,808 - INFO - 📋 Live & Concerts (500 titres): 500 titres
2026-06-01 06:38:19,808 - INFO - 📋 Acoustique (500 titres): 500 titres
2026-06-01 06:38:19,808 - INFO - 📋 Remixes & Edits (500 titres): 500 titres
2026-06-01 06:38:19,808 - INFO - 📋 Covers & Reprises (500 titres): 500 titres
2026-06-01 06:38:19,808 - INFO - 📋 Karaoké (195 titres): 195 titres
2026-06-01 06:38:19,808 - INFO - 📋 Génériques TV/Films (500 titres): 500 titres
2026-06-01 06:38:19,808 - INFO - 📋 Christmas & Fêtes (500 titres): 500 titres
2026-06-01 06:38:19,808 - INFO - 📋 Anniversaire (333 titres): 333 titres
2026-06-01 06:38:19,808 - INFO - 📋 Mariage (104 titres): 104 titres
2026-06-01 06:38:19,808 - INFO - 📋 SUMMER HITS 2000-2022 (5 titres): 5 titres
2026-06-01 06:38:19,808 - INFO - 📋 Mojito sunset (237 titres): 237 titres
2026-06-01 06:38:19,808 - INFO - 📋 Liked Songs (Loved Tracks) (1571 titres): 1571 titres
2026-06-01 06:38:19,808 - INFO - 📋 Mes titres Shazam ok (106 titres): 106 titres
2026-06-01 06:38:19,808 - INFO - 📋 ⭐ 5 étoiles (63 titres) [fusion]: 163 titres
2026-06-01 06:38:19,808 - INFO - 📋 ⭐ 4 étoiles (99 titres) [fusion]: 139 titres
2026-06-01 06:38:19,808 - INFO - 📋 ⭐ 3 étoiles (8 titres) [fusion]: 619 titres
2026-06-01 06:38:19,808 - INFO - 📋 Top 100 plus écoutés [fusion]: 100 titres
2026-06-01 06:38:19,808 - INFO - 📋 À redécouvrir (45 titres) [fusion]: 86 titres
2026-06-01 06:38:19,808 - INFO - 📋 Soirée (106 titres) [fusion]: 129 titres
2026-06-01 06:38:19,808 - INFO - 📋 Relaxation (107 titres) [fusion]: 126 titres
2026-06-01 06:38:19,808 - INFO - 📋 Repas entre amis (120 titres) [fusion]: 435 titres
2026-06-01 06:38:19,808 - INFO - 📋 Mojito sunset (25 titres) [fusion]: 59 titres
2026-06-01 06:38:19,808 - INFO - 📋 Brunch weekend (100 titres) [fusion]: 136 titres
2026-06-01 06:38:19,808 - INFO - 📋 Lecture & focus (79 titres) [fusion]: 133 titres
2026-06-01 06:38:19,808 - INFO - 📋 Daily mix energie (120 titres) [fusion]: 179 titres
2026-06-01 06:38:19,808 - INFO - 📋 Daily mix night drive (120 titres) [fusion]: 701 titres
2026-06-01 06:38:19,808 - INFO - 📋 Mix humeur sensuel (100 titres) [fusion]: 502 titres
2026-06-01 06:38:19,809 - INFO - 📋 Mix humeur deep focus (140 titres) [fusion]: 169 titres
2026-06-01 06:38:19,809 - INFO - 📋 Terrasse chill (120 titres) [fusion]: 4834 titres
2026-06-01 06:38:19,809 - INFO - 📋 Running (140 titres) [fusion]: 159 titres
2026-06-01 06:38:19,809 - INFO - 📋 ⭐ Stars 80 FR & US (21563 titres) [fusion]: 23426 titres
2026-06-01 06:38:19,809 - INFO - 📋 Épique & Cinématique (500 titres) [fusion]: 647 titres
2026-06-01 06:38:19,809 - INFO - 📋 Dreamy & Éthéré (500 titres) [fusion]: 646 titres
2026-06-01 06:38:19,809 - INFO - 📋 Travail & Focus (500 titres) [fusion]: 639 titres
2026-06-01 06:38:19,809 - INFO - 📋 Vibes 60s (215 titres) [fusion]: 216 titres
2026-06-01 06:38:19,809 - INFO - 📋 Vibes 70s (196 titres) [fusion]: 197 titres
2026-06-01 06:38:19,809 - INFO - 📋 Vibes 90s (296 titres) [fusion]: 302 titres
2026-06-01 06:38:19,809 - INFO - 📋 Vibes 2000s (466 titres) [fusion]: 475 titres
2026-06-01 06:38:19,809 - INFO - 📋 Vibes 2010s (500 titres) [fusion]: 507 titres
2026-06-01 06:38:19,809 - INFO - 
🎉 100 playlists simulées

📊 RÉSUMÉ: 100 playlists
==================================================
  ⭐ 1 étoiles (6 titres): 6 titres
  International essentiels (39 titres): 39 titres
  Mix énergique (50 titres): 50 titres
  Nuit calme (100 titres): 100 titres
  Cuisine en rythme (88 titres): 88 titres
  World vibes (46 titres): 46 titres
  Albums pépites (88 titres): 88 titres
  Daily mix chill (120 titres): 120 titres
  Mix humeur happy (120 titres): 120 titres
  Mix humeur sad (120 titres): 120 titres
  Mix humeur sleep (140 titres): 140 titres
  Diner romantique (100 titres): 100 titres
  Dimanche reset (120 titres): 120 titres
  Pool party (120 titres): 120 titres
  Yoga (120 titres): 120 titres
  Session massage tantrique (100 titres): 100 titres
  Last.fm Top écoutes (300 titres): 300 titres
  Last.fm Rotation forte (350 titres): 350 titres
  Last.fm Rotation moyenne (350 titres): 350 titres
  Top Fun Radio (300 titres): 300 titres
  Running & Workout (2589 titres): 2589 titres
  Chill & Relax (500 titres): 500 titres
  Rage & Énergie (274 titres): 274 titres
  Mélancolie (500 titres): 500 titres
  Romantique (500 titres): 500 titres
  Joie & Bonheur (500 titres): 500 titres
  Nostalgie (500 titres): 500 titres
  Mystique & Spirituel (303 titres): 303 titres
  Dark & Intense (500 titres): 500 titres
  Soirée & Fête (500 titres): 500 titres
  Apéro Chill (500 titres): 500 titres
  Conduite Auto (500 titres): 500 titres
  Voyage & Découverte (500 titres): 500 titres
  Cuisine & Recette (500 titres): 500 titres
  Yoga & Méditation (286 titres): 286 titres
  Lecture & Détente (500 titres): 500 titres
  Été & Soleil (500 titres): 500 titres
  Hiver & Cocooning (500 titres): 500 titres
  Printemps Frais (500 titres): 500 titres
  Automne Doré (500 titres): 500 titres
  Pluie & Mélancolie (500 titres): 500 titres
  Réveil Doux (500 titres): 500 titres
  Brunch Dimanche (500 titres): 500 titres
  Crépuscule (464 titres): 464 titres
  Nuit Profonde (500 titres): 500 titres
  After Party (500 titres): 500 titres
  Rap & Hip-Hop (500 titres): 500 titres
  Rock Classique (279 titres): 279 titres
  Hard Rock & Metal (363 titres): 363 titres
  Punk & Garage (199 titres): 199 titres
  Indie & Alternatif (184 titres): 184 titres
  Pop FR (291 titres): 291 titres
  Jazz & Blues (500 titres): 500 titres
  Reggae & Roots (500 titres): 500 titres
  Latin Vibes (500 titres): 500 titres
  K-Pop & J-Pop (56 titres): 56 titres
  Country & Folk (500 titres): 500 titres
  Classical & Orchestre (500 titres): 500 titres
  Synthwave & Retrowave (16 titres): 16 titres
  Ambient & Drone (333 titres): 333 titres
  Reggaeton & Urban (242 titres): 242 titres
  Live & Concerts (500 titres): 500 titres
  Acoustique (500 titres): 500 titres
  Remixes & Edits (500 titres): 500 titres
  Covers & Reprises (500 titres): 500 titres
  Karaoké (195 titres): 195 titres
  Génériques TV/Films (500 titres): 500 titres
  Christmas & Fêtes (500 titres): 500 titres
  Anniversaire (333 titres): 333 titres
  Mariage (104 titres): 104 titres
  SUMMER HITS 2000-2022 (5 titres): 5 titres
  Mojito sunset (237 titres): 237 titres
  Liked Songs (Loved Tracks) (1571 titres): 1571 titres
  Mes titres Shazam ok (106 titres): 106 titres
  ⭐ 5 étoiles (63 titres) [fusion]: 163 titres
  ⭐ 4 étoiles (99 titres) [fusion]: 139 titres
  ⭐ 3 étoiles (8 titres) [fusion]: 619 titres
  Top 100 plus écoutés [fusion]: 100 titres
  À redécouvrir (45 titres) [fusion]: 86 titres
  Soirée (106 titres) [fusion]: 129 titres
  Relaxation (107 titres) [fusion]: 126 titres
  Repas entre amis (120 titres) [fusion]: 435 titres
  Mojito sunset (25 titres) [fusion]: 59 titres
  Brunch weekend (100 titres) [fusion]: 136 titres
  Lecture & focus (79 titres) [fusion]: 133 titres
  Daily mix energie (120 titres) [fusion]: 179 titres
  Daily mix night drive (120 titres) [fusion]: 701 titres
  Mix humeur sensuel (100 titres) [fusion]: 502 titres
  Mix humeur deep focus (140 titres) [fusion]: 169 titres
  Terrasse chill (120 titres) [fusion]: 4834 titres
  Running (140 titres) [fusion]: 159 titres
  ⭐ Stars 80 FR & US (21563 titres) [fusion]: 23426 titres
  Épique & Cinématique (500 titres) [fusion]: 647 titres
  Dreamy & Éthéré (500 titres) [fusion]: 646 titres
  Travail & Focus (500 titres) [fusion]: 639 titres
  Vibes 60s (215 titres) [fusion]: 216 titres
  Vibes 70s (196 titres) [fusion]: 197 titres
  Vibes 90s (296 titres) [fusion]: 302 titres
  Vibes 2000s (466 titres) [fusion]: 475 titres
  Vibes 2010s (500 titres) [fusion]: 507 titres

  Total: 63431 pistes (avec doublons inter-playlists)
