Pipeline tagging — Mode: RÉEL

━━━━━━━━━━━━━━━━━━━━━━━━━━━━━━━━━━━━━━━━━━━━━━━━━━━━━━━━━━━━
📁 /music
━━━━━━━━━━━━━━━━━━━━━━━━━━━━━━━━━━━━━━━━━━━━━━━━━━━━━━━━━━━━

[0/3] Transcoding lossless→MP3 320k — 421 fichier(s) (.flac×419, .wav×2)
  ⚙ 01 Harrys Wondrous World.flac (29.6 Mo) → 01 Harrys Wondrous World.mp3
    ✅ 29.6 Mo → 12.1 Mo
  ⚙ 14 Harry Potter and the Prisoner of Azkaban Suite_ Mischief Managed _ A Window to the Past _ Buckbeaks Flight.flac (36.3 Mo) → 14 Harry Potter and the Prisoner of Azkaban Suite_ Mischief Managed _ A Window to the Past _ Buckbeaks Flight.mp3
    ✅ 36.3 Mo → 16.4 Mo
  ⚙ 15 Hedwigs Theme.flac (24.3 Mo) → 15 Hedwigs Theme.mp3
    ✅ 24.3 Mo → 11.7 Mo
  ⚙ 01 - Out in the Street.flac (12.8 Mo) → 01 - Out in the Street.mp3
    ✅ 12.8 Mo → 5.8 Mo
  ⚙ 02 - I Don't Mind.flac (13.9 Mo) → 02 - I Don't Mind.mp3
    ✅ 13.9 Mo → 6.0 Mo
  ⚙ 03 - The Good's Gone.flac (22.4 Mo) → 03 - The Good's Gone.mp3
    ✅ 22.4 Mo → 9.3 Mo
  ⚙ 04 - La La La Lies.flac (12.8 Mo) → 04 - La La La Lies.mp3
    ✅ 12.8 Mo → 5.2 Mo
  ⚙ 05 - Much Too Much.flac (16.2 Mo) → 05 - Much Too Much.mp3
    ✅ 16.2 Mo → 6.4 Mo
  ⚙ 06 - My Generation.flac (19.4 Mo) → 06 - My Generation.mp3
    ✅ 19.4 Mo → 7.6 Mo
  ⚙ 07 - The Kids Are Alright.flac (16.2 Mo) → 07 - The Kids Are Alright.mp3
    ✅ 16.2 Mo → 6.4 Mo
  ⚙ 08 - Please, Please, Please.flac (14.9 Mo) → 08 - Please, Please, Please.mp3
    ✅ 14.9 Mo → 6.3 Mo
  ⚙ 09 - It's Not True.flac (14.9 Mo) → 09 - It's Not True.mp3
    ✅ 14.9 Mo → 5.8 Mo
  ⚙ 10 - The Ox.flac (20.1 Mo) → 10 - The Ox.mp3
    ✅ 20.1 Mo → 8.8 Mo
  ⚙ 11 - A Legal Matter.flac (16.1 Mo) → 11 - A Legal Matter.mp3
    ✅ 16.1 Mo → 6.4 Mo
  ⚙ 12 - Instant Party (Circles).flac (16.8 Mo) → 12 - Instant Party (Circles).mp3
    ✅ 16.8 Mo → 7.4 Mo
  ⚙ 01 - New Year.flac (45.1 Mo) → 01 - New Year.mp3
    ✅ 45.1 Mo → 6.4 Mo
  ⚙ 02 - Cannonball.flac (80.6 Mo) → 02 - Cannonball.mp3
    ✅ 80.6 Mo → 10.1 Mo
  ⚙ 03 - Invisible Man.flac (63.0 Mo) → 03 - Invisible Man.mp3
    ✅ 63.0 Mo → 8.4 Mo
  ⚙ 04 - No Aloha.flac (47.1 Mo) → 04 - No Aloha.mp3
    ✅ 47.1 Mo → 6.8 Mo
  ⚙ 05 - Roi.flac (89.0 Mo) → 05 - Roi.mp3
    ✅ 89.0 Mo → 11.6 Mo
  ⚙ 06 - Do You Love Me Now.flac (65.6 Mo) → 06 - Do You Love Me Now.mp3
    ✅ 65.6 Mo → 8.9 Mo
  ⚙ 07 - Flipside.flac (49.2 Mo) → 07 - Flipside.mp3
    ✅ 49.2 Mo → 6.5 Mo
  ⚙ 08 - I Just Wanna Get Along.flac (40.4 Mo) → 08 - I Just Wanna Get Along.mp3
    ✅ 40.4 Mo → 6.0 Mo
  ⚠ 09 - Mad Lucas.flac → cible existe déjà, ignoré
  ⚙ 10 - Divine Hammer.flac (58.3 Mo) → 10 - Divine Hammer.mp3
    ✅ 58.3 Mo → 8.0 Mo
  ⚙ 11 - S.O.S..flac (36.3 Mo) → 11 - S.O.S..mp3
    ✅ 36.3 Mo → 5.6 Mo
  ⚙ 12 - Hag.flac (63.7 Mo) → 12 - Hag.mp3
    ✅ 63.7 Mo → 8.7 Mo
  ⚠ 13 - Saints.flac → cible existe déjà, ignoré
  ⚙ 14 - Drivin' on 9.flac (75.6 Mo) → 14 - Drivin' on 9.mp3
    ✅ 75.6 Mo → 9.7 Mo
  ⚠ 15 - Roi (reprise).flac → cible existe déjà, ignoré
  ⚠ 16 - Go Man Go.flac → cible existe déjà, ignoré
  ⚙ 17 - Divine Mascis.flac (64.5 Mo) → 17 - Divine Mascis.mp3
    ✅ 64.5 Mo → 8.8 Mo
  ⚠ 01 - Tranceport.flac → cible existe déjà, ignoré
  ⚙ 02 - Mr. Handy Man.flac (35.5 Mo) → 02 - Mr. Handy Man.mp3
    ✅ 35.5 Mo → 13.3 Mo
  ⚠ 03 - Inside Out.flac → cible existe déjà, ignoré
  ⚙ 05 - Isar Valley Crocodile.flac (25.1 Mo) → 05 - Isar Valley Crocodile.mp3
    ✅ 25.1 Mo → 9.1 Mo
  ⚠ 07 - Lucky Loser.flac → cible existe déjà, ignoré
  ⚙ 08 - Wanderlust.flac (26.0 Mo) → 08 - Wanderlust.mp3
    ✅ 26.0 Mo → 10.1 Mo
  ⚠ 01. Intro.flac → cible existe déjà, ignoré
  ⚙ 02. Problem.flac (23.4 Mo) → 02. Problem.mp3
    ✅ 23.4 Mo → 7.7 Mo
  ⚠ 03. One Last Time.flac → cible existe déjà, ignoré
  ⚙ 04. Why Try.flac (26.0 Mo) → 04. Why Try.mp3
    ✅ 26.0 Mo → 8.4 Mo
  ⚠ 05. Break Free.flac → cible existe déjà, ignoré
  ⚙ 06. Best Mistake.flac (23.2 Mo) → 06. Best Mistake.mp3
    ✅ 23.2 Mo → 9.2 Mo
  ⚠ 07. Be My Baby.flac → cible existe déjà, ignoré
  ⚙ 08. Break Your Heart Right Back.flac (30.3 Mo) → 08. Break Your Heart Right Back.mp3
    ✅ 30.3 Mo → 10.0 Mo
  ⚠ 09. Love Me Harder.flac → cible existe déjà, ignoré
  ⚙ 10. Just A Little Bit Of Your Heart.flac (26.4 Mo) → 10. Just A Little Bit Of Your Heart.mp3
    ✅ 26.4 Mo → 9.2 Mo
  ⚠ 11. Hands On Me.flac → cible existe déjà, ignoré
  ⚠ 12. My Everything.flac → cible existe déjà, ignoré
  ⚙ 13. Bang Bang.flac (25.1 Mo) → 13. Bang Bang.mp3
    ✅ 25.1 Mo → 7.9 Mo
  ⚠ 14. Only 1.flac → cible existe déjà, ignoré
  ⚙ 15. You Don't Know Me.flac (28.5 Mo) → 15. You Don't Know Me.mp3
    ✅ 28.5 Mo → 9.2 Mo
  ⚠ 04. Infra-Red.flac → cible existe déjà, ignoré
  ⚠ 01 - Welcome To The Working Week.flac → cible existe déjà, ignoré
  ⚠ 03 - Maybe It's You.flac → cible existe déjà, ignoré
  ⚙ 01. Desafinado.flac (221.8 Mo) → 01. Desafinado.mp3
    ✅ 221.8 Mo → 13.9 Mo
  ⚠ 02. Samba Dees Days.flac → cible existe déjà, ignoré
  ⚠ 03. O Pato.flac → cible existe déjà, ignoré
  ⚙ 04. Samba Triste.flac (176.8 Mo) → 04. Samba Triste.mp3
    ✅ 176.8 Mo → 11.6 Mo
  ⚠ 05. Samba De Uma Nota So.flac → cible existe déjà, ignoré
  ⚙ 06. E Luxo So.flac (138.5 Mo) → 06. E Luxo So.mp3
    ✅ 138.5 Mo → 9.1 Mo
  ⚠ 07. Baia.flac → cible existe déjà, ignoré
  ⚙ 09 - Brother Where Are You.flac (23.4 Mo) → 09 - Brother Where Are You.mp3
    ✅ 23.4 Mo → 10.0 Mo
  ⚙ 13 - Brother Where Are You.flac (31.4 Mo) → 13 - Brother Where Are You.mp3
    ✅ 31.4 Mo → 13.2 Mo
  ⚠ 07 - Françoise Hardy - Just Call And I'll Be There.wav → cible existe déjà, ignoré
  ⚙ (01) [Stevie Wonder] My Cehrie Amour.flac (17.4 Mo) → (01) [Stevie Wonder] My Cehrie Amour.mp3
    ✅ 17.4 Mo → 6.6 Mo
  ⚠ 01 - Lady of the Night.flac → cible existe déjà, ignoré
  ⚙ 02 - Born to Die.flac (23.2 Mo) → 02 - Born to Die.mp3
    ✅ 23.2 Mo → 8.5 Mo
  ⚠ 03 - Friends.flac → cible existe déjà, ignoré
  ⚙ 04 - Domino.flac (22.8 Mo) → 04 - Domino.mp3
    ✅ 22.8 Mo → 8.2 Mo
  ⚠ 05 - The Hostage.flac → cible existe déjà, ignoré
  ⚙ 06 - Wounded.flac (19.7 Mo) → 06 - Wounded.mp3
    ✅ 19.7 Mo → 7.0 Mo
  ⚠ 07 - Little Miss Fit.flac → cible existe déjà, ignoré
  ⚙ 08 - Let’s Work Together Now.flac (27.2 Mo) → 08 - Let’s Work Together Now.mp3
    ✅ 27.2 Mo → 9.7 Mo
  ⚠ 09 - Sing Along (Sad Song).flac → cible existe déjà, ignoré
  ⚙ 01 - Un peu menteur.flac (23.5 Mo) → 01 - Un peu menteur.mp3
    ✅ 23.5 Mo → 9.6 Mo
  ⚠ 02 - Ici repose.flac → cible existe déjà, ignoré
  ⚙ 03 - Le heros dechire.flac (22.0 Mo) → 03 - Le heros dechire.mp3
    ✅ 22.0 Mo → 8.9 Mo
  ⚠ 04 - Histoire de vous plaire.flac → cible existe déjà, ignoré
  ⚙ 05 - Le beau bizarre.flac (21.9 Mo) → 05 - Le beau bizarre.mp3
    ✅ 21.9 Mo → 9.4 Mo
  ⚠ 06 - Saute du scooter.flac → cible existe déjà, ignoré
  ⚙ 07 - Le grand couteau.flac (13.6 Mo) → 07 - Le grand couteau.mp3
    ✅ 13.6 Mo → 6.7 Mo
  ⚠ 08 - Ce mec lou.flac → cible existe déjà, ignoré
  ⚙ 09 - Il faut oser le faire.flac (14.8 Mo) → 09 - Il faut oser le faire.mp3
    ✅ 14.8 Mo → 6.2 Mo
  ⚠ 01. Mr. Wiggles.flac → cible existe déjà, ignoré
  ⚙ 02. Rumpofsteelskin.flac (215.1 Mo) → 02. Rumpofsteelskin.mp3
    ✅ 215.1 Mo → 12.7 Mo
  ⚙ 03. (You're A Fish And I'm A) Water Sign.flac (181.7 Mo) → 03. (You're A Fish And I'm A) Water Sign.mp3
    ✅ 181.7 Mo → 10.7 Mo
  ⚠ 04. Aquaboogie (A Psychoalphadiscobetabioaquadoloop).flac → cible existe déjà, ignoré
  ⚙ 05. One Of Those Funky Thangs.flac (151.0 Mo) → 05. One Of Those Funky Thangs.mp3
    ✅ 151.0 Mo → 8.6 Mo
  ⚠ 06. Liquid Sunshine.flac → cible existe déjà, ignoré
  ⚙ 07. The Motor-Booty Affair.flac (205.5 Mo) → 07. The Motor-Booty Affair.mp3
    ✅ 205.5 Mo → 12.0 Mo
  ⚠ 08. Deep.flac → cible existe déjà, ignoré
  ⚙ 01 - La Voix du bon Dieu.flac (19.9 Mo) → 01 - La Voix du bon Dieu.mp3
    ✅ 19.9 Mo → 8.1 Mo
  ⚙ 02 - Au secours.flac (21.5 Mo) → 02 - Au secours.mp3
    ✅ 21.5 Mo → 8.6 Mo
  ⚙ 03 - L’amour viendra.flac (26.4 Mo) → 03 - L’amour viendra.mp3
    ✅ 26.4 Mo → 10.5 Mo
  ⚙ 04 - Autour de moi.flac (19.5 Mo) → 04 - Autour de moi.mp3
    ✅ 19.5 Mo → 7.4 Mo
  ⚙ 05 - Grand maman.flac (23.5 Mo) → 05 - Grand maman.mp3
    ✅ 23.5 Mo → 9.0 Mo
  ⚙ 06 - Ce n’était qu’un rêve.flac (25.4 Mo) → 06 - Ce n’était qu’un rêve.mp3
