'musicbrainz.enabled' configuration option is deprecated and will be removed in version 3.0.0. Use 'plugins' configuration to explicitly add 'musicbrainz' instead.
** error loading plugin chroma
Traceback (most recent call last):
  File "/usr/local/lib/python3.12/site-packages/beets/plugins.py", line 455, in _get_plugin
    namespace = import_module(f"{PLUGIN_NAMESPACE}.{name}")
                ^^^^^^^^^^^^^^^^^^^^^^^^^^^^^^^^^^^^^^^^^^^
  File "/usr/local/lib/python3.12/importlib/__init__.py", line 90, in import_module
    return _bootstrap._gcd_import(name[level:], package, level)
           ^^^^^^^^^^^^^^^^^^^^^^^^^^^^^^^^^^^^^^^^^^^^^^^^^^^^
  File "<frozen importlib._bootstrap>", line 1387, in _gcd_import
  File "<frozen importlib._bootstrap>", line 1360, in _find_and_load
  File "<frozen importlib._bootstrap>", line 1331, in _find_and_load_unlocked
  File "<frozen importlib._bootstrap>", line 935, in _load_unlocked
  File "<frozen importlib._bootstrap_external>", line 999, in exec_module
  File "<frozen importlib._bootstrap>", line 488, in _call_with_frames_removed
  File "/usr/local/lib/python3.12/site-packages/beetsplug/chroma.py", line 27, in <module>
    import acoustid
ModuleNotFoundError: No module named 'acoustid'

The above exception was the direct cause of the following exception:

Traceback (most recent call last):
  File "/usr/local/lib/python3.12/site-packages/beets/plugins.py", line 457, in _get_plugin
    raise PluginImportError(name) from exc
beets.plugins.PluginImportError: Could not import plugin chroma
** error loading plugin lastgenre
Traceback (most recent call last):
  File "/usr/local/lib/python3.12/site-packages/beets/plugins.py", line 455, in _get_plugin
    namespace = import_module(f"{PLUGIN_NAMESPACE}.{name}")
                ^^^^^^^^^^^^^^^^^^^^^^^^^^^^^^^^^^^^^^^^^^^
  File "/usr/local/lib/python3.12/importlib/__init__.py", line 90, in import_module
    return _bootstrap._gcd_import(name[level:], package, level)
           ^^^^^^^^^^^^^^^^^^^^^^^^^^^^^^^^^^^^^^^^^^^^^^^^^^^^
  File "<frozen importlib._bootstrap>", line 1387, in _gcd_import
  File "<frozen importlib._bootstrap>", line 1360, in _find_and_load
  File "<frozen importlib._bootstrap>", line 1331, in _find_and_load_unlocked
  File "<frozen importlib._bootstrap>", line 935, in _load_unlocked
  File "<frozen importlib._bootstrap_external>", line 999, in exec_module
  File "<frozen importlib._bootstrap>", line 488, in _call_with_frames_removed
  File "/usr/local/lib/python3.12/site-packages/beetsplug/lastgenre/__init__.py", line 42, in <module>
    from .client import LastFmClient
  File "/usr/local/lib/python3.12/site-packages/beetsplug/lastgenre/client.py", line 24, in <module>
    import pylast
ModuleNotFoundError: No module named 'pylast'

The above exception was the direct cause of the following exception:

Traceback (most recent call last):
  File "/usr/local/lib/python3.12/site-packages/beets/plugins.py", line 457, in _get_plugin
    raise PluginImportError(name) from exc
beets.plugins.PluginImportError: Could not import plugin lastgenre
** error loading plugin lyrics
Traceback (most recent call last):
  File "/usr/local/lib/python3.12/site-packages/beets/plugins.py", line 455, in _get_plugin
    namespace = import_module(f"{PLUGIN_NAMESPACE}.{name}")
                ^^^^^^^^^^^^^^^^^^^^^^^^^^^^^^^^^^^^^^^^^^^
  File "/usr/local/lib/python3.12/importlib/__init__.py", line 90, in import_module
    return _bootstrap._gcd_import(name[level:], package, level)
           ^^^^^^^^^^^^^^^^^^^^^^^^^^^^^^^^^^^^^^^^^^^^^^^^^^^^
  File "<frozen importlib._bootstrap>", line 1387, in _gcd_import
  File "<frozen importlib._bootstrap>", line 1360, in _find_and_load
  File "<frozen importlib._bootstrap>", line 1331, in _find_and_load_unlocked
  File "<frozen importlib._bootstrap>", line 935, in _load_unlocked
  File "<frozen importlib._bootstrap_external>", line 999, in exec_module
  File "<frozen importlib._bootstrap>", line 488, in _call_with_frames_removed
  File "/usr/local/lib/python3.12/site-packages/beetsplug/lyrics.py", line 33, in <module>
    from bs4 import BeautifulSoup
ModuleNotFoundError: No module named 'bs4'

The above exception was the direct cause of the following exception:

Traceback (most recent call last):
  File "/usr/local/lib/python3.12/site-packages/beets/plugins.py", line 457, in _get_plugin
    raise PluginImportError(name) from exc
beets.plugins.PluginImportError: Could not import plugin lyrics
** error loading plugin discogs
Traceback (most recent call last):
  File "/usr/local/lib/python3.12/site-packages/beets/plugins.py", line 455, in _get_plugin
    namespace = import_module(f"{PLUGIN_NAMESPACE}.{name}")
                ^^^^^^^^^^^^^^^^^^^^^^^^^^^^^^^^^^^^^^^^^^^
  File "/usr/local/lib/python3.12/importlib/__init__.py", line 90, in import_module
    return _bootstrap._gcd_import(name[level:], package, level)
           ^^^^^^^^^^^^^^^^^^^^^^^^^^^^^^^^^^^^^^^^^^^^^^^^^^^^
  File "<frozen importlib._bootstrap>", line 1387, in _gcd_import
  File "<frozen importlib._bootstrap>", line 1360, in _find_and_load
  File "<frozen importlib._bootstrap>", line 1331, in _find_and_load_unlocked
  File "<frozen importlib._bootstrap>", line 935, in _load_unlocked
  File "<frozen importlib._bootstrap_external>", line 999, in exec_module
  File "<frozen importlib._bootstrap>", line 488, in _call_with_frames_removed
  File "/usr/local/lib/python3.12/site-packages/beetsplug/discogs/__init__.py", line 33, in <module>
    from discogs_client import Client, Master, Release
ModuleNotFoundError: No module named 'discogs_client'

The above exception was the direct cause of the following exception:

Traceback (most recent call last):
  File "/usr/local/lib/python3.12/site-packages/beets/plugins.py", line 457, in _get_plugin
    raise PluginImportError(name) from exc
beets.plugins.PluginImportError: Could not import plugin discogs
