2026-06-14 08:44:42,530 - INFO - 🎨 Style posters chargé: /app/playlists/poster_style.random.json
2026-06-14 08:44:42,677 - INFO - 🎨 Génération des posters pour 173 playlists (rotation active)...
2026-06-14 08:44:43,774 - DEBUG -   🖼️ ❤️ Tracks
2026-06-14 08:44:45,687 - DEBUG -   🖼️ All Music
2026-06-14 08:44:47,175 - DEBUG -   🖼️ Fresh ❤️
2026-06-14 08:44:47,943 - DEBUG -   🖼️ Recently Added
2026-06-14 08:44:48,742 - DEBUG -   🖼️ Recently Played
2026-06-14 08:44:49,615 - DEBUG -   🖼️ ⭐ 1 étoiles (7 titres)
2026-06-14 08:44:50,535 - DEBUG -   🖼️ ⭐ 2 étoiles (4 titres)
2026-06-14 08:44:51,303 - DEBUG -   🖼️ ⭐ 3 étoiles (10 titres)
2026-06-14 08:44:51,955 - DEBUG -   🖼️ ⭐ 4 étoiles (109 titres)
2026-06-14 08:44:52,830 - DEBUG -   🖼️ ⭐ 5 étoiles (97 titres)
2026-06-14 08:44:53,664 - DEBUG -   🖼️ ⭐ Stars 80 FR & US (21497 titres) [fusion]
2026-06-14 08:44:54,542 - DEBUG -   🖼️ À redécouvrir (62 titres)
2026-06-14 08:44:56,669 - DEBUG -   🖼️ Acoustique (500 titres)
2026-06-14 08:44:57,481 - DEBUG -   🖼️ After Party (500 titres)
2026-06-14 08:44:58,555 - DEBUG -   🖼️ Afterwork chill (120 titres)
2026-06-14 08:44:59,539 - DEBUG -   🖼️ Albums pépites (108 titres)
2026-06-14 08:45:00,230 - DEBUG -   🖼️ Ambient & Drone (276 titres)
2026-06-14 08:45:01,259 - DEBUG -   🖼️ Apéro Chill (500 titres)
2026-06-14 08:45:02,075 - DEBUG -   🖼️ Automne Doré (500 titres)
2026-06-14 08:45:03,390 - DEBUG -   🖼️ Bandes Originales (500 titres)
2026-06-14 08:45:04,697 - DEBUG -   🖼️ Before going out (100 titres)
2026-06-14 08:45:06,112 - DEBUG -   🖼️ Brunch & Repas (500 titres)
2026-06-14 08:45:06,687 - DEBUG -   🖼️ Brunch Dimanche (500 titres)
2026-06-14 08:45:07,769 - DEBUG -   🖼️ Brunch weekend (100 titres)
2026-06-14 08:45:08,818 - DEBUG -   🖼️ Bureau sans stress (120 titres)
2026-06-14 08:45:09,620 - DEBUG -   🖼️ Chanson Française (396 titres)
2026-06-14 08:45:10,646 - DEBUG -   🖼️ Chill & Relax (500 titres)
2026-06-14 08:45:11,687 - DEBUG -   🖼️ Christmas & Fêtes (500 titres)
2026-06-14 08:45:12,578 - DEBUG -   🖼️ Classical & Orchestre (500 titres)
2026-06-14 08:45:13,540 - DEBUG -   🖼️ Conduite Auto (500 titres)
2026-06-14 08:45:14,351 - DEBUG -   🖼️ Country & Folk (500 titres)
2026-06-14 08:45:15,470 - DEBUG -   🖼️ Covers & Reprises (500 titres)
2026-06-14 08:45:16,372 - DEBUG -   🖼️ Crépuscule (500 titres)
2026-06-14 08:45:17,285 - DEBUG -   🖼️ Cuisine & Recette (500 titres)
2026-06-14 08:45:18,317 - DEBUG -   🖼️ Cuisine en rythme (82 titres)
2026-06-14 08:45:19,310 - DEBUG -   🖼️ Daily mix chill (120 titres)
2026-06-14 08:45:20,248 - DEBUG -   🖼️ Daily mix energie (120 titres)
2026-06-14 08:45:20,957 - DEBUG -   🖼️ Daily mix night drive (120 titres)
2026-06-14 08:45:22,126 - DEBUG -   🖼️ Dancefloor rétro (29 titres)
2026-06-14 08:45:23,310 - DEBUG -   🖼️ Dark & Intense (500 titres)
2026-06-14 08:45:23,676 - DEBUG -   🖼️ Découvertes (2) (4 titres)
2026-06-14 08:45:24,613 - DEBUG -   🖼️ Découvertes de la semaine (112 titres)
2026-06-14 08:45:25,385 - DEBUG -   🖼️ Deep cuts favoris (100 titres)
2026-06-14 08:45:26,489 - DEBUG -   🖼️ Deep work sans parole (140 titres)
2026-06-14 08:45:27,175 - DEBUG -   🖼️ Dimanche reset (120 titres)
2026-06-14 08:45:28,431 - DEBUG -   🖼️ Diner romantique (100 titres)
2026-06-14 08:45:29,529 - DEBUG -   🖼️ Diversité intelligente (120 titres)
2026-06-14 08:45:30,234 - DEBUG -   🖼️ Douche énergique (80 titres)
2026-06-14 08:45:31,009 - DEBUG -   🖼️ Dreamy & Éthéré (500 titres)
2026-06-14 08:45:31,970 - DEBUG -   🖼️ Electronic & Techno (500 titres)
2026-06-14 08:45:32,737 - DEBUG -   🖼️ Épique & Cinématique (500 titres)
2026-06-14 08:45:33,607 - DEBUG -   🖼️ Été & Soleil (500 titres)
2026-06-14 08:45:34,818 - DEBUG -   🖼️ Evasion urbaine (120 titres)
2026-06-14 08:45:35,546 - DEBUG -   🖼️ Fête (108 titres)
2026-06-14 08:45:36,462 - DEBUG -   🖼️ Funk & Disco (5058 titres) [fusion]
2026-06-14 08:45:37,581 - DEBUG -   🖼️ Funk & Soul (500 titres)
2026-06-14 08:45:38,590 - DEBUG -   🖼️ Gaming focus (130 titres)
2026-06-14 08:45:39,856 - DEBUG -   🖼️ Gaming Session (500 titres)
2026-06-14 08:45:40,658 - DEBUG -   🖼️ Génériques TV/Films (500 titres)
2026-06-14 08:45:41,467 - DEBUG -   🖼️ Golden hour (33 titres)
2026-06-14 08:45:42,476 - DEBUG -   🖼️ Guilty Pleasures (818 titres)
2026-06-14 08:45:43,580 - DEBUG -   🖼️ Hard Rock & Metal (379 titres)
2026-06-14 08:45:45,316 - DEBUG -   🖼️ Historical Top FR 1995 1995
2026-06-14 08:45:47,009 - DEBUG -   🖼️ Historical Top FR 1995 1995 (deduped)
2026-06-14 08:45:47,740 - DEBUG -   🖼️ Hits sans pause (140 titres)
2026-06-14 08:45:48,556 - DEBUG -   🖼️ Hiver & Cocooning (500 titres)
2026-06-14 08:45:49,519 - DEBUG -   🖼️ Indie & Alternatif (183 titres)
2026-06-14 08:45:50,567 - DEBUG -   🖼️ Instrumentaux (500 titres)
2026-06-14 08:45:51,407 - DEBUG -   🖼️ International essentiels (33 titres)
2026-06-14 08:45:52,239 - DEBUG -   🖼️ Jazz & Blues (500 titres)
2026-06-14 08:45:52,844 - DEBUG -   🖼️ Joie & Bonheur (500 titres)
2026-06-14 08:45:53,707 - DEBUG -   🖼️ K-Pop & J-Pop (67 titres)
2026-06-14 08:45:54,519 - DEBUG -   🖼️ Karaoke entre amis (120 titres)
2026-06-14 08:45:55,646 - DEBUG -   🖼️ Last.fm Rotation forte (350 titres)
2026-06-14 08:45:56,781 - DEBUG -   🖼️ Last.fm Rotation moyenne (350 titres)
2026-06-14 08:45:59,046 - DEBUG -   🖼️ Last.fm Top écoutes (300 titres)
2026-06-14 08:45:59,936 - DEBUG -   🖼️ Late night electronic (110 titres)
2026-06-14 08:46:00,638 - DEBUG -   🖼️ Latin Vibes (500 titres)
2026-06-14 08:46:01,346 - DEBUG -   🖼️ Lecture & Détente (500 titres)
2026-06-14 08:46:02,053 - DEBUG -   🖼️ Lecture & focus (78 titres)
2026-06-14 08:46:03,083 - DEBUG -   🖼️ Library Tracks
2026-06-14 08:46:04,154 - DEBUG -   🖼️ Liked Songs (Loved Tracks) (1354 titres)
2026-06-14 08:46:05,357 - DEBUG -   🖼️ Live & Concerts (500 titres)
2026-06-14 08:46:06,647 - DEBUG -   🖼️ Loved Tracks
2026-06-14 08:46:07,662 - DEBUG -   🖼️ Marche active (120 titres)
2026-06-14 08:46:08,841 - DEBUG -   🖼️ Mariage (110 titres)
2026-06-14 08:46:09,577 - DEBUG -   🖼️ Matin good vibes (100 titres)
2026-06-14 08:46:10,083 - DEBUG -   🖼️ Mélancolie (500 titres)
2026-06-14 08:46:11,359 - DEBUG -   🖼️ Ménage boost (120 titres)
2026-06-14 08:46:12,246 - DEBUG -   🖼️ Mes favoris (103 titres)
2026-06-14 08:46:13,307 - DEBUG -   🖼️ Mes titres Shazam ok (97 titres)
2026-06-14 08:46:14,459 - DEBUG -   🖼️ Mix concentration (44 titres)
2026-06-14 08:46:16,023 - DEBUG -   🖼️ Mix énergique (50 titres)
2026-06-14 08:46:17,204 - DEBUG -   🖼️ Mix humeur deep focus (140 titres)
2026-06-14 08:46:17,849 - DEBUG -   🖼️ Mix humeur happy (120 titres)
2026-06-14 08:46:18,951 - DEBUG -   🖼️ Mix humeur intense (120 titres)
2026-06-14 08:46:20,114 - DEBUG -   🖼️ Mix humeur sad (120 titres)
2026-06-14 08:46:20,827 - DEBUG -   🖼️ Mix humeur sensuel (100 titres)
2026-06-14 08:46:21,820 - DEBUG -   🖼️ Mix humeur sleep (140 titres)
2026-06-14 08:46:22,652 - DEBUG -   🖼️ Mojito sunset (57 titres)
2026-06-14 08:46:23,417 - DEBUG -   🖼️ Mystique & Spirituel (334 titres)
2026-06-14 08:46:24,323 - DEBUG -   🖼️ Nostalgie (500 titres)
2026-06-14 08:46:24,851 - DEBUG -   🖼️ Nuit calme (100 titres)
2026-06-14 08:46:25,789 - DEBUG -   🖼️ Nuit Profonde (500 titres)
2026-06-14 08:46:26,753 - DEBUG -   🖼️ Pluie & Mélancolie (500 titres)
2026-06-14 08:46:27,963 - DEBUG -   🖼️ Pluie du soir (31 titres)
2026-06-14 08:46:29,135 - DEBUG -   🖼️ Pool party (120 titres)
2026-06-14 08:46:29,704 - DEBUG -   🖼️ Pop FR (296 titres)
2026-06-14 08:46:30,411 - DEBUG -   🖼️ Pop US/UK (500 titres)
2026-06-14 08:46:31,030 - DEBUG -   🖼️ Printemps Frais (500 titres)
2026-06-14 08:46:32,083 - DEBUG -   🖼️ Punk & Garage (194 titres)
2026-06-14 08:46:32,960 - DEBUG -   🖼️ Rage & Énergie (296 titres)
2026-06-14 08:46:34,008 - DEBUG -   🖼️ Rap & Hip-Hop (500 titres)
2026-06-14 08:46:34,801 - DEBUG -   🖼️ Rebond oublié (100 titres)
2026-06-14 08:46:35,783 - DEBUG -   🖼️ Recent Tracks
2026-06-14 08:46:36,651 - DEBUG -   🖼️ Redécouvertes notées (80 titres)
2026-06-14 08:46:37,504 - DEBUG -   🖼️ Reggae & Roots (500 titres)
2026-06-14 08:46:38,521 - DEBUG -   🖼️ Reggaeton & Urban (247 titres)
2026-06-14 08:46:39,457 - DEBUG -   🖼️ Relaxation (92 titres)
2026-06-14 08:46:40,178 - DEBUG -   🖼️ Remixes & Edits (500 titres)
2026-06-14 08:46:41,030 - DEBUG -   🖼️ Repas entre amis (120 titres)
2026-06-14 08:46:42,122 - DEBUG -   🖼️ Repeat rewind (45 titres)
2026-06-14 08:46:42,947 - DEBUG -   🖼️ Réveil Doux (500 titres)
2026-06-14 08:46:44,031 - DEBUG -   🖼️ Road trip (120 titres)
2026-06-14 08:46:45,211 - DEBUG -   🖼️ Rock Classique (277 titres)
2026-06-14 08:46:47,061 - DEBUG -   🖼️ Romantique (500 titres)
2026-06-14 08:46:47,797 - DEBUG -   🖼️ Running (140 titres)
2026-06-14 08:46:48,975 - DEBUG -   🖼️ Running & Workout (2565 titres)
2026-06-14 08:46:49,640 - DEBUG -   🖼️ Session massage tantrique (100 titres)
2026-06-14 08:46:50,255 - DEBUG -   🖼️ Sieste & Sommeil (500 titres)
2026-06-14 08:46:50,948 - DEBUG -   🖼️ Slow love (100 titres)
2026-06-14 08:46:51,775 - DEBUG -   🖼️ Soirée (110 titres)
2026-06-14 08:46:52,351 - DEBUG -   🖼️ Soirée & Fête (500 titres)
2026-06-14 08:46:53,102 - DEBUG -   🖼️ SUMMER HITS 2000-2022 (5 titres)
2026-06-14 08:46:54,274 - DEBUG -   🖼️ Sweet spot perso (120 titres)
2026-06-14 08:46:55,223 - DEBUG -   🖼️ Synthwave & Retrowave (21 titres)
2026-06-14 08:46:56,092 - DEBUG -   🖼️ Terrasse chill (120 titres)
2026-06-14 08:46:57,927 - DEBUG -   🖼️ Top 100 plus écoutés
2026-06-14 08:46:59,444 - DEBUG -   🖼️ Top France (daily latest) (deduped)
2026-06-14 08:47:00,281 - DEBUG -   🖼️ Top France 80s
2026-06-14 08:47:01,017 - DEBUG -   🖼️ Top France 80s (deduped)
2026-06-14 08:47:02,629 - DEBUG -   🖼️ Top France 90s
2026-06-14 08:47:05,217 - DEBUG -   🖼️ Top France 90s (deduped)
2026-06-14 08:47:07,598 - DEBUG -   🖼️ Top France 2000s
2026-06-14 08:47:09,677 - DEBUG -   🖼️ Top France 2000s (deduped)
2026-06-14 08:47:12,658 - DEBUG -   🖼️ Top France spotify latest from headless (deduped)
2026-06-14 08:47:14,207 - DEBUG -   🖼️ Top Fun Radio (300 titres)
2026-06-14 08:47:15,545 - DEBUG -   🖼️ Top NRJ (300 titres)
2026-06-14 08:47:17,179 - DEBUG -   🖼️ Top Radio RFM (300 titres)
2026-06-14 08:47:19,163 - DEBUG -   🖼️ Top Rap 90s
2026-06-14 08:47:21,947 - DEBUG -   🖼️ Top Rap 90s (deduped)
2026-06-14 08:47:24,012 - DEBUG -   🖼️ Top Rap 2000s
2026-06-14 08:47:27,182 - DEBUG -   🖼️ Top Tracks (All Time)
2026-06-14 08:47:28,815 - DEBUG -   🖼️ Top Tracks (Last 3  months)
2026-06-14 08:47:31,143 - DEBUG -   🖼️ Top Tracks (Last 6  months)
2026-06-14 08:47:32,766 - DEBUG -   🖼️ Top Tracks (Last 7 days)
2026-06-14 08:47:34,248 - DEBUG -   🖼️ Top Tracks (Last 12  months)
2026-06-14 08:47:36,173 - DEBUG -   🖼️ Top Tracks (Last 30 days)
2026-06-14 08:47:37,317 - DEBUG -   🖼️ Travail & Focus (500 titres)
2026-06-14 08:47:38,201 - DEBUG -   🖼️ Vibes 60s (68 titres)
2026-06-14 08:47:39,155 - DEBUG -   🖼️ Vibes 70s (50 titres)
2026-06-14 08:47:39,901 - DEBUG -   🖼️ Vibes 80s (282 titres)
2026-06-14 08:47:40,674 - DEBUG -   🖼️ Vibes 90s (265 titres)
2026-06-14 08:47:41,343 - DEBUG -   🖼️ Vibes 2000s (478 titres)
2026-06-14 08:47:41,887 - DEBUG -   🖼️ Vibes 2010s (500 titres)
2026-06-14 08:47:42,638 - DEBUG -   🖼️ Vibes 2020s (438 titres)
2026-06-14 08:47:43,677 - DEBUG -   🖼️ Voyage & Découverte (500 titres)
2026-06-14 08:47:44,567 - DEBUG -   🖼️ Weekly Track Chart
2026-06-14 08:47:45,769 - DEBUG -   🖼️ Workout intense (35 titres)
2026-06-14 08:47:47,053 - DEBUG -   🖼️ Workout performance (140 titres)
2026-06-14 08:47:47,935 - DEBUG -   🖼️ World vibes (50 titres)
2026-06-14 08:47:49,051 - DEBUG -   🖼️ Yoga (120 titres)
2026-06-14 08:47:50,112 - DEBUG -   🖼️ Yoga & Méditation (305 titres)
2026-06-14 08:47:50,113 - INFO - 🖼️ Posters: 173 appliqués, 0 échoués sur 173
