🎵 Pipeline 2★ Plex [RÉEL]
   URL Plex : http://host.docker.internal:32400
   Étapes   : 1. songrec-rename -i
============================================================

📚 Section «Musique» : 5 track(s) 2★

🔍 Total : 5 track(s) 2★ à traiter

[1/5] Andrew Bayer + Blastoyz + Feed Me + Jason Ross + Kill the Noise + Last Heroes + Seven Lions + STAR SEED + Trivecta feat. Sarah Herz — Pantheon II
  📄 /mnt/MyBook/itunes/Music/Singles/Andrew Bayer + Blastoyz + Feed Me + Jason Ross + Kill the Noise + Last Heroes + Seven Lions + STAR SEED + Trivecta feat. Sarah Herz/Pantheon II (2025).m4a
  ⚠️  Fichier absent sur disque : /mnt/MyBook/itunes/Music/Singles/Andrew Bayer + Blastoyz + Feed Me + Jason Ross + Kill the Noise + Last Heroes + Seven Lions + STAR SEED + Trivecta feat. Sarah Herz/Pantheon II (2025).m4a
[2/5] Cyndi Lauper — How Blue Can You Get
  📄 /mnt/MyBook/Music/Cyndi Lauper/Memphis Blues (2010)/05 - Cyndi Lauper - Memphis Blues - How Blue Can You Get.mp3.mp3
  ⚠️  Fichier absent sur disque : /mnt/MyBook/Music/Cyndi Lauper/Memphis Blues (2010)/05 - Cyndi Lauper - Memphis Blues - How Blue Can You Get.mp3.mp3
[3/5] Kyle Evans — Mon Envol (Radio Edit)
  📄 /mnt/MyBook/Music/Kyle Evans/MON ENVOL [SINGLE] (2009)/01 - KYLE EVANS - MON ENVOL [SINGLE] - MON ENVOL (RADIO EDIT).mp3.mp3
  ⚠️  Fichier absent sur disque : /mnt/MyBook/Music/Kyle Evans/MON ENVOL [SINGLE] (2009)/01 - KYLE EVANS - MON ENVOL [SINGLE] - MON ENVOL (RADIO EDIT).mp3.mp3
[4/5] Ricky L — Born Again (Feat. Mck) [Balearic Soul Party mix]
  📄 /mnt/MyBook/Music/Ricky L/Born Again (feat. M CK) [2010 Remixes] (2010)/39 - Born Again (feat. MCK) [Balearic Soul Party Mix].mp3
  ⚠️  Fichier absent sur disque : /mnt/MyBook/Music/Ricky L/Born Again (feat. M CK) [2010 Remixes] (2010)/39 - Born Again (feat. MCK) [Balearic Soul Party Mix].mp3
[5/5] HELLBILLY DELUXE 2- NOBLE JACKALS, PENNY DREADFULS AND THE SYSTEMATIC DEHUMANIZATION OF COOL — Mars Needs Women
  📄 /mnt/MyBook/Music/HELLBILLY DELUXE 2- NOBLE JACKALS, PENNY DREADFULS AND THE SYSTEMATIC DEHUMANIZATION OF COOL/HELLBILLY DELUXE 2- NOBLE JACKALS, PENNY DREADFULS AND THE SYSTEMATIC DEHUMANIZATION OF COOL (2010)/04 - HELLBILLY DELUXE 2- NOBLE JACKALS, PENNY DREADFULS AND THE SYSTEMATIC DEHUMANIZATION OF COOL - HELLBILLY DELUXE 2- NOBLE JACKALS, PENNY DREADFULS AND THE SYSTEMATIC DEHUMANIZATION OF COOL - MARS_1.mp3
  ⚠️  Fichier absent sur disque : /mnt/MyBook/Music/HELLBILLY DELUXE 2- NOBLE JACKALS, PENNY DREADFULS AND THE SYSTEMATIC DEHUMANIZATION OF COOL/HELLBILLY DELUXE 2- NOBLE JACKALS, PENNY DREADFULS AND THE SYSTEMATIC DEHUMANIZATION OF COOL (2010)/04 - HELLBILLY DELUXE 2- NOBLE JACKALS, PENNY DREADFULS AND THE SYSTEMATIC DEHUMANIZATION OF COOL - HELLBILLY DELUXE 2- NOBLE JACKALS, PENNY DREADFULS AND THE SYSTEMATIC DEHUMANIZATION OF COOL - MARS_1.mp3

============================================================
📊 Résultats du pipeline 2★ [RÉEL]
   ✅ Traités avec succès : 0
   ❌ Erreurs             : 0
   ⏭️  Ignorés (pas de fichier) : 5
   ⏱️  Timeout songrec    : 120s
   ⏱️  Timeout beet       : 300s

🧾 Résumé des échecs
   - Andrew Bayer + Blastoyz + Feed Me + Jason Ross + Kill the Noise + Last Heroes + Seven Lions + STAR SEED + Trivecta feat. Sarah Herz — Pantheon II [resolve] file-not-found
   - Cyndi Lauper — How Blue Can You Get [resolve] file-not-found
   - Kyle Evans — Mon Envol (Radio Edit) [resolve] file-not-found
   - Ricky L — Born Again (Feat. Mck) [Balearic Soul Party mix] [resolve] file-not-found
   - HELLBILLY DELUXE 2- NOBLE JACKALS, PENNY DREADFULS AND THE SYSTEMATIC DEHUMANIZATION OF COOL — Mars Needs Women [resolve] file-not-found
