Pipeline tagging — Mode: RÉEL

━━━━━━━━━━━━━━━━━━━━━━━━━━━━━━━━━━━━━━━━━━━━━━━━━━━━━━━━━━━━
📁 /music
━━━━━━━━━━━━━━━━━━━━━━━━━━━━━━━━━━━━━━━━━━━━━━━━━━━━━━━━━━━━

[0/3] Transcoding lossless→MP3 320k — 421 fichier(s) (.flac×419, .wav×2)
  ⚠ 01 Harrys Wondrous World.flac → cible existe déjà, ignoré
  ⚠ 14 Harry Potter and the Prisoner of Azkaban Suite_ Mischief Managed _ A Window to the Past _ Buckbeaks Flight.flac → cible existe déjà, ignoré
  ⚠ 15 Hedwigs Theme.flac → cible existe déjà, ignoré
  ⚠ 01 - Out in the Street.flac → cible existe déjà, ignoré
  ⚠ 02 - I Don't Mind.flac → cible existe déjà, ignoré
  ⚠ 03 - The Good's Gone.flac → cible existe déjà, ignoré
  ⚠ 04 - La La La Lies.flac → cible existe déjà, ignoré
  ⚠ 05 - Much Too Much.flac → cible existe déjà, ignoré
  ⚠ 06 - My Generation.flac → cible existe déjà, ignoré
  ⚠ 07 - The Kids Are Alright.flac → cible existe déjà, ignoré
  ⚠ 08 - Please, Please, Please.flac → cible existe déjà, ignoré
  ⚠ 09 - It's Not True.flac → cible existe déjà, ignoré
  ⚠ 10 - The Ox.flac → cible existe déjà, ignoré
  ⚠ 11 - A Legal Matter.flac → cible existe déjà, ignoré
  ⚠ 12 - Instant Party (Circles).flac → cible existe déjà, ignoré
  ⚠ 01 - New Year.flac → cible existe déjà, ignoré
  ⚠ 02 - Cannonball.flac → cible existe déjà, ignoré
  ⚠ 03 - Invisible Man.flac → cible existe déjà, ignoré
  ⚠ 04 - No Aloha.flac → cible existe déjà, ignoré
  ⚠ 05 - Roi.flac → cible existe déjà, ignoré
  ⚠ 06 - Do You Love Me Now.flac → cible existe déjà, ignoré
  ⚠ 07 - Flipside.flac → cible existe déjà, ignoré
  ⚠ 08 - I Just Wanna Get Along.flac → cible existe déjà, ignoré
  ⚙ 09 - Mad Lucas.flac (97.3 Mo) → 09 - Mad Lucas.mp3
    ✅ 97.3 Mo → 12.5 Mo
  ⚠ 10 - Divine Hammer.flac → cible existe déjà, ignoré
  ⚠ 11 - S.O.S..flac → cible existe déjà, ignoré
  ⚠ 12 - Hag.flac → cible existe déjà, ignoré
  ⚙ 13 - Saints.flac (61.1 Mo) → 13 - Saints.mp3
    ✅ 61.1 Mo → 7.8 Mo
  ⚠ 14 - Drivin' on 9.flac → cible existe déjà, ignoré
  ⚙ 15 - Roi (reprise).flac (16.2 Mo) → 15 - Roi (reprise).mp3
    ✅ 16.2 Mo → 3.7 Mo
  ⚙ 16 - Go Man Go.flac (50.4 Mo) → 16 - Go Man Go.mp3
    ✅ 50.4 Mo → 7.2 Mo
  ⚠ 17 - Divine Mascis.flac → cible existe déjà, ignoré
  ⚙ 01 - Tranceport.flac (36.7 Mo) → 01 - Tranceport.mp3
    ✅ 36.7 Mo → 11.5 Mo
  ⚠ 02 - Mr. Handy Man.flac → cible existe déjà, ignoré
  ⚙ 03 - Inside Out.flac (46.1 Mo) → 03 - Inside Out.mp3
    ✅ 46.1 Mo → 14.9 Mo
  ⚠ 05 - Isar Valley Crocodile.flac → cible existe déjà, ignoré
  ⚙ 07 - Lucky Loser.flac (34.7 Mo) → 07 - Lucky Loser.mp3
    ✅ 34.7 Mo → 12.4 Mo
  ⚠ 08 - Wanderlust.flac → cible existe déjà, ignoré
  ⚙ 01. Intro.flac (6.8 Mo) → 01. Intro.mp3
    ✅ 6.8 Mo → 3.4 Mo
  ⚠ 02. Problem.flac → cible existe déjà, ignoré
  ⚙ 03. One Last Time.flac (23.1 Mo) → 03. One Last Time.mp3
    ✅ 23.1 Mo → 7.8 Mo
  ⚠ 04. Why Try.flac → cible existe déjà, ignoré
  ⚙ 05. Break Free.flac (27.1 Mo) → 05. Break Free.mp3
    ✅ 27.1 Mo → 8.5 Mo
  ⚠ 06. Best Mistake.flac → cible existe déjà, ignoré
  ⚙ 07. Be My Baby.flac (25.1 Mo) → 07. Be My Baby.mp3
    ✅ 25.1 Mo → 8.6 Mo
  ⚠ 08. Break Your Heart Right Back.flac → cible existe déjà, ignoré
  ⚙ 09. Love Me Harder.flac (28.1 Mo) → 09. Love Me Harder.mp3
    ✅ 28.1 Mo → 9.3 Mo
  ⚠ 10. Just A Little Bit Of Your Heart.flac → cible existe déjà, ignoré
  ⚙ 11. Hands On Me.flac (24.0 Mo) → 11. Hands On Me.mp3
    ✅ 24.0 Mo → 7.6 Mo
  ⚙ 12. My Everything.flac (18.6 Mo) → 12. My Everything.mp3
    ✅ 18.6 Mo → 6.7 Mo
  ⚠ 13. Bang Bang.flac → cible existe déjà, ignoré
  ⚙ 14. Only 1.flac (22.8 Mo) → 14. Only 1.mp3
    ✅ 22.8 Mo → 7.7 Mo
  ⚠ 15. You Don't Know Me.flac → cible existe déjà, ignoré
  ⚙ 04. Infra-Red.flac (0.6 Mo) → 04. Infra-Red.mp3
    ✅ 0.6 Mo → 0.6 Mo
  ⚙ 01 - Welcome To The Working Week.flac (24.6 Mo) → 01 - Welcome To The Working Week.mp3
    ✅ 24.6 Mo → 2.8 Mo
  ⚙ 03 - Maybe It's You.flac (8.0 Mo) → 03 - Maybe It's You.mp3
    ✅ 8.0 Mo → 3.6 Mo
  ⚠ 01. Desafinado.flac → cible existe déjà, ignoré
  ⚙ 02. Samba Dees Days.flac (134.4 Mo) → 02. Samba Dees Days.mp3
    ✅ 134.4 Mo → 8.7 Mo
  ⚙ 03. O Pato.flac (94.3 Mo) → 03. O Pato.mp3
    ✅ 94.3 Mo → 6.4 Mo
  ⚠ 04. Samba Triste.flac → cible existe déjà, ignoré
  ⚙ 05. Samba De Uma Nota So.flac (226.1 Mo) → 05. Samba De Uma Nota So.mp3
    ✅ 226.1 Mo → 14.7 Mo
  ⚠ 06. E Luxo So.flac → cible existe déjà, ignoré
  ⚙ 07. Baia.flac (245.0 Mo) → 07. Baia.mp3
    ✅ 245.0 Mo → 16.0 Mo
  ⚠ 09 - Brother Where Are You.flac → cible existe déjà, ignoré
  ⚠ 13 - Brother Where Are You.flac → cible existe déjà, ignoré
  ⚙ 07 - Françoise Hardy - Just Call And I'll Be There.wav (22.2 Mo) → 07 - Françoise Hardy - Just Call And I'll Be There.mp3
    ✅ 22.2 Mo → 3.1 Mo
  ⚠ (01) [Stevie Wonder] My Cehrie Amour.flac → cible existe déjà, ignoré
  ⚙ 01 - Lady of the Night.flac (29.3 Mo) → 01 - Lady of the Night.mp3
    ✅ 29.3 Mo → 9.9 Mo
  ⚠ 02 - Born to Die.flac → cible existe déjà, ignoré
  ⚙ 03 - Friends.flac (23.8 Mo) → 03 - Friends.mp3
    ✅ 23.8 Mo → 8.7 Mo
  ⚠ 04 - Domino.flac → cible existe déjà, ignoré
  ⚙ 05 - The Hostage.flac (31.0 Mo) → 05 - The Hostage.mp3
    ✅ 31.0 Mo → 10.6 Mo
  ⚠ 06 - Wounded.flac → cible existe déjà, ignoré
  ⚙ 07 - Little Miss Fit.flac (22.8 Mo) → 07 - Little Miss Fit.mp3
    ✅ 22.8 Mo → 7.8 Mo
  ⚠ 08 - Let’s Work Together Now.flac → cible existe déjà, ignoré
  ⚙ 09 - Sing Along (Sad Song).flac (21.4 Mo) → 09 - Sing Along (Sad Song).mp3
    ✅ 21.4 Mo → 8.3 Mo
  ⚠ 01 - Un peu menteur.flac → cible existe déjà, ignoré
  ⚙ 02 - Ici repose.flac (22.0 Mo) → 02 - Ici repose.mp3
    ✅ 22.0 Mo → 7.9 Mo
  ⚠ 03 - Le heros dechire.flac → cible existe déjà, ignoré
  ⚙ 04 - Histoire de vous plaire.flac (22.5 Mo) → 04 - Histoire de vous plaire.mp3
    ✅ 22.5 Mo → 9.5 Mo
  ⚠ 05 - Le beau bizarre.flac → cible existe déjà, ignoré
  ⚙ 06 - Saute du scooter.flac (20.9 Mo) → 06 - Saute du scooter.mp3
    ✅ 20.9 Mo → 7.5 Mo
  ⚠ 07 - Le grand couteau.flac → cible existe déjà, ignoré
  ⚙ 08 - Ce mec lou.flac (19.4 Mo) → 08 - Ce mec lou.mp3
    ✅ 19.4 Mo → 7.2 Mo
  ⚠ 09 - Il faut oser le faire.flac → cible existe déjà, ignoré
  ⚙ 01. Mr. Wiggles.flac (254.1 Mo) → 01. Mr. Wiggles.mp3
    ✅ 254.1 Mo → 15.3 Mo
  ⚠ 02. Rumpofsteelskin.flac → cible existe déjà, ignoré
  ⚠ 03. (You're A Fish And I'm A) Water Sign.flac → cible existe déjà, ignoré
  ⚙ 04. Aquaboogie (A Psychoalphadiscobetabioaquadoloop).flac (264.5 Mo) → 04. Aquaboogie (A Psychoalphadiscobetabioaquadoloop).mp3
    ✅ 264.5 Mo → 15.3 Mo
  ⚠ 05. One Of Those Funky Thangs.flac → cible existe déjà, ignoré
  ⚙ 06. Liquid Sunshine.flac (171.1 Mo) → 06. Liquid Sunshine.mp3
    ✅ 171.1 Mo → 10.0 Mo
  ⚠ 07. The Motor-Booty Affair.flac → cible existe déjà, ignoré
  ⚙ 08. Deep.flac (355.5 Mo) → 08. Deep.mp3
    ✅ 355.5 Mo → 21.0 Mo
  ⚠ 01 - La Voix du bon Dieu.flac → cible existe déjà, ignoré
  ⚠ 02 - Au secours.flac → cible existe déjà, ignoré
  ⚠ 03 - L’amour viendra.flac → cible existe déjà, ignoré
  ⚠ 04 - Autour de moi.flac → cible existe déjà, ignoré
  ⚙ 05 - Grand maman.flac (23.5 Mo) → 05 - Grand maman.mp3
Traceback (most recent call last):
  File "/audio-scripts/tag_pipeline.py", line 246, in <module>
    main()
  File "/audio-scripts/tag_pipeline.py", line 241, in main
    rc = pipeline_folder(folder, args.dry_run)
         ^^^^^^^^^^^^^^^^^^^^^^^^^^^^^^^^^^^^^
  File "/audio-scripts/tag_pipeline.py", line 149, in pipeline_folder
    _transcode_lossless(folder, dry_run)
  File "/audio-scripts/tag_pipeline.py", line 79, in _transcode_lossless
    src.unlink()
  File "/usr/local/lib/python3.12/pathlib.py", line 1342, in unlink
    os.unlink(self)
FileNotFoundError: [Errno 2] No such file or directory: '/music/1981 - La Voix du bon Dieu/05 - Grand maman.flac'
