Pipeline tagging — Mode: RÉEL

━━━━━━━━━━━━━━━━━━━━━━━━━━━━━━━━━━━━━━━━━━━━━━━━━━━━━━━━━━━━
📁 /music
━━━━━━━━━━━━━━━━━━━━━━━━━━━━━━━━━━━━━━━━━━━━━━━━━━━━━━━━━━━━

[0/3] Transcoding lossless→MP3 320k — 23665 fichier(s) (.aif×20, .aiff×2, .dff×2, .dsf×83, .flac×23551, .wav×7)
  ⚠ 01 Harrys Wondrous World.flac → cible existe déjà, ignoré
  ⚠ 02 Nimbus 2000.flac → cible existe déjà, ignoré
  ⚠ 03 Fawkes the Phoenix.flac → cible existe déjà, ignoré
  ⚠ 04 Dobby the House Elf.flac → cible existe déjà, ignoré
  ⚠ 05 The Chamber of Secrets.flac → cible existe déjà, ignoré
  ⚠ 06 Gilderoy Lockhart.flac → cible existe déjà, ignoré
  ⚠ 07 Quidditch World Cup _ The Foreigners Arrive.flac → cible existe déjà, ignoré
  ⚠ 08 Harry in Winter.flac → cible existe déjà, ignoré
  ⚠ 09 The Hogwarts March.flac → cible existe déjà, ignoré
  ⚠ 10 The Potter Waltz.flac → cible existe déjà, ignoré
  ⚠ 11 The Black Lake.flac → cible existe déjà, ignoré
  ⚠ 12 Another Year Ends.flac → cible existe déjà, ignoré
  ⚠ 13 The Hogwarts Hymn.flac → cible existe déjà, ignoré
  ⚠ 14 Harry Potter and the Prisoner of Azkaban Suite_ Mischief Managed _ A Window to the Past _ Buckbeaks Flight.flac → cible existe déjà, ignoré
  ⚠ 15 Hedwigs Theme.flac → cible existe déjà, ignoré
  ⚙ The City of Prague Philharmonic Orchestra & Nic Raine - Fawkes The Phoenix (From Harry Potter and the Chamber of Secrets).flac (19.7 Mo) → The City of Prague Philharmonic Orchestra & Nic Raine - Fawkes The Phoenix (From Harry Potter and the Chamber of Secrets).mp3
    ✅ 19.7 Mo → 8.7 Mo
  ⚙ The City of Prague Philharmonic Orchestra - Another Year Ends (From Harry Potter and the Goblet of Fire).flac (11.4 Mo) → The City of Prague Philharmonic Orchestra - Another Year Ends (From Harry Potter and the Goblet of Fire).mp3
    ✅ 11.4 Mo → 5.8 Mo
  ⚙ The City of Prague Philharmonic Orchestra - Black Lake (From Harry Potter and the Goblet of Fire).flac (30.7 Mo) → The City of Prague Philharmonic Orchestra - Black Lake (From Harry Potter and the Goblet of Fire).mp3
    ✅ 30.7 Mo → 12.9 Mo
  ⚙ The City of Prague Philharmonic Orchestra - Dobby the House Elf (From Harry Potter and the Chamber of Secrets).flac (17.0 Mo) → The City of Prague Philharmonic Orchestra - Dobby the House Elf (From Harry Potter and the Chamber of Secrets).mp3
    ✅ 17.0 Mo → 8.3 Mo
  ⚙ The City of Prague Philharmonic Orchestra - Gilderoy Lockhart (From Harry Potter and the Chamber of Secrets).flac (9.4 Mo) → The City of Prague Philharmonic Orchestra - Gilderoy Lockhart (From Harry Potter and the Chamber of Secrets).mp3
    ✅ 9.4 Mo → 5.1 Mo
  ⚙ The City of Prague Philharmonic Orchestra - Harry in Winter (From Harry Potter and the Goblet of Fire).flac (18.6 Mo) → The City of Prague Philharmonic Orchestra - Harry in Winter (From Harry Potter and the Goblet of Fire).mp3
    ✅ 18.6 Mo → 7.7 Mo
  ⚙ The City of Prague Philharmonic Orchestra - Harry's Wondrous World (From Harry Potter and the Philosopher's Stone).flac (29.6 Mo) → The City of Prague Philharmonic Orchestra - Harry's Wondrous World (From Harry Potter and the Philosopher's Stone).mp3
    ✅ 29.6 Mo → 12.1 Mo
  ⚙ The City of Prague Philharmonic Orchestra - Hedwig's Theme (From Harry Potter and the Philosopher's Stone).flac (24.3 Mo) → The City of Prague Philharmonic Orchestra - Hedwig's Theme (From Harry Potter and the Philosopher's Stone).mp3
    ✅ 24.3 Mo → 11.7 Mo
  ⚙ The City of Prague Philharmonic Orchestra - Hogwarts Hymn (From Harry Potter and the Goblet of Fire).flac (15.3 Mo) → The City of Prague Philharmonic Orchestra - Hogwarts Hymn (From Harry Potter and the Goblet of Fire).mp3
    ✅ 15.3 Mo → 7.1 Mo
  ⚙ The City of Prague Philharmonic Orchestra - Hogwarts March (From Harry Potter and the Goblet of Fire).flac (12.4 Mo) → The City of Prague Philharmonic Orchestra - Hogwarts March (From Harry Potter and the Goblet of Fire).mp3
    ✅ 12.4 Mo → 7.2 Mo
  ⚙ The City of Prague Philharmonic Orchestra - Mischief Managed A Window To The Past Buckbeak's Flight (From Harry Potter And The Prisoner Of Azkaban).flac (36.3 Mo) → The City of Prague Philharmonic Orchestra - Mischief Managed A Window To The Past Buckbeak's Flight (From Harry Potter And The Prisoner Of Azkaban).mp3
    ✅ 36.3 Mo → 16.4 Mo
  ⚙ The City of Prague Philharmonic Orchestra - Nimbus 2000 (From Harry Potter and the Philosopher's Stone).flac (11.4 Mo) → The City of Prague Philharmonic Orchestra - Nimbus 2000 (From Harry Potter and the Philosopher's Stone).mp3
    ✅ 11.4 Mo → 6.0 Mo
  ⚙ The City of Prague Philharmonic Orchestra - Potter Waltz (From Harry Potter and the Goblet of Fire).flac (13.7 Mo) → The City of Prague Philharmonic Orchestra - Potter Waltz (From Harry Potter and the Goblet of Fire).mp3
    ✅ 13.7 Mo → 6.1 Mo
  ⚙ The City of Prague Philharmonic Orchestra - Quidditch World Cup The Foreigners Arrive (From Harry Potter and the Goblet of Fire).flac (15.0 Mo) → The City of Prague Philharmonic Orchestra - Quidditch World Cup The Foreigners Arrive (From Harry Potter and the Goblet of Fire).mp3
    ✅ 15.0 Mo → 6.3 Mo
  ⚙ The City of Prague Philharmonic Orchestra - The Chamber of Secrets (From Harry Potter and the Chamber of Secrets).flac (21.9 Mo) → The City of Prague Philharmonic Orchestra - The Chamber of Secrets (From Harry Potter and the Chamber of Secrets).mp3
    ✅ 21.9 Mo → 10.1 Mo
  ⚙ 1-14-By Strauss.flac (0.0 Mo) → 1-14-By Strauss.mp3
    ❌ échec ffmpeg:
d Ira Gershwin Song Book [24-192]/1-14-By Strauss.mp3':
[out#0/mp3 @ 0x60bcc50b79c0] Output file does not contain any stream
Error opening output file /music/(1959) Ella Fitzgerald Sings The George And Ira Gershwin Song Book [24-192]/1-14-By Strauss.mp3.
Error opening output files: Invalid argument

  ⚙ 1-15-Someone To Watch Over Me.flac (0.0 Mo) → 1-15-Someone To Watch Over Me.mp3
    ❌ échec ffmpeg:
-192]/1-15-Someone To Watch Over Me.mp3':
[out#0/mp3 @ 0x6456e6304a40] Output file does not contain any stream
Error opening output file /music/(1959) Ella Fitzgerald Sings The George And Ira Gershwin Song Book [24-192]/1-15-Someone To Watch Over Me.mp3.
Error opening output files: Invalid argument

Traceback (most recent call last):
  File "/audio-scripts/tag_pipeline.py", line 246, in <module>
    main()
  File "/audio-scripts/tag_pipeline.py", line 241, in main
    rc = pipeline_folder(folder, args.dry_run)
         ^^^^^^^^^^^^^^^^^^^^^^^^^^^^^^^^^^^^^
  File "/audio-scripts/tag_pipeline.py", line 149, in pipeline_folder
    _transcode_lossless(folder, dry_run)
  File "/audio-scripts/tag_pipeline.py", line 64, in _transcode_lossless
    size_mb = src.stat().st_size / 1_048_576
              ^^^^^^^^^^
  File "/usr/local/lib/python3.12/pathlib.py", line 840, in stat
    return os.stat(self, follow_symlinks=follow_symlinks)
           ^^^^^^^^^^^^^^^^^^^^^^^^^^^^^^^^^^^^^^^^^^^^^^
FileNotFoundError: [Errno 2] No such file or directory: '/music/(1964) Johnny Cash - I Walk the Line  (Stereo Version) [24Bit-192kHz]/07. Understand Your Man.flac'
