Démarrage scan: /music
Analyse avec 4 workers (streaming — pas d'attente initiale)...

🔵 [no_mb_id] (Final master) I Remember - Deadmau5, Kaskade (Kalireza HT remix) (extended version).mp3
           artist='Deadmau5, Kaskade, Kalireza'  title='I Remember - Deadmau5, Kaskade (Kalireza Ht Remix)'
🔵 [no_mb_id] - Gage - Pense à moi.mp3
           artist='Gage'  title='Pense À Moi'
❌ [missing ] - LIGHTHOUSE FAMILY - Question of Faith (Idjut Boys Mix).aif
🔵 [no_mb_id] 005-Dansant Dans Paris + Steve Wright In The Afternoon + A Voyage Through The Rush Hour + The Ethernet.mp3
           artist='The Tangent'  title='Dansant Dans Paris + Steve Wright in the Afternoon + A Voyage Through the Rush Hour + the Ethernet'
🔵 [no_mb_id] 01 - Cry (Extended Version).mp3
           artist='Waterfront'  title='Cry (Extended Version)'
🔵 [no_mb_id] 01 - New Beginning (Mamba Seyra) (Ian Levine Remix).mp3
           artist='Bucks Fizz'  title='New Beginning (Mamba Seyra) (Ian Levine Remix)'
⚠  [generic ] 01 - Various - Party Dj Rudie Jansen & Dj Codo.mp3
           artist='Various'  title='Party Dj Rudie Jansen & Dj Codo'
⚠  [generic ] 01 - jean-paul pognon - koumbit - krysti.mp3
           artist='Karla Bonoff'  title='01 - Jean-Paul Pognon - Koumbit - Krysti'
❌ [missing ] 01 - jean-paul pognon - koumbit - krysti_639158164896734515.mp3
           artist=''  title='01 - Jean-Paul Pognon - Koumbit - Krysti'
⚠  [generic ] 01 Craig Charles Funk & Soul Classic.mp3
           artist='Various Artists'  title='Craig Charles Funk and Soul Classics Dj Mix'
❌ [missing ] 01 Midnight At The Oasis (Rogers Brand New Anthem).mp3
🗑  [empty   ] 01 What Can I Do (Tin Tin Out Remix).wav
🔵 [no_mb_id] 01-sugababes-about_you_now_(kissy_sell_out_remix).mp3
           artist='Sugababes'  title='About You Now (Kissy Sell Out Remix)'
🔵 [no_mb_id] 01. El Chombo - Chacarron (Mijangos Tribal Mix).mp3
           artist='El Chombo'  title='Chacarron (Mijangos Tribal mix)'

─── 100 analysés | 14 problématiques ───

🔵 [no_mb_id] 01. The Avener - We Go Home (Feat. Adam Cohen) (Agrume & Lounes Sunshine Remix)_639158152542784417.mp3
           artist='The Avener'  title='We Go Home (Feat. Adam Cohen) (Agrume & Lounes Sunshine Remix)'
🔵 [no_mb_id] 01. Wet Wet Wet - With A Little Help From My Friends.mp3
           artist='Wet Wet Wet'  title='With A Little Help From My Friends'
💥 [error   ] 02 - Be Cool (UK Radio Edit).flac
🔵 [no_mb_id] 02 - Je te le donne.mp3
           artist='Vitaa & Slimane'  title='Je Te le Donne (Live À Marseille 2021)'
🔵 [no_mb_id] 02 - Ne Jamais Reculer.mp3
           artist='Fraction'  title='Ne Jamais Reculer'
🔵 [no_mb_id] 02 - Vérité falsifiée.mp3
           artist='Siar claudy'  title='vérité falsifiée'
❌ [missing ] 02 - martin carthy-eliza carthy-paul weller - john barleycorn.mp3
🔵 [no_mb_id] 02 - גינה לי.mp3
           artist='Jacky Mekaiten'  title='גינה לי'
❌ [missing ] 02 How Deep Is Your Love.aif
🔵 [no_mb_id] 02 Knowinglee (Live).mp3
           artist='Dave Liebman, Richie Beirach'  title='Knowinglee (Live)'
❌ [missing ] 02 Never Ever.aif
❌ [missing ] 02 Tori- RAINN Info - Story About The beginnings Of RAINN - Horses - Leather - Cornflake Girl - PSA from Bjork - Commercials.mp3
🔵 [no_mb_id] 02-wayne_wonder-no_letting_go_-_instrumental-yard.mp3
           artist='Wayne Wonder'  title='No Letting Go - Instrumental'
🔵 [no_mb_id] 02. Grand Garden - Celebration Of The Soul (Feat. Lady Bird).mp3
           artist='Karla Bonoff'  title='Celebration of the Soul (Feat. Lady Bird)'
🔵 [no_mb_id] 02. Rien à faire (Version live).mp3
           artist='Marie-Pierre Arthur'  title='Rien À Faire (Version Live)'
🔵 [no_mb_id] 02. Will Young - Who Am I？ (The Chords Remix).mp3
           artist='Will Young'  title='Who Am I? (The Chords Remix)'
🔵 [no_mb_id] 024 - lemarquis - waves.mp3
           artist='Lemarquis'  title='Waves'
🔵 [no_mb_id] 02_benjamin theves - texas (patrick alavi rerox).mp3
           artist='Benjamin Theves'  title='Texas (Alavi Rerox)'
🔵 [no_mb_id] 03 - Biguine lélé.mp3
           artist='Céline Fleriag'  title='Biguine Lélé'
🔵 [no_mb_id] 03 - Le coup de soleil.mp3
           artist='Gianni Polizzi'  title='Le Coup de Soleil'
🔵 [no_mb_id] 03 - My New Band Believe - Heart of Darkness.mp3
           artist='My New Band Believe'  title='Heart of Darkness'

─── 200 analysés | 35 problématiques ───

🔵 [no_mb_id] 03 - Two Tribes (Cassingle Mix).mp3
           artist='Frabkie Goes to Hollywood'  title='Two Tribes (Cassingle mix)'
🔵 [no_mb_id] 03 Come Back To What You Know.mp3
           artist='Embrace'  title='Come Back to What You Know'
🔵 [no_mb_id] 03 Going Home - Black Magic Woman-Gypsy Queen - Oye Como Va - Incident At Neshabur.mp3
           artist='Santana'  title='Santana Segment 1'
🔵 [no_mb_id] 03 Going Home - Black Magic Woman-Gypsy Queen - Oye Como Va - Incident At Neshabur_639160627964249139.mp3
           artist='Santana'  title='Santana Segment 1'
🔵 [no_mb_id] 03 Gros câlin.mp3
           artist='Raphaël Enthoven'  title='Gros CâLin'
⚠  [generic ] 03 Sobri (Notre Destin) (Extended Version).mp3
           artist='Leslie & Amine'  title='Piste3'
🔵 [no_mb_id] 03 Unsuccessfully Trying To Feel Pleasure Through Physical Pain.mp3
           artist='Venta Protesix'  title='Unsuccessfully Trying to Feel Pleasure Through Physical Pain'
🔵 [no_mb_id] 03. Girls Aloud - The Whole Damn Show Megamix 131.mp3
           artist='Girls Aloud'  title='The Whole Damn Show Megamix 131'
🔵 [no_mb_id] 04 - Shimmer (NL) - Music Last Forever.mp3
           artist='Shimmer (Nl)'  title='Music Last Forever'
🔵 [no_mb_id] 04 - drivers license.mp3
           artist='Olivia Rodrigo'  title='Drivers License'
❌ [missing ] 04 Chelsea Dagger.aif
❌ [missing ] 04 Fix You.aif
🔵 [no_mb_id] 04-angine_de_poitrine-ababa_hotel.mp3
           artist='Angine de Poitrine'  title='Ababa Hotel'
🔵 [no_mb_id] 05 - Marcus Maison & Will Dragen - Road To Euphoria (Radio Edit).mp3
           artist='Marcus Maison & Will Dragen'  title='Road to Euphoria (Radio Edit)'

─── 300 analysés | 49 problématiques ───

🔵 [no_mb_id] 05 - Red Dress (Radio Edit).mp3
           artist='Sugababes'  title='Red Dress'
🔵 [no_mb_id] 05 Claudia Silva - Je te donne mon coeur.mp3
           artist='Claudia Sylva'  title='Je Te Donne Mon Coeur'
🔵 [no_mb_id] 05. Agrume & Lounes - Music & Waves (Feat. The Clever Move).mp3
           artist='Agrume & Lounes'  title='Music & Waves (Feat. the Clever Move)'
🔵 [no_mb_id] 05. Monica.mp3
           artist='Kuami Eugene'  title='Monica'
🔵 [no_mb_id] 05. Quentin Mosimann - Luxuria (Slideback Remix) rez.mp3
           artist='Quentin Mosimann'  title='Luxuria (Slideback Remix)'
🔵 [no_mb_id] 06 - Club House - Light My Fire Remixes (Km.1972 Mix).mp3
           artist='Club House'  title='Light My Fire Remixes (Km.1972 mix)'
🔵 [no_mb_id] 06 - Confessions nocturnes.mp3
           artist='Vitaa;Slimane'  title='Confessions Nocturnes (Live À Lyon / 2021)'
🔵 [no_mb_id] 06 - Mansun - Wide Open Space (Trouser Enthusiasts' Hermaphrodite Circus Mix).mp3
           artist='Mansun'  title="Wide Open Space (Trouser Enthusiasts' Hermaphrodite Circus mix)"
🔵 [no_mb_id] 06 - Me Quede Con las Ganas.mp3
           artist='Mike G'  title='Me Quede Con Las Ganas'
❌ [missing ] 06 Delilah.aif
❌ [missing ] 06 Sing My Song.aif
🔵 [no_mb_id] 06. Bordo - So Hot Wit Me (UNDEUX Remix).mp3
           artist='Bordo'  title='So Hot Wit Me (Un*Deux Remix)'
🔵 [no_mb_id] 06. Bordo - So Hot Wit Me (UNDEUX Remix)_639158005670826737.mp3
           artist='Bordo'  title='So Hot Wit Me (Un*Deux Remix)'
🔵 [no_mb_id] 06. KUSMEE - Natural Something.mp3
           artist='Kusmee'  title='Natural Something'
🔵 [no_mb_id] 0637 - Royal Pop Of Sound - Love Can Build a Bridge.mp3
           artist='Royal Pop of Sound'  title='Love Can Build A Bridge'
🔵 [no_mb_id] 07 - Inconnu (ft.David lee).mp3
           artist='Rymz'  title='Inconnu (Ft.David Lee)'
🔵 [no_mb_id] 07 - Sophie Lennon - Solas (Ireland).mp3
           artist='Sophie Lennon'  title='Solas'
❌ [missing ] 07 Speed of Sound.aif
🔵 [no_mb_id] 08 - Solid Groove - Jus Everybody.mp3
           artist='Solid Groove'  title='Jus Everybody'
💥 [error   ] 08 Bootie Call (Single Version).aif
🔵 [no_mb_id] 08 richard darbyshire - this i swear - a tom moulton mix.mp3
           artist='Richard Darbyshire'  title='This I Swear - A Tom Moulton Mix'

─── 400 analysés | 70 problématiques ───

🔵 [no_mb_id] 08. Paul Young - Right About Now.mp3
           artist='Paul Young'  title='Right About Now'
🔵 [no_mb_id] 098 - Peer Pressure - One Night.mp3
           artist='Peer Pressure'  title='One Night'
🔵 [no_mb_id] 1-16 - If I Could Turn Back the Hands of Time (Radio Edit).mp3
           artist='R. Kelly'  title='If I Could Turn Back the Hands of Time (Radio Edit)'
🔵 [no_mb_id] 1-24 - Too Good To Be Forgotten (Extended Version) [Bonus Track].mp3
           artist='Amazulu'  title='Too Good to be Forgotten (Extended Version) [Bonus Track]'
🔵 [no_mb_id] 1. Far Nearer x Lost in Space (feat. Charli XCX).mp3
           artist='Jamie Xx Vs. Starkey'  title='Far Nearer X Lost in Space (Feat. Charli Xcx)'
🔵 [no_mb_id] 10 - Love Has Something Else To Say (With Kissing My Love).mp3
           artist='Tedeschi Trucks Band'  title='Love Has Something Else to Say (With Kissing My Love)'
🔵 [no_mb_id] 10 - On se retrouvera (Live).mp3
           artist='Francis Lalanne'  title='On Se Retrouvera (Live)'
🔵 [no_mb_id] 10. Joe Burns - Let Go (Feat. Skinner) (Vocal Mix).mp3
           artist='Joe Burns'  title='Let Go (Feat. Skinner) (Vocal mix)'
🔵 [no_mb_id] 10. KUSMEE - Velvet Ivory (UNDEUX Remix)_639159832732781880.mp3
           artist='Kusmee'  title='Velvet Ivory (Un*Deux Remix)'
🔵 [no_mb_id] 10. Le jardinier (feat. Steve Normandin).mp3
           artist='Francois Couture'  title='Le Jardinier (Feat. Steve Normandin)'
⚠  [generic ] 101-JD Twitch-The Underground Sound Of Glasgow (Continuous Mix).mp3
           artist='Various Artists'  title='Optimo: the Underground Sound of Glasgow (Continuous Dj mix by Jd Twitch)'
🔵 [no_mb_id] 104-backstreet_boys-larger_than_life_(keith_litman_dub_mix).mp3
           artist='Backstreet Boys'  title='Larger Than Life (Keith Litman Dub mix)'
🔵 [no_mb_id] 10A - Sia - Courage To Change (Isak Salaza-1.mp3
           artist='Sia'  title='10a - Courage to Change (Isak Salazar & Erick Ibiza Future mix)'
🔵 [no_mb_id] 11 - Os Detroia - Bela  .mp3
           artist='???'  title='Bela [Www.Secretdesoirees.Fr]'

─── 500 analysés | 84 problématiques ───

🔵 [no_mb_id] 11 אני גיטרה.mp3
           artist='דודו טסה'  title='אני גיטרה'
❌ [missing ] 11-Farruko - Obsesionado.mp3
🔵 [no_mb_id] 11. Sinusic - Downtown_639158153671148848.mp3
           artist='Sinusic'  title='Downtown'
❌ [missing ] 12 Hard To Get.aif
❌ [missing ] 12 Hugh Jackman, Keala Settle, Zac Efron, Zendaya & The Greatest Showman Ensemble - The Greatest Show.mp3
🔵 [no_mb_id] 12 Sia - Cheap Thrills (7.1 mix).mp3
           artist="Methuselah's Grandpa"  title='Cheap Thrills (7.1 mix)'
🔵 [no_mb_id] 12) Do Dumpin' ( Extended Zig Mix).mp3
           artist='Eddie Baytos & the Nervis Bros'  title="Do Dumpin' ( Extended Zig mix)"
🔵 [no_mb_id] 12. Désenchantée.mp3
           artist='Mylene Farmer'  title='Désenchantée'
🔵 [no_mb_id] 121-nick_brewer_feat._bibi_bourelly-talk_to_me.mp3
           artist='Nick Brewer Feat. Bibi Bourelly'  title='Talk to Me'
🔵 [no_mb_id] 13 - Four Seasons In One Day.mp3
           artist='Crowded House'  title='Four Seasons in One Day'
🔵 [no_mb_id] 13 Gérard Blanc - Une Autre Histoire (Spécial Remix Club).mp3
           artist='Gerard Blanc'  title='Une Autre Histoire (Sp'
🔵 [no_mb_id] 13 Gérard Blanc - Une Autre Histoire (Spécial Remix Club)_639159897629084737.mp3
           artist='Gerard Blanc'  title='Une Autre Histoire (Sp'
❌ [missing ] 13 You And I (Stripped).aif
🔵 [no_mb_id] 13-Andrey Exx & Troitski - One Night in Heaven, Vol. 11 (Continuous Mix).mp3
           artist='Andrey Exx & Troitski'  title='One Night in Heaven, Vol. 11 (Continuous mix)'
🔵 [no_mb_id] 13.  Turning Japanese.mp3
           artist='The Vapors'  title='Turning Japanese'
🔵 [no_mb_id] 13. The Tailors - Remember This_639159833091239844.mp3
           artist='The Tailors'  title='Remember This'
🔵 [no_mb_id] 14 - Heaven Is A Halfpipe.mp3
           artist='Birdman: or the Unexpected Virtue of A Tony Hawk Pro Skater Cover Band'  title='Heaven Is A Halfpipe'
🔵 [no_mb_id] 14 - Les sunlights des tropiques (live).mp3
           artist='Gilbert Montagné'  title='Les Sunlights Des Tropiques (Live)'
❌ [missing ] 14 Mmm Mmm Mmm Mmm.mp3
🔵 [no_mb_id] 14 Night Boat To Cairo.mp3
           artist='Madness'  title='Night Boat to Cairo'
🔵 [no_mb_id] 14. Agrume & Lounes - Back To Me (Feat. The Clever Move).mp3
           artist='Karla Bonoff'  title='Back to Me (Feat. the Clever Move)'
🔵 [no_mb_id] 14. Agrume & Lounes - Back To Me (Feat. The Clever Move)_639158154556831694.mp3
           artist='Agrume & Lounes'  title='Back to Me (Feat. the Clever Move)'
⚠  [generic ] 14. Track 10 (Live).mp3
           artist='Charli Xcx'  title='Track 10'
🔵 [no_mb_id] 144 - Goldbæk - Stay.mp3
           artist='Goldbæk'  title='Stay'
🔵 [no_mb_id] 15 - As Long As You Love Me.mp3
           artist='Backstreet Boys'  title='As Long as You Love Me'

─── 600 analysés | 109 problématiques ───

🔵 [no_mb_id] 15 אור הירח (Live).mp3
           artist='Aviv Geffen'  title='אור הירח (Live)'
🔵 [no_mb_id] 15. The Avener - To Let Myself Go (Feat. Ane Brun) (Don Rimini Sweet Home Version).mp3
           artist='The Avener'  title='To Let Myself Go (Feat. Ane Brun) (Don Rimini Sweet Home Version)'
🔵 [no_mb_id] 16 - La famille Kinder (live).mp3
           artist='Florent Marchet'  title='La Famille Kinder (Live)'
🔵 [no_mb_id] 16 It Must Be Love.mp3
           artist='Madness'  title='It Must be Love'
❌ [missing ] 16 Love Song for a Vampire (as used in the film Bram Stroker_s Dracula.aif
⚠  [generic ] 17 - I Shot the Sheriff.mp3
           artist='Spice Girls'  title='2 Become 1'
🔵 [no_mb_id] 17 - Le Dormeur - Le dormeur doit se réveiller.mp3
           artist='Le Dormeur'  title='Le Dormeur Doit Se Réveiller'
❌ [missing ] 18 - limahl - never ending story(12'' dance mix).mp3
🔵 [no_mb_id] 18-Un petit cochon pendu au plafond.mp3
           artist="Chanson D'enfant"  title='Un Petit Cochon Pendu Au Plafond'
💥 [error   ] 1993-Captain Hollywood Project - More And More (Single Version)-32bit-192Khz.wv
❌ [missing ] 2-02 I Don_t Believe You (She Acts Like We Never Have Met).aif
🔵 [no_mb_id] 2. Menace & Adam - Missile Test  (Extended Mix).mp3
           artist='Menace & Adam'  title='Missile Test  (Extended mix)'
⚠  [generic ] 20. Living In A Box - Blow The House Down.mp3
           artist='Various'  title='Blow the House Down'
🔵 [no_mb_id] 201-brian_may-driven_by_you.mp3
           artist='Brian May'  title='Driven by You'
❌ [missing ] 20120309 Mark Ronson.mp3
🔵 [no_mb_id] 2018-Snap! - Rhythm Is A Dancer (12'' Mix)-32bit-192Khz.wv
           artist='Snap!'  title="Rhythm Is A Dancer (12'' Mix)"
🔵 [no_mb_id] 2025.05.11 - you're finally found the secret safe room....mp3
           artist='Klr'  title="You're Finally Found the Secret Safe Room..."
🔵 [no_mb_id] 209-kadans-varyasyon.mp3
           artist='Kadans'  title='Varyasyon'
🔵 [no_mb_id] 22 - Mc Poze do Rodo, Bielzin, Mainstreet, MC Cabelinho, PL Quest, Neo Beats - A Cara do Crime (Nós Incomoda).mp3
           artist='Karla Bonoff'  title='A Cara Do Crime (Nós Incomoda)'
❌ [missing ] 23. La Yegros - Viene de Mi  (El Búho Weird Flute Edit).mp3

─── 700 analysés | 129 problématiques ───

🔵 [no_mb_id] 26 - Talk Talk - It’s My Life (5.1 mix).mp3
           artist='Talk Talk'  title='It’S My Life (5.1 mix)'
🔵 [no_mb_id] 2B or 2A - 127 - 17 - Faul & WAD AD vs. PNAU - Changes (Robin Schulz Remix).mp3
           artist='Faul & Wad Ad Vs. Pnau'  title='2b/2a - Changes (Robin Schulz Remix)'
🔵 [no_mb_id] 30 - Have You Made Up Your Mind (live for BBC Radio 2 In Concert 14-11-2008).mp3
           artist='Paul Weller'  title='Have You Made Up Your Mind (Live for Bbc Radio 2 in Concert 14-11-2008)'
🔵 [no_mb_id] 319_Nancy_Noise_Made_With_Love_2.mp3
           artist='Nancy Noise'  title='Made With Love 2'
🔵 [no_mb_id] 369. Logan Paul - SANTA DISS TRACK (Official Music Video).mp3
           artist='Dj Poopy Pants'  title='Logan Paul - Santa Diss Track (Official Music Video)'
🔵 [no_mb_id] 401 - Luniz - I Got 5 On It - Bay Ballas Remix {Tone Capone, 1995} (Dru Down, Numskull, Richie Rich, E-40, Yukmouth, Shock G, Spice 1, Michael Marshall).mp3
           artist='Luniz'  title='I Got 5 on It - Bay Ballas Remix {Tone Capone, 1995} (Dru Down, Numskull, Richie Rich, E-40, Yukmouth, Shock G, Spice 1, Michael Marshall)'
🔵 [no_mb_id] 43. Requiem pour un fou.mp3
           artist='Johnny Hallyday'  title='Requiem Pour Un Fou (Live Au Parc Des Princes / 1993)'
🔵 [no_mb_id] 45. Various Artists - Let It Roll  Drum & Bass Vol. 2 (Continuous Mix 2 (Mixed by Suki)).mp3
           artist='Counterstrike'  title='Let It Roll : Drum & Bass Vol. 2 (Continuous mix 2 (Mixed by Suki))'
🔵 [no_mb_id] 48. Jacana People - Era (Edit).mp3
           artist='Jacana People'  title='Era (Edit)'
🔵 [no_mb_id] 8 - Giorgio Moroder - Paul's Theme (Jogging Chase).mp3
           artist='Giorgio Moroder'  title="Paul's Theme (Jogging Chase)"
❌ [missing ] 8.13.Do Sal & Sol Eu Sou (Afrobombas).mp3
❌ [missing ] 99 Souls - The Girl Is Mine (Extended Remix).mp3
❌ [missing ] 99 Souls - The Girl Is Mine (Extended Remix)_639159722600315076.mp3
🔵 [no_mb_id] 9A - 120 - Calypso Queen - Mo Laudi Remix - Calypso Rose.mp3
           artist='Calypso Rose'  title='Calypso Queen [Mo Laudi Rmx]'
🔵 [no_mb_id] A1 - Ocean Colour Scene - Hundred Mile High City.mp3
           artist='Ocean Colour Scene'  title='Hundred Mile High City'
🔵 [no_mb_id] A1 Stay With Me Till Dawn (Translucid Sunset Remix).mp3
           artist='Lucid'  title='Stay With Me Till Dawn (Translucid Sunset Remix)'
🔵 [no_mb_id] A1. The Gap Band - Big Fun (Mega Mix).mp3
           artist='The Gap Band'  title='Big Fun (Mega mix)'
🔵 [no_mb_id] A2 - I Put A Spell On You [Sonique Remix].mp3
           artist='Sonique'  title='I Put A Spell on You [Sonique Remix]'
🔵 [no_mb_id] A2. Big Trouble In Little China.mp3
           artist='Municipal Waste'  title='A2. Big Trouble in Little China'
❌ [missing ] ANIMAL - Treekoo ft. Jortyz DJ [Maria Becerra x Cazzu].mp3
🔵 [no_mb_id] Ace Of Base - The Sign.mp3
           artist='Ace of Base'  title='The Sign'
⚠  [generic ] Adeva - I Thank You (Love To Infinity Mix).mp3
           artist='Various Artists'  title='Adeva - I Thank You (Love to Infinity mix)'
🔵 [no_mb_id] Adina Howard - Freak Like Me (Joshwa Remix).mp3
           artist='Adina Howard'  title='Freak Like Me (Joshwa Remix)'
🔵 [no_mb_id] Adina Howard - Freak Like Me (Joshwa Remix)_639158163233478576.mp3
           artist='Adina Howard'  title='9a - 125.00 - Freak Like Me (Joshwa Remix)'
🔵 [no_mb_id] All Night Long (All Night) Mike Gudmann, Nippandab, Medon All Night Long (All Night).mp3
           artist='Mike Gudmann, Nippandab, Medon'  title='All Night Long (All Night)'
⚠  [generic ] Ameriie - 1 Thing.mp3
           artist='Amerie'  title='1 Thing (Radio Edit)'
🔵 [no_mb_id] Amy Macdonald - This Is The Life [Disc 1].mp3
           artist='Amy Macdonald'  title='This Is the Life'
🔵 [no_mb_id] Anderson Paak, Kaytranada - Glowed Up (Chris Grooves x Mijos Edit).[Hood Politics Records].mp3
           artist='Karla Bonoff'  title='Anderson Paak, Kaytranada - Glowed Up (Chris Grooves X Mijos Edit).[Hood Politics Records]'
🔵 [no_mb_id] Andrew Liles - COLOSSUS (PART TWO- 1994 - 2018) - 16 Right Round (Narration by M S Waldron).mp3
           artist='Andrew Liles'  title='Right Round (Narration by M S Waldron)'
🔵 [no_mb_id] Ane Brun vs NuDisorder - One Last Try (Original Mix).mp3
           artist='Ane Brun Vs Nudisorder'  title='One Last Try (Original mix)'
🔵 [no_mb_id] Angine de Poitrine - ANGINE DE POITRINE - VOL.1 - 04 Ababa Hotel.mp3
           artist='Angine de Poitrine'  title='Ababa Hotel'
⚠  [generic ] Ann Lee, Will Atkinson - 2 Times (Extended M.mp3
           artist='Ann Lee, Will Atkinson'  title='2 Times (Extended mix)'
🔵 [no_mb_id] Annie2016-39 - 05-10-2016 - Annie Nightingale - Jagwar Ma Quest Mix, Infinity Ink Ignition Mix.mp3
           artist='Annie Nightingale, Jagwar Ma, Infinity Ink'  title='Annie Nightingale on Bbc Radio1 - 2016-10-05'
🔵 [no_mb_id] Annie2016-39 - 05-10-2016 - Annie Nightingale - Jagwar Ma Quest Mix, Infinity Ink Ignition Mix_639158535606538911.mp3
           artist='Annie Nightingale, Jagwar Ma, Infinity Ink'  title='Annie Nightingale on Bbc Radio1 - 2016-10-05'
🔵 [no_mb_id] Annie2016-39 - 05-10-2016 - Annie Nightingale - Jagwar Ma Quest Mix, Infinity Ink Ignition Mix_639158671145824938.mp3
           artist='Annie Nightingale, Jagwar Ma, Infinity Ink'  title='Annie Nightingale on Bbc Radio1 - 2016-10-05'
🔵 [no_mb_id] Annie2016-39 - 05-10-2016 - Annie Nightingale - Jagwar Ma Quest Mix, Infinity Ink Ignition Mix_639158734158872382.mp3
           artist='Annie Nightingale, Jagwar Ma, Infinity Ink'  title='Annie Nightingale on Bbc Radio1 - 2016-10-05'
🔵 [no_mb_id] Annie2016-39 - 05-10-2016 - Annie Nightingale - Jagwar Ma Quest Mix, Infinity Ink Ignition Mix_639158759562621090.mp3
           artist='Annie Nightingale, Jagwar Ma, Infinity Ink'  title='Annie Nightingale on Bbc Radio1 - 2016-10-05'
🔵 [no_mb_id] Annie2016-39 - 05-10-2016 - Annie Nightingale - Jagwar Ma Quest Mix, Infinity Ink Ignition Mix_639158864467789937.mp3
           artist='Annie Nightingale, Jagwar Ma, Infinity Ink'  title='Annie Nightingale on Bbc Radio1 - 2016-10-05'
⚠  [generic ] Arrested Development - People Everyday (Speech Metamorphosis Mix).mp3
           artist='Various Artists'  title='Arrested Development - People Everyday (Speech Metamorphosis mix)'
🔵 [no_mb_id] Ashanti - Rock Wit U (Awww Baby) [Pound Boys Club Mix].mp3
           artist='Ashanti'  title='Rock Wit U (Awww Baby) [Pound Boys Club mix]'
🔵 [no_mb_id] Axel Johansson - Adagio For Strings (Radio Edit).mp3
           artist='Axel Johansson'  title='Adagio for Strings (Radio Edit)'
🔵 [no_mb_id] B - Exhalation (DJ Sprinkles' Deep Breath Mix).mp3
           artist='Parallax Beat Brothers'  title="Exhalation (Dj Sprinkles' Deep Breath mix)"
🔵 [no_mb_id] B. Faith Evans - Love Like This (T-Project Remix).mp3
           artist='Faith Evans'  title='Love Like This (T-Project Remix)'
🔵 [no_mb_id] B1. Saudade - Little Suzy (Original Mix).mp3
           artist='Saudade'  title='Little Suzy (Original mix)'
🔵 [no_mb_id] B2. Lonnie Gordon - Gonna Catch You (The Blue Circle).mp3
           artist='Lonnie Gordon'  title='Gonna Catch You (The Blue Circle)'
🔵 [no_mb_id] B3 - If You Want My Love (Here It Is) (More Than Enuff Love Mix).mp3
           artist='The Cover Girls'  title='If You Want My Love (Here It Is) (More Than Enuff Love mix)'
🔵 [no_mb_id] B5. Jaki Graham - Set Me Free (Special Extended Mix).mp3
           artist='Jaki Graham'  title='Set Me Free (Special Extended mix)'

─── 800 analysés | 176 problématiques ───

❌ [missing ] BALEARIC CHILL OUT VIBES SESSION Jjos (Balearic Cafe Chillout Island Lounge) Chill Out chillstep.mp3
❌ [missing ] BALEARIC CHILL OUT VIBES SESSION Jjos (Balearic Cafe Chillout Island Lounge) Chill Out chillstep_639159147324489062.mp3
🔵 [no_mb_id] BYOR, Imanbek - Belly Dancer (LUM!X Extended Remix) [Musical Freedom].mp3
           artist='Byor, Imanbek'  title='Belly Dancer (Lum!X Extended Remix)'
❌ [missing ] Baby D - Let me be your fantasy ( Younger Than Me 90's Wax Edit ).mp3
🔵 [no_mb_id] Bad Tuner - Coast.mp3
           artist='Bad Tuner'  title='Coast'
🔵 [no_mb_id] Barac @ Club Eden, Bucharest _ Romania 15.04.2015.mp3
           artist='Karla Bonoff'  title='Barac @ Club Eden, Bucharest : Romania 15.04.2015  10 Hours Set'
🔵 [no_mb_id] Beauz, JKRS - My Humps (Extended Mix).mp3
           artist='Beauz, Jkrs'  title='My Humps (Extended mix)'
🔵 [no_mb_id] Best of 2022  ELECTRO SWING! Year End Review ◈ New 3 Hour Swingin' Hot Mix! ◈ Vol. 2! - .mp3
           artist='Karla Bonoff'  title="Best of 2022 | Electro Swing!| Year End Review ◈ New 3 Hour Swingin' Hot mix! ◈ Vol. 2!"
🔵 [no_mb_id] Blur - Coffee + TV TOCP-61023 (Japan Edition).mp3
           artist='Blur'  title='Tender (Cornelius Remix)'
❌ [missing ] Blur - Song 2 (Japan TOCP-50174).mp3
❌ [missing ] Bob Harrison ‎– Yellow Moon.mp3
           artist=''  title='Bob Harrison \u200e– Yellow Moon'
❌ [missing ] Bobby Brown - Every Little Step (Roy McLeod Funkymix Remix).mp3
🔵 [no_mb_id] Bobby Brown - On Our Own.mp3
           artist='Bobby Brown'  title='On Our Own'
🔵 [no_mb_id] Bryson Tiller - Exchange (Flava D Edit).mp3
           artist='Karla Bonoff'  title='Bryson Tiller - Exchange (Flava D Edit)'
❌ [missing ] Bubble - Spa Street Sounds Vs Beenie Man - Dude.mp3
           artist=''  title='Bubble - Spa Street Sounds Vs Beenie Man - Dude'
🔵 [no_mb_id] CD1.mp3
           artist='Faith No More'  title='Cd1'
❌ [missing ] CDImage.ape
❌ [missing ] CDImage.flac
🔵 [no_mb_id] CDImage.mp3
           artist='Karla Bonoff'  title='Cdimage'
🔵 [no_mb_id] CDImage_639160616291670453.mp3
           artist='Ike & Tina Turner'  title='The Loco-Motion'
❌ [missing ] CJ - WHOOPTY - JAMES HYPE VIP - DIRTY.mp3
❌ [missing ] Cappella Mediterranea - Leonardo Garcia Alarcon - Virtuossima Compositrice.ape
🔵 [no_mb_id] Cast - Beat Mama (Fire Island Classic Boys Own Dub).mp3
           artist='Farley & Heller'  title='Cast - Beat Mama (Fire Island Classic Boys Own Dub)'
🔵 [no_mb_id] CeCe Peniston - Finally (Sweet Mercy DMC Remix).mp3
           artist='Karla Bonoff'  title='Cece Peniston - Finally (Sweet Mercy Dmc Remix)'
🔵 [no_mb_id] CeCe Peniston - We Got A Love Thang (Maurice Joshua Dub Mix).mp3
           artist='Karla Bonoff'  title='Cece Peniston - We Got A Love Thang (Maurice Joshua Dub mix)'
🔵 [no_mb_id] Celeste - Stop This Flame (MK Remix).mp3
           artist='Karla Bonoff'  title='Celeste - Stop This Flame (Mk Remix)'
🔵 [no_mb_id] Chris Rea - Auberge - Disc 2.mp3
           artist='Karla Bonoff'  title='Chris Rea - Auberge - Disc 2'
❌ [missing ] Chris Zippel & Michael Ritter - Shut Off The Lights (Jeremiah McKnight Extended Remix).aif
🔵 [no_mb_id] Christina Milian Feat. Joe Budden - Whatever You Want (Radio Version With Rap).mp3
           artist='Christina Milian Feat. Joe Budden'  title='Whatever You Want (Radio Version With Rap)'
🔵 [no_mb_id] Club 77 Sydney - Close Counters B2B Golden Vessel 5 hour set live from Club 77.mp3
           artist='Club 77 Sydney'  title='Close Counters B2b Golden Vessel 5 Hour Set Live From Club 77'
❌ [missing ] Clubbers Guide Summer 2006, Part 1_.ogg
           artist=''  title='Clubbers Guide Summer 2006, Part 1'
🔵 [no_mb_id] Comme Disait Le Poète.mp3
           artist='Ralph Thamar'  title='Comme Disait le Poète'
🔵 [no_mb_id] Connie - Funky Little Beat (20 Dolla Julio Acapella in Edit).mp3
           artist='Connie'  title='Funky Little Beat (20 Dolla Julio Acapella in Edit)'
🔵 [no_mb_id] D02. C Sol - The Taken.mp3
           artist='C Sol'  title='The Taken'
🔵 [no_mb_id] D3 - Red Zone (Part 1).mp3
           artist='Robert Miles Feat. Katia'  title='Red Zone (Part 1)'
❌ [missing ] DESESPERADOS (Remix) - Treekoo ft. Maxi Jayat [Rauw Alejandro, Chencho Corleone].mp3
🔵 [no_mb_id] Damien Rice - The Blower's Daughter_Cannonball.mp3
           artist='Damien Rice'  title="The Blower's Daughter/Cannonball"
🔵 [no_mb_id] Deadmau5, Kaskade - I Remember (Mass Digital Remix).mp3
           artist='Mass Digital'  title='Deadmau5, Kaskade - I Remember (Mass Digital Remix)'
❌ [missing ] Dennis Lloyd - Nevermind (Gruwski Remix EXT).mp3
🔵 [no_mb_id] Dillistone & SOMMA ft NOËP - Body on fire.mp3
           artist='Dillistone & Somma Ft Noëp'  title='Body on Fire'
❌ [missing ] Disclosure - Omen (Zim Flip V2.9) FINAL.mp3
🔵 [no_mb_id] Dj Lexx - Moombaton.mp3
           artist='Dj Lexx'  title='Moombaton'
❌ [missing ] Don't Stop EP - 04 - Dancing With Myself - EP Version - Generation X.aif
🔵 [no_mb_id] Donald Byrd & the Blackbyrds - Rock Creek Park (Durkin Edit).mp3
           artist='Donald Byrd & the Blackbyrds'  title='Rock Creek Park (Durkin Edit)'
🔵 [no_mb_id] Donald Byrd - (Fallin' Like) Dominoes (Doc Adam Edit).mp3
           artist='Donald Byrd'  title="(Fallin' Like) Dominoes (Doc Adam Edit)"
❌ [missing ] Download 8 2.m4a
           artist=''  title='Download 8 2'
❌ [missing ] Download(2).mp3
           artist=''  title='Download(2)'
❌ [missing ] Download(3).Mp3.mp3
           artist=''  title='Download(3).Mp3'
❌ [missing ] Drake - Passionfruit (Rude Jude Remix).mp3
❌ [missing ] Dream Team - Ride Wit Me (1998).mp3
❌ [missing ] Duran Duran - A View To A Kill (James Bond OST) (Peter Fenton Art Of Mix Scenic Remix).mp3
❌ [missing ] Duran Duran - Notorious.mp3

─── 900 analysés | 228 problématiques ───

❌ [missing ] EP 254 Claudia O'Doherty, Cory Hanson, Eric Wareheim, ''Weird'' Al Pacino (6-15-23).mp3
           artist=''  title='OHL-ep-254'
❌ [missing ] El Alfa x CJ x El Cherry Scom - La Mamá de la Mamá (GORDO x REDTAPE Remix).mp3
🔵 [no_mb_id] Eminem - Stay Wide Awake (Produced by D.mp3
           artist='Eminem'  title='Stay Wide Awake (Produced by D'
🔵 [no_mb_id] Enae Volare Mezzo (DJ Gregoryan Edit) - eRa.mp3
           artist='Era'  title='Enae Volare Mezzo (Dj Gregoryan Edit)'
❌ [missing ] Enrique Iglesias - Escape.mp3
🔵 [no_mb_id] Enzo Leep - Elliot Moss - Slip (Enzo Leep 'Sunset' Edit).mp3
           artist='Enzo Leep'  title='Slip'
❌ [missing ] Ep 223 - Crying in the Club.mp3
❌ [missing ] Eugene Wilde - Gotta Get You Home Tonight (Album Version).mp3
🔵 [no_mb_id] First Choice-Love & Happiness (Mike Maurro Mix).mp3
           artist='First Choice'  title='Love & Happiness (Mike Maurro mix)'
❌ [missing ] Florence and The Machine - Dog Days Are Over (Anton Khabbaz Extended Mix) MASTER.mp3
❌ [missing ] Florence and The Machine - Dog Days Are Over (Anton Khabbaz Extended Mix) MASTER_639160467450062484.mp3
           artist=''  title='Florence and the Machine - Dog Days Are Over (Anton Khabbaz Extended mix) Master'
❌ [missing ] Funk Tribu - I Got It For You (Extended Version).aif
❌ [missing ] Gabrielle - Going Nowhere (Mark Roberts Ultimix Remix).mp3
🔵 [no_mb_id] Gabrielle - Should I Stay (Junior Vasquez Class Mix).mp3
           artist='Gabrielle'  title='Should I Stay (Junior Vasquez Class mix)'
❌ [missing ] George Michael - Star People (CD Maxi).mp3
🔵 [no_mb_id] Heart - These Dreams - Heart’s Greatest Hits.mp3
           artist='Heart'  title='All I Wanna Do Is Make Love to You'
🔵 [no_mb_id] Helder Rei do Kuduro - 11 - Felicidade (Instrumental).mp3
           artist='Helder Rei Do Kuduro'  title='Felicidade (Instrumental)'
🔵 [no_mb_id] Henry Chris - Tu Beso (2024).mp3
           artist='Henry Chris'  title='Tu Beso'
⚠  [generic ] Hipnozia recs & Tripura yantra recs - The eternal beach frequencies - Compiled by Hipnozia recs (Prog - 07 07 - Helix - Beyond Your Mind (146BPM).mp3
           artist='Hipnozia Recs & Tripura Yantra Recs'  title='07 - Helix - Beyond Your Mind (146bpm)'
❌ [missing ] Hot Natured & Ali Love - Benediction (Oliver & Tom Edit).mp3
🔵 [no_mb_id] IIO - Rapture (Kenan Savrun Rework).mp3
           artist='Iio'  title='Rapture (Kenan Savrun Remix)'
❌ [missing ] Iio - Rapture (Kenan Savrun Rework).mp3
           artist=''  title='Iio - Rapture (Kenan Savrun Rework)'
🔵 [no_mb_id] Imagination - State of Love.mp3
           artist='Imagination'  title='State of Love'
❌ [missing ] JJ Learns The Colors Song  CoComelon Nursery Rhymes and Kids Songs _ 3 HOURS _ After School Club.mp3
           artist=''  title='Jj Learns the Colors Song  Cocomelon Nursery Rhymes and Kids Songs | 3 Hours | After School Club'
🔵 [no_mb_id] Jacky Core - Megamix By Lady Darkside [Web] [3174]_639158564359888434.mp3
           artist='Jacky Core'  title='Megamix by Lady Darkside'
❌ [missing ] Janie - Discothèque (Clip Officiel) (1).mp3
❌ [missing ] Jjos - Come Into My Space, Relaxing, Ambient & Chillout Music, Mix Meditation Music, Balearic.mp3
🔵 [no_mb_id] Joe Lewandowski, Mala Ika - I Wanna Know (Mala Ika Remix).mp3
           artist='Joe Lewandowski, Mala Ika'  title='I Wanna Know (Mala Ika Remix)'
🔵 [no_mb_id] Joel Corry - Sorry (Öwnboss, Double MZK VIP Edit)[Extended].mp3
           artist='(Double Mzk Vip Edit) [Extended]'  title='Sorry'
❌ [missing ] Katie Melua - Nine Million Bicycles.mp3
❌ [missing ] Katy Perry - the Making of _Chained to the Rhythm_ Music Video (Part 1).mp3
           artist=''  title='Katy Perry - the Making of _Chained to the Rhythm_ Music Video (Part 1)'
🔵 [no_mb_id] Keane - This Is The Last Time.mp3
           artist='Keane'  title='This Is the Last Time'
⚠  [generic ] Kiss From A Rose EP (Japan CD WPCR-2205).mp3
           artist='Seal'  title='Unknown'
🔵 [no_mb_id] Kobi Cantillo & Jerry Di - Hechizo.mp3
           artist='Kobi Cantillo & Jerry Di'  title='Hechizo'
💥 [error   ] Kostya Outta - Chasing Highs (Original Mix) - www.electronicfresh.com.aif
🔵 [no_mb_id] Kranium - Section.mp3
           artist='Kranium'  title='Section'
❌ [missing ] Krush - House Arrest (Burn Down The House Mix).mp3
🔵 [no_mb_id] Lavern Let Go.mp3
           artist='Lavern'  title='Let Go'
❌ [missing ] Lena Fiagbe - Gotta Get It Right (Unity DMC Remix).mp3

─── 1000 analysés | 267 problématiques ───

🔵 [no_mb_id] Liquid Gold-1979-Dalida In Paradisco - 04 - Dance Yourself Dizzy-24bit-96Khz.mp3
           artist='Dance Yourself Dizzy'  title='Dance Yourself Dizzy'
🔵 [no_mb_id] Liz Braswell - Part of Your World A Twisted Tale, Book 5 [1982519312].mp3
           artist='Liz Braswell'  title='Chapter 1'
❌ [missing ] Lizzo - About Damn Time (Pride Groove 2022 Mix).mp3
❌ [missing ] Lobsters _ Jonathan Bird S Blue World.mp3
           artist=''  title='Lobsters _ Jonathan Bird S Blue World'
🔵 [no_mb_id] Lykan - Bright Rise (Original Mix) [Frequenza Black Label].mp3
           artist='Lykan'  title='Bright Rise (Original mix)'
🔵 [no_mb_id] M1. Midnight Star - Headlines.mp3
           artist='Midnight Star'  title='Headlines'
🔵 [no_mb_id] M1. Midnight Star - Headlines_639154893639052587.mp3
           artist='Midnight Star'  title='Headlines'
🔵 [no_mb_id] MAKJ, JYYE - Promises (Extended Mix).mp3
           artist='Makj, Jyye'  title='Promises (Extended mix)'
🔵 [no_mb_id] MIXTAPE - ACR ONE SHOT  LAUREN VILLE (Nantes) - 15 Avril 2022 Radio EDIT CUT.mp3
           artist='Lauren Ville'  title='Mixtape - Acr One Shot15 Avril 2022 Radio Edit Cut'
❌ [missing ] Machine Head - Bloodstone and Diamonds.mp3
❌ [missing ] Magic System, 20 Ans de Tubes.mp3
           artist=''  title='Magic System, 20 Ans de Tubes'
❌ [missing ] Marseille C Est... - Feat. Jul - Sop.mp3
           artist=''  title='Marseille C Est... - Feat. Jul - Sop'
❌ [missing ] Mase - Tell Me What You Want (Florian Meffert remix).mp3
❌ [missing ] Mase - Tell Me What You Want (Florian Meffert remix)_639159022377753673.mp3
❌ [missing ] Mase - Tell Me What You Want (Florian Meffert remix)_639159064848040032.mp3
🔵 [no_mb_id] Mass Digital - Billie Eilish - Everything I Wanted (Mass Digital Remix).aif
           artist='Mass Digital'  title='Billie Eilish - Everything I Wanted (Mass Digital Remix)'
❌ [missing ] Max Cooper - The Sun In A Box (Original Mix).aif
🔵 [no_mb_id] Mike Candys & Jack Holiday Vs. Masters At Work - The Drill Vs. Work (Audiotune Bootleg).mp3
           artist='Audiotune'  title='Mike Candys & Jack Holiday Vs. Masters at Work - the Drill Vs. Work (Audiotune Bootleg)'
🔵 [no_mb_id] Milton Keys - On The Rhode.mp3
           artist='Milton Keys'  title='On the Rhode'
🔵 [no_mb_id] Mirror Me - Azure Skies And Golden Valleys - 03 Spectral Seafloor.mp3
           artist='Mirror Me'  title='Spectral Seafloor'
❌ [missing ] Mix de Cauet.mp3
           artist=''  title='Mix de Cauet'
❌ [missing ] Moody x Jax Jones - Afraid To Play (Luke S Final Edit).mp3
           artist=''  title='Play'
🔵 [no_mb_id] Motorcycle - As The Rush Comes (Gav Crayton Rework).mp3
           artist='Motorcycle'  title='As the Rush Comes (Gav Crayton Rework)'
❌ [missing ] My Way - Calvin Harris.mp3
           artist=''  title='My Way - Calvin Harris'
🔵 [no_mb_id] Never Finished Unshackle Your Mind and Win the War Within.mp3
           artist='David Goggins'  title='Never Finished: Unshackle Your Mind and Win the War Within'
🔵 [no_mb_id] Nio Garcia Y Casper Magico - Travesuras (Dj Coria & Skyrec).mp3
           artist='Nio Garcia y Casper Magico'  title='Travesuras (Dj Coria & Skyrec)'
❌ [missing ] Nora En Pure - Graubünden, Switzerland.mp3
           artist=''  title='Nora En Pure | Graubünden, Switzerland'
🔵 [no_mb_id] Now That's What I Call 40 Years - 27 - Take That - Rule The World (Radio Edit).mp3
           artist='Take That'  title='Rule the World (Radio Edit)'
❌ [missing ] Oasis - Live Forever (EICP 702).mp3
❌ [missing ] Obituary - Slowly We Rot.mp3
❌ [missing ] One Shot-revised 2.mp3
❌ [missing ] OneRepublic (Timbaland presents OneRepublic) - Apologize.mp3
🔵 [no_mb_id] Patawawa & Roman Kouder - Back To Life (Berry Juice Remix).mp3
           artist='Patawawa & Roman Kouder'  title='Back to Life (Berry Juice Remix)'
💥 [error   ] Paul Young-1985-Every Time You Go Away (Extended Remix Version)-32bit-384Khz.wv
🔵 [no_mb_id] Pierre Maizeroi - Juste Un Moment 87 x Guadeloupe, Boogie.mp3
           artist='Pierre Maizeroi'  title='Juste Un Moment'
🔵 [no_mb_id] Poolse - One Kiss (Extended Mix).mp3
           artist='Poolse'  title='One Kiss (Extended mix)'
🔵 [no_mb_id] Poolse - One Kiss (Extended Mix)_639160274488085536.mp3
           artist='Poolse'  title='One Kiss (Extended mix)'
🔵 [no_mb_id] Power Over Me (MEDUZA Remix Extended) - Meduza Music, Dermot Kennedy.mp3
           artist='Meduza, Dermot Kennedy'  title='Power Over Me (Meduza Remix - Extended)'
⚠  [generic ] REBRN - Track 01.mp3
           artist='Rebrn'  title='Track 01'
❌ [missing ] Regard - Ride It (FromParis Remix).mp3
           artist=''  title='Regard - Ride It (Fromparis Remix)'
🔵 [no_mb_id] Renan Boeing - When i See You Dance (Extended Mix).mp3
           artist='Renan Boeing'  title='When I See You Dance (Extended mix)'
❌ [missing ] Republica - Ready to Go  The best of.wv
🔵 [no_mb_id] Robin S - Show Me Love (Dario Caminita Revibe).mp3
           artist='Robin S'  title='Show Me Love (Dario Caminita Revibe)'
🔵 [no_mb_id] Ronski Speed vs Avicii - Wake Me Up On The Way  To Heaven.mp3
           artist='Ronski Speed Vs Avicii'  title='Wake Me Up on the Way to Heaven (Gavs Mash)'
❌ [missing ] S-Kyz - L'histoire D'un Jeune 2.mp3
           artist=''  title="S-Kyz - L'histoire D'un Jeune 2"

─── 1100 analysés | 312 problématiques ───

❌ [missing ] SZA - Blind (esentrik Remix) (Intro-Dirty).mp3
❌ [missing ] Satyricon - Dark Medieval Times.mp3
🔵 [no_mb_id] Secondcity - I Wanna Feel (Vulcan Bootleg).mp3
           artist='Secondcity'  title='I Wanna Feel (Vulcan Bootleg)'
❌ [missing ] Senorita.mp3
           artist=''  title='Señorita'
🔵 [no_mb_id] Sergiodnine - Give Me The Funk (Original Mix).mp3
           artist='Sergiodnine'  title='Give Me the Funk (Original mix)'
❌ [missing ] Shakira - She Wolf [US Special Edition - Arvato Release] (2009).mp3
❌ [missing ] Simple Minds - All The Things She Said (5.1).mp3
🔵 [no_mb_id] Simply Red - Holding Back The Years (Instrumental).mp3
           artist='Simply Red'  title='Holding Back the Years (Instrumental)'
🔵 [no_mb_id] Snap! - Rhythm Is A Dancer (Alinka Edit).mp3
           artist='Snap!'  title='Rhythm Is A Dancer (Alinka Edit)'
🔵 [no_mb_id] Sonaba - Think Of You (2024).mp3
           artist='Sonaba'  title='Think of You'
🔵 [no_mb_id] Sonaba - Think Of You (2024)_639160303638643311.mp3
           artist='Sonaba'  title='Think of You'
❌ [missing ] Spandau Ballet - Gold.mp3
🔵 [no_mb_id] Spiller - Groovejet (If This Ain't Love).mp3
           artist='Spiller'  title="Groovejet (If This Ain't Love) (Original Version)"
🔵 [no_mb_id] Stakka Bo - Here We Go (FBH Club Mix).mp3
           artist='Stakka Bo'  title='Here We Go (Fbh Club mix)'
🔵 [no_mb_id] Stephan Bouwman - Liquid Spirit (Live at Qmusic).mp3
           artist='Stephan Bouwman'  title='Liquid Spirit (Live at Qmusic)'
🔵 [no_mb_id] Sylvie Vartan - Tes Tendres Années (Live).mp3
           artist='Johnny Hallyday'  title='Tes Tendres Années (Live)'
❌ [missing ] THE TIMELORDS-DOCTORIN THE TARDIS.mp3
🔵 [no_mb_id] TRIBAL KING - façon sex TEK HOUSE MIX.mp3
           artist='Tribal King'  title='Façon Sex Tek House Mix'
❌ [missing ] Texas - Summer Son (Love To Infinity Euro Bootleg).mp3
❌ [missing ] The Art of Noise With Max Headroom - Paranoimia.mp3
🔵 [no_mb_id] The Bermudas - Short Shorts.mp3
           artist='The Bermudas'  title='Short Shorts'
🔵 [no_mb_id] The Blackbyrds - Unfinished Business (Nick Bike Edit).mp3
           artist='The Blackbyrds'  title='Unfinished Business (Nick Bike Edit)'
🔵 [no_mb_id] The Cranberies - The Cranberies- Zombie (Mp3goo.Com).Mp3.mp3
           artist='The Cranberies'  title='The Cranberies- Zombie (Mp3goo.Com).Mp3'
❌ [missing ] The Lighthouse Family - Lifted (Ocean Drive) (Blue Amazon Dub)_pn.mp3
           artist=''  title='Lifted (Blue Amazon Dub)'
🔵 [no_mb_id] The Notorious B.I.G. - Ready to Die.mp3
           artist='The Notorious B.I.G.'  title='Ready to Die'
❌ [missing ] The Pointer Sisters -2009- Jump_ The Very Best of.mp3
🔵 [no_mb_id] The Prince Karma - Later Bitches (Benny Benassi vs. MazZz & Constantin Extended Remix).mp3
           artist='The Prince Karma'  title='Later Bitches (Benny Benassi Vs. Mazzz & Constantin Extended Remix)'
🔵 [no_mb_id] The Righteous Yeah - Dance The Night Away - 04 Ka Ana.mp3
           artist='The Righteous Yeah'  title='Ka Ana'
💥 [error   ] The Ritchie Family-1980-Give Me A Break (Casablanca 25s-7, Polystar 25s-7, Japan, Promo) - 03 - All My Love-32bit-384Khz.wv
🔵 [no_mb_id] The Stranglers - No More Heroes (TOCP-53275).mp3
           artist='The Stranglers'  title='Bitching'
❌ [missing ] The Stranglers - No More Heroes.mp3
❌ [missing ] The Sweet - Live 1973.mp3
❌ [missing ] The Sweet - Live 1973_639160745170083916.mp3
🔵 [no_mb_id] The Temper Trap - Sweet Disposition (EZEK RMX).mp3
           artist='The Temper Trap'  title='Sweet Disposition ( Ezek Remix)'
🔵 [no_mb_id] The Temper Trap - Sweet Disposition (EZEK Remix) [Melodic Deep].mp3
           artist='The Temper Trap'  title='Sweet Disposition ( Ezek Remix)'
🔵 [no_mb_id] The Weeknd - Call Out My Name.mp3
           artist='The Weeknd'  title='Call Out My Name'
🔵 [no_mb_id] The Weeknd - I Was Never There.mp3
           artist='The Weeknd'  title='I Was Never There'
🔵 [no_mb_id] The Weeknd - Love to Lay.mp3
           artist='The Weeknd'  title='Love to Lay'
🔵 [no_mb_id] The Weeknd - Pray for Me.mp3
           artist='The Weeknd'  title='Pray for Me'
🔵 [no_mb_id] The Weeknd - Prisoner.mp3
           artist='The Weeknd'  title='Prisoner'
🔵 [no_mb_id] The Weeknd - Rockin'.mp3
           artist='The Weeknd'  title='Rockin’'
🔵 [no_mb_id] The Weeknd - Shameless.mp3
           artist='The Weeknd'  title='Shameless'
🔵 [no_mb_id] The Weeknd - Sidewalks.mp3
           artist='The Weeknd'  title='Sidewalks'
🔵 [no_mb_id] The Weeknd - Stargirl Interlude.mp3
           artist='The Weeknd'  title='Stargirl Interlude'
🔵 [no_mb_id] The Weeknd - True Colors.mp3
           artist='The Weeknd'  title='True Colors'
🔵 [no_mb_id] The dead sexy Inc. - Ca plane pour moi.mp3
           artist='The dead sexy Inc.'  title='Ca plane pour moi'
🔵 [no_mb_id] The dead sexy Inc. - Ca plane pour moi_639157921813589641.mp3
           artist='The dead sexy Inc.'  title='Ca plane pour moi'
🔵 [no_mb_id] Tima - Pirate.mp3
           artist='Timal'  title='Pirate'
❌ [missing ] Timo - Contigo.mp3
           artist=''  title='Timo - Contigo'
❌ [missing ] Timo - Contigo_639160291507976114.mp3
           artist=''  title='Timo - Contigo'
🔵 [no_mb_id] Tough Love x Seamus Haji (Last Night A DJ Saved My Life)-[01]-Last Night A DJ Saved My Life (Club Mix) (Radio Edit).mp3
           artist='Tough Love X Seamus Haji'  title='Last Night A Dj Saved My Life (Club mix) (Radio Edit)'
🔵 [no_mb_id] Tough Love x Seamus Haji (Last Night A DJ Saved My Life)-[02]-Last Night A DJ Saved My Life (Club Mix) (Extended Mix).mp3
           artist='Tough Love X Seamus Haji'  title='Last Night A Dj Saved My Life (Club mix) (Extended mix)'
🔵 [no_mb_id] Tout Genre + Musique Youtube - 20110703 174136 2.M4a.mp3
           artist='Tout Genre + Musique Youtube'  title='20110703 174136 2.M4a'
🔵 [no_mb_id] Tout Genre + Musique Youtube - Mix Cauet 1 1.mp3
           artist='Tout Genre + Musique Youtube'  title='Mix Cauet 1 1'
🔵 [no_mb_id] Tout Genre + Musique Youtube - Mix Cauet 1 2.Mp3.mp3
           artist='Tout Genre + Musique Youtube'  title='Mix Cauet 1 2.Mp3'
🔵 [no_mb_id] Tout Genre + Musique Youtube - Piste1 2.mp3
           artist='Tout Genre + Musique Youtube'  title='Piste1 2'
🔵 [no_mb_id] Tout Genre + Musique Youtube - Piste26 2.mp3
           artist='Tout Genre + Musique Youtube'  title='Piste26 2'
🔵 [no_mb_id] Tout Genre + Musique Youtube - Piste30 2.mp3
           artist='Tout Genre + Musique Youtube'  title='Piste30 2'
🔵 [no_mb_id] Tout Genre + Musique Youtube - Piste77 2.mp3
           artist='Tout Genre + Musique Youtube'  title='Piste77 2'
🔵 [no_mb_id] Tout Genre + Musique Youtube - Piste94 1.mp3
           artist='Tout Genre + Musique Youtube'  title='Piste94 1'
🔵 [no_mb_id] Tout Genre + Musique Youtube - Piste97 1.mp3
           artist='Tout Genre + Musique Youtube'  title='Piste97 1'

─── 1200 analysés | 373 problématiques ───

🔵 [no_mb_id] Tout Genre + Musique Youtube - Revival 2009 Vol 4 Part 7 Dj Kuki 1 2.Mp3.mp3
           artist='Tout Genre + Musique Youtube'  title='Revival 2009 Vol 4  Part 7 Dj Kuki 1 2.Mp3'
🔵 [no_mb_id] Tout Genre + Musique Youtube - Revival Montesinos 2.Mp3.mp3
           artist='Tout Genre + Musique Youtube'  title='Revival Montesinos 2.Mp3'
🔵 [no_mb_id] Tout Genre + Musique Youtube - S-Kyz - L'histoire D'un Jeune 1 1.mp3
           artist='Tout Genre + Musique Youtube'  title="S-Kyz - L'histoire D'un Jeune 1 1"
🔵 [no_mb_id] Tout Genre + Musique Youtube - Temazo R 2.Mp3.mp3
           artist='Tout Genre + Musique Youtube'  title='Temazo R 2.Mp3'
🔵 [no_mb_id] Tout Genre + Musique Youtube - Yo Soy Un Caballero.Mp3.mp3
           artist='Tout Genre + Musique Youtube'  title='Yo Soy Un Caballero.Mp3'
🔵 [no_mb_id] Travis - Sing.mp3
           artist='Travis'  title='Sing'
🔵 [no_mb_id] Travis - Sing_639159747391400946.mp3
           artist='Travis'  title='Sing'
❌ [missing ] Tribal Dance - Direct Hit Remix - 2 Unlimited.mp3
           artist=''  title='Tribal Dance - Direct Hit Remix - 2 Unlimited'
❌ [missing ] Two Feet - Go F_ck Yourself (Proppa Reboot).mp3
           artist=''  title='Two Feet - Go F_Ck Yourself (Proppa Reboot)'
❌ [missing ] Two Feet - Go F_ck Yourself (Proppa Reboot)_639158334827352470.mp3
           artist=''  title='Two Feet - Go F_Ck Yourself (Proppa Reboot)'
❌ [missing ] Two Feet - Go F_ck Yourself (Proppa Reboot)_639158394098649752.mp3
           artist=''  title='Two Feet - Go F_Ck Yourself (Proppa Reboot)'
❌ [missing ] Two Feet - Go F_ck Yourself (Proppa Reboot)_639158455742449799.mp3
           artist=''  title='Two Feet - Go F_Ck Yourself (Proppa Reboot)'
❌ [missing ] Two Feet - Go F_ck Yourself (Proppa Reboot)_639158656564917341.mp3
           artist=''  title='Two Feet - Go F_Ck Yourself (Proppa Reboot)'
❌ [missing ] Two Feet - Go F_ck Yourself (Proppa Reboot)_639158739122796650.mp3
           artist=''  title='Two Feet - Go F_Ck Yourself (Proppa Reboot)'
❌ [missing ] Two Feet - Go F_ck Yourself (Proppa Reboot)_639158803642023977.mp3
           artist=''  title='Two Feet - Go F_Ck Yourself (Proppa Reboot)'
❌ [missing ] Two Feet - Go F_ck Yourself (Proppa Reboot)_639158856121991889.mp3
           artist=''  title='Two Feet - Go F_Ck Yourself (Proppa Reboot)'
❌ [missing ] Two Feet - Go F_ck Yourself (Proppa Reboot)_639158911213315024.mp3
           artist=''  title='Two Feet - Go F_Ck Yourself (Proppa Reboot)'
❌ [missing ] Two Feet - Go F_ck Yourself (Proppa Reboot)_639158974914451806.mp3
           artist=''  title='Two Feet - Go F_Ck Yourself (Proppa Reboot)'
❌ [missing ] Two Feet - Go F_ck Yourself (Proppa Reboot)_639159038647909881.mp3
           artist=''  title='Two Feet - Go F_Ck Yourself (Proppa Reboot)'
❌ [missing ] Two Feet - Go F_ck Yourself (Proppa Reboot)_639159091916902107.mp3
           artist=''  title='Two Feet - Go F_Ck Yourself (Proppa Reboot)'
❌ [missing ] Two Feet - Go F_ck Yourself (Proppa Reboot)_639159158603019077.mp3
           artist=''  title='Two Feet - Go F_Ck Yourself (Proppa Reboot)'
❌ [missing ] Two Feet - Go F_ck Yourself (Proppa Reboot)_639159171260663530.mp3
           artist=''  title='Two Feet - Go F_Ck Yourself (Proppa Reboot)'
🔵 [no_mb_id] U96 - Night In Motion (859 335-2) (1993).mp3
           artist='U96'  title='(1993)'
🔵 [no_mb_id] Ultra Instinct Theme (From _Dragon Ball Super_) - Epic Version_spotdown.org.mp3
           artist='Anthony Lo Re'  title='Ultra Instinct Theme (From "Dragon Ball Super") - Epic Version'
🔵 [no_mb_id] Ultra Naté - New Kind Of Medicine (Alex Di Ciò Re-Edit).mp3
           artist='Ultra Naté'  title='New Kind of Medicine (Alex Di Ciò Re-Edit)'
⚠  [generic ] Unknown Artist - La Cumbia Extended Calmani Grey Picco Vers.1.mp3
           artist='Unknown Artist'  title='La Cumbia Extended Calmani Grey Picco Vers.1'
❌ [missing ] Von Mondo, Volpe & Klub Rider - The Night.mp3
❌ [missing ] Von Mondo, Volpe & Klub Rider - The Night_639158117691651754.mp3
🔵 [no_mb_id] Vëlh - romance without words - 08 transcendence.mp3
           artist='V'  title='Transcendence'
❌ [missing ] Wall Street - Dj Fred & Arnold T.mp3
           artist=''  title='Wall Street - Dj Fred & Arnold T'
🔵 [no_mb_id] Warren Saada - Sans toi - Sans toi.mp3
           artist='Warren Saada'  title='Sans Toi'
❌ [missing ] West End & Sybil - The Love I Lost (The Love I Dub Mix).mp3
🔵 [no_mb_id] What time is Love (Trance Mix).mp3
           artist='The Klf'  title='What Time Is Love (1988 Pure Trance Original)'
🔵 [no_mb_id] Yolanda Be Cool, DCUP, Sllash & Doppe - We No Speak Americano (Sllash & Doppe Remix) [Sweat It Out].mp3
           artist='Yolanda be Cool, Dcup, Sllash & Doppe'  title='We No Speak Americano (Sllash & Doppe Remix) [Sweat It Out]'
🔵 [no_mb_id] Yolanda Be Cool, DCUP, Sllash & Doppe - We No Speak Americano (Sllash & Doppe Remix) [Sweat It Out]_639158317319255196.mp3
           artist='Yolanda be Cool, Dcup, Sllash & Doppe'  title='We No Speak Americano (Sllash & Doppe Remix) [Sweat It Out]'
🔵 [no_mb_id] Yolanda Be Cool, DCUP, Sllash & Doppe - We No Speak Americano (Sllash & Doppe Remix) [Sweat It Out]_639158362384630526.mp3
           artist='Yolanda be Cool, Dcup, Sllash & Doppe'  title='We No Speak Americano (Sllash & Doppe Remix) [Sweat It Out]'
