2026-06-14 08:43:09,719 - INFO - 🎨 Style posters chargé: /app/playlists/poster_style.spotify.json
2026-06-14 08:43:09,858 - INFO - 🎨 Génération des posters pour 173 playlists...
2026-06-14 08:43:12,390 - DEBUG -   🖼️ ❤️ Tracks
2026-06-14 08:43:14,300 - DEBUG -   🖼️ All Music
2026-06-14 08:43:16,296 - DEBUG -   🖼️ Fresh ❤️
2026-06-14 08:43:18,527 - DEBUG -   🖼️ Recently Added
2026-06-14 08:43:20,897 - DEBUG -   🖼️ Recently Played
2026-06-14 08:43:22,822 - DEBUG -   🖼️ ⭐ 1 étoiles (7 titres)
2026-06-14 08:43:25,389 - DEBUG -   🖼️ ⭐ 2 étoiles (4 titres)
2026-06-14 08:43:27,448 - DEBUG -   🖼️ ⭐ 3 étoiles (10 titres)
2026-06-14 08:43:29,262 - DEBUG -   🖼️ ⭐ 4 étoiles (109 titres)
2026-06-14 08:43:31,599 - DEBUG -   🖼️ ⭐ 5 étoiles (97 titres)
2026-06-14 08:43:33,966 - DEBUG -   🖼️ ⭐ Stars 80 FR & US (21497 titres) [fusion]
2026-06-14 08:43:36,111 - DEBUG -   🖼️ À redécouvrir (62 titres)
2026-06-14 08:43:38,418 - DEBUG -   🖼️ Acoustique (500 titres)
2026-06-14 08:43:40,594 - DEBUG -   🖼️ After Party (500 titres)
2026-06-14 08:43:42,864 - DEBUG -   🖼️ Afterwork chill (120 titres)
2026-06-14 08:43:45,793 - DEBUG -   🖼️ Albums pépites (108 titres)
2026-06-14 08:43:47,746 - DEBUG -   🖼️ Ambient & Drone (276 titres)
2026-06-14 08:43:50,091 - DEBUG -   🖼️ Apéro Chill (500 titres)
2026-06-14 08:43:52,207 - DEBUG -   🖼️ Automne Doré (500 titres)
2026-06-14 08:43:54,282 - DEBUG -   🖼️ Bandes Originales (500 titres)
2026-06-14 08:43:56,735 - DEBUG -   🖼️ Before going out (100 titres)
2026-06-14 08:43:59,865 - DEBUG -   🖼️ Brunch & Repas (500 titres)
2026-06-14 08:44:03,237 - DEBUG -   🖼️ Brunch Dimanche (500 titres)
2026-06-14 08:44:05,679 - DEBUG -   🖼️ Brunch weekend (100 titres)
2026-06-14 08:44:07,871 - DEBUG -   🖼️ Bureau sans stress (120 titres)
2026-06-14 08:44:09,957 - DEBUG -   🖼️ Chanson Française (396 titres)
2026-06-14 08:44:12,717 - DEBUG -   🖼️ Chill & Relax (500 titres)
2026-06-14 08:44:15,095 - DEBUG -   🖼️ Christmas & Fêtes (500 titres)
2026-06-14 08:44:17,731 - DEBUG -   🖼️ Classical & Orchestre (500 titres)
2026-06-14 08:44:20,110 - DEBUG -   🖼️ Conduite Auto (500 titres)
2026-06-14 08:44:22,170 - DEBUG -   🖼️ Country & Folk (500 titres)
2026-06-14 08:44:24,683 - DEBUG -   🖼️ Covers & Reprises (500 titres)
2026-06-14 08:44:26,990 - DEBUG -   🖼️ Crépuscule (500 titres)
2026-06-14 08:44:30,431 - DEBUG -   🖼️ Cuisine & Recette (500 titres)
2026-06-14 08:44:32,991 - DEBUG -   🖼️ Cuisine en rythme (82 titres)
