Pipeline tagging — Mode: RÉEL

━━━━━━━━━━━━━━━━━━━━━━━━━━━━━━━━━━━━━━━━━━━━━━━━━━━━━━━━━━━━
📁 /music
━━━━━━━━━━━━━━━━━━━━━━━━━━━━━━━━━━━━━━━━━━━━━━━━━━━━━━━━━━━━

[1/2] songrec-rename — identification Shazam
$ /usr/local/bin/songrec-rename -i /music
1381 fichier(s) audio trouvé(s).  [tags ID3]

[1/1381] - LIGHTHOUSE FAMILY - Question of Faith (Idjut Boys Mix).aif
  ✗ non reconnu (ni SongRec ni tags)
[2/1381] ...And You Will Know Us By the Trail of Dead - Taken by the Hand.mp3
  ♪ ...And You Will Know Us By the Trail of Dead — Taken by the Hand (XI: BLEED HERE NOW) [2022]  [SongRec]
  = nom déjà correct
  ♬ ...And You Will Know Us By the Trail of Dead — Taken by the Hand, album : XI: BLEED HERE NOW, année : 2022, genre : Rock
[3/1381] 01  Rough Out Here_639159098796934048.mp3
  ♪ The Modulations — Rough Out Here (It's Rough Out Here (Expanded Edition)) [1994]  [SongRec]
  ⚠ conflit : The Modulations - Rough Out Here.mp3 existe déjà, ignoré
  ♬ The Modulations — Rough Out Here, album : It's Rough Out Here (Expanded Edition), année : 1994, genre : R&B/Soul
[4/1381] 01  Rough Out Here_639159159920151409.mp3
  ♪ The Modulations — Rough Out Here (It's Rough Out Here (Expanded Edition)) [1994]  [SongRec]
  ⚠ conflit : The Modulations - Rough Out Here.mp3 existe déjà, ignoré
  ♬ The Modulations — Rough Out Here, album : It's Rough Out Here (Expanded Edition), année : 1994, genre : R&B/Soul
[5/1381] 01  Rough Out Here_639159176830836977.mp3
  ♪ The Modulations — Rough Out Here (It's Rough Out Here (Expanded Edition)) [1994]  [SongRec]
  ⚠ conflit : The Modulations - Rough Out Here.mp3 existe déjà, ignoré
  ♬ The Modulations — Rough Out Here, album : It's Rough Out Here (Expanded Edition), année : 1994, genre : R&B/Soul
[6/1381] 01 - GOLDFRAPP - Ooh La La.dsf
  ✗ non reconnu (ni SongRec ni tags)
[7/1381] 01 - JAMES GANG - Funk #49.dsf
  ✗ non reconnu (ni SongRec ni tags)
[8/1381] 01 - Kenny Loggins - Footloose.dsf
  ✗ non reconnu (ni SongRec ni tags)
[9/1381] 01 - Maneater.dsf
  ✗ non reconnu (ni SongRec ni tags)
[10/1381] 01 - Mumtaz Mahal - Coming Of The Mandinka.dsf
  ✗ non reconnu (ni SongRec ni tags)
[11/1381] 01 - Seven Nation Army.dsf
  ✗ non reconnu (ni SongRec ni tags)
[12/1381] 01 - jean-paul pognon - koumbit - krysti_639158164896734515.mp3
  ♪ Jean-Paul Pognon — Krysti (L'Année Du Zouk, Vol. 3) [2007]  [SongRec]
  ⚠ conflit : Jean-Paul Pognon - Krysti.mp3 existe déjà, ignoré
  ♬ Jean-Paul Pognon — Krysti, album : L'Année Du Zouk, Vol. 3, année : 2007, genre : World
[13/1381] 01 What Can I Do (Tin Tin Out Remix).wav
  ✗ non reconnu (ni SongRec ni tags)
[14/1381] 01-07. Bob Dylan - Lily, Rosemary And The Jack Of Hearts.dsf
  ✗ non reconnu (ni SongRec ni tags)
[15/1381] 01-Daft Punk-Give Life Back to Music.dsf
  ✗ non reconnu (ni SongRec ni tags)
[16/1381] 01. Bohemian Rhapsody.dsf
  ✗ non reconnu (ni SongRec ni tags)
[17/1381] 01. Highway Star [5.14.0].dsf
  ✗ non reconnu (ni SongRec ni tags)
[18/1381] 02 - Be Cool (UK Radio Edit).flac
  ✗ non reconnu (ni SongRec ni tags)
[19/1381] 02 - Harold Melvin & Blue Notes - The Love I Lost.dsf
  ✗ non reconnu (ni SongRec ni tags)
[20/1381] 02 How Deep Is Your Love.aif
  ✗ non reconnu (ni SongRec ni tags)
[21/1381] 02 Never Ever.aif
  ✗ non reconnu (ni SongRec ni tags)
[22/1381] 02 Tori- RAINN Info - Story About The beginnings Of RAINN - Horses - Leather - Cornflake Girl - PSA from Bjork - Commercials.mp3
  ✗ non reconnu (ni SongRec ni tags)
[23/1381] 03 - Baby Boy.dsf
  ✗ non reconnu (ni SongRec ni tags)
[24/1381] 03 - Chris de Burgh - The Lady In Red.dsf
  ✗ non reconnu (ni SongRec ni tags)
[25/1381] 03 - I Won't Hold You Back.dsf
  ✗ non reconnu (ni SongRec ni tags)
[26/1381] 03 - Just The Way You Are.dsf
  ✗ non reconnu (ni SongRec ni tags)
[27/1381] 03 - Morrissey - Everyday Is Like Sunday (2011 Remaster).mp3
  ♪ Morrissey — Everyday Is Like Sunday (Everyday Is Like Sunday / Disappointed [Digital 45]) [1987]  [SongRec]
  ⚠ conflit : Morrissey - Everyday Is Like Sunday.mp3 existe déjà, ignoré
  ♬ Morrissey — Everyday Is Like Sunday, album : Everyday Is Like Sunday / Disappointed [Digital 45], année : 1987, genre : College Rock
[28/1381] 03 Going Home - Black Magic Woman-Gypsy Queen - Oye Como Va - Incident At Neshabur_639160627964249139.mp3
  ♪ Santana — Santana Segment 1 (1974 Kbfh Show) [1974]  [tags existants]
  ⚠ conflit : Santana - Santana Segment 1.mp3 existe déjà, ignoré
  ♬ Santana — Santana Segment 1, album : 1974 Kbfh Show, année : 1974
[29/1381] 04 - Amnesia (Zion Train 359 Amhurst Road Mix)_639159317721547767.mp3
  ♪ Chumbawamba — Amnesia (Zion Train 359 Amhurst Road mix) (Amnesia - Cd1) [1997]  [tags existants]
  ⚠ conflit : Chumbawamba - Amnesia (Zion Train 359 Amhurst Road mix).mp3 existe déjà, ignoré
  ♬ Chumbawamba — Amnesia (Zion Train 359 Amhurst Road mix), album : Amnesia - Cd1, année : 1997
[30/1381] 04 - In a Perfect World_639158326346294298.mp3
  ♪ Jjos — In a Perfect World (Come into My Space) [2011]  [SongRec]
  ⚠ conflit : Jjos - In a Perfect World.mp3 existe déjà, ignoré
  ♬ Jjos — In a Perfect World, album : Come into My Space, année : 2011, genre : Electronic
[31/1381] 04 - Nothing At All.dsf
  ✗ non reconnu (ni SongRec ni tags)
[32/1381] 04 - Pink Floyd - Time.dsf
  ✗ non reconnu (ni SongRec ni tags)
[33/1381] 04 - Rent.dsf
  ✗ non reconnu (ni SongRec ni tags)
[34/1381] 04 - Why Did I Choose You.dsf
  ✗ non reconnu (ni SongRec ni tags)
[35/1381] 04 - Within.dsf
  ✗ non reconnu (ni SongRec ni tags)
[36/1381] 04 Break the Man.dsf
  ✗ non reconnu (ni SongRec ni tags)
[37/1381] 04 Break the Man_639159696736720242.dsf
  ✗ non reconnu (ni SongRec ni tags)
[38/1381] 04 Chelsea Dagger.aif
  ✗ non reconnu (ni SongRec ni tags)
[39/1381] 04 Fix You.aif
  ✗ non reconnu (ni SongRec ni tags)
[40/1381] 04. Hungry Like The Wolf.dsf
  ✗ non reconnu (ni SongRec ni tags)
[41/1381] 04. Medley- Mode D -Trio And Group Dancers - Mode E- Single Solos And Group Dance - Mode F - Group And Solo Dance.dsf
  ✗ non reconnu (ni SongRec ni tags)
[42/1381] 05 (B1) - Cool Down The Pace_639158484260569613.mp3
  ♪ Gregory Isaacs — Cool Down the Pace (Night Nurse (Bonus Tracks Edition)) [1982]  [SongRec]
  ⚠ conflit : Gregory Isaacs - Cool Down the Pace.mp3 existe déjà, ignoré
  ♬ Gregory Isaacs — Cool Down the Pace, album : Night Nurse (Bonus Tracks Edition), année : 1982, genre : Reggae
[43/1381] 05 - Laisse-moi Vivre Ma Vie.dsf
  ✗ non reconnu (ni SongRec ni tags)
[44/1381] 05 - Michal Kanka,Jaromir Klepac - REVERIE,transcribed for Cello and Piano.dsf
