2026-06-13 08:40:36,124 - INFO - 🎨 Style posters chargé: /app/playlists/poster_style.default.json
2026-06-13 08:40:36,125 - INFO - 🎵 Génération des playlists automatiques PlexAmp
2026-06-13 08:40:43,209 - INFO - 📊 249513 pistes chargées (dédupliquées)
2026-06-13 08:41:15,079 - INFO - ℹ️ Last.fm non configuré (LASTFM_USER / LASTFM_API_KEY absents)
2026-06-13 08:41:30,621 - INFO - ⭐ Stars 80: 26338 titres (known_80=0, unknown_year=26338, excluded_by_year=2)
2026-06-13 08:41:53,537 - INFO - 🧩 9 playlists personnalisées chargées depuis /app/playlists/manual_playlists.json
2026-06-13 08:41:53,538 - INFO - 🧹 Emojis retirés de 68 noms de playlists
2026-06-13 08:41:57,219 - DEBUG -   Supprimé: ⭐ 1 étoiles (7 titres)
2026-06-13 08:41:57,596 - DEBUG -   Supprimé: ⭐ 2 étoiles (4 titres) [fusion]
2026-06-13 08:41:57,609 - DEBUG -   Supprimé: ⭐ 3 étoiles (10 titres) [fusion]
2026-06-13 08:41:57,623 - DEBUG -   Supprimé: ⭐ 4 étoiles (109 titres) [fusion]
2026-06-13 08:41:57,630 - DEBUG -   Supprimé: ⭐ 5 étoiles (97 titres) [fusion]
2026-06-13 08:41:57,637 - DEBUG -   Supprimé: À redécouvrir (62 titres)
2026-06-13 08:41:57,655 - DEBUG -   Supprimé: Acoustique (500 titres)
2026-06-13 08:41:57,666 - DEBUG -   Supprimé: After Party (500 titres)
2026-06-13 08:41:57,673 - DEBUG -   Supprimé: Albums pépites (108 titres)
2026-06-13 08:41:57,689 - DEBUG -   Supprimé: Ambient & Drone (276 titres)
2026-06-13 08:41:57,698 - DEBUG -   Supprimé: Anniversaire (334 titres)
2026-06-13 08:41:57,718 - DEBUG -   Supprimé: Automne Doré (500 titres)
2026-06-13 08:41:57,730 - DEBUG -   Supprimé: Brunch Dimanche (500 titres)
2026-06-13 08:41:57,736 - DEBUG -   Supprimé: Brunch weekend (100 titres)
2026-06-13 08:41:57,768 - DEBUG -   Supprimé: Chill & Relax (500 titres)
2026-06-13 08:41:57,778 - DEBUG -   Supprimé: Christmas & Fêtes (500 titres)
2026-06-13 08:41:57,788 - DEBUG -   Supprimé: Classical & Orchestre (500 titres)
2026-06-13 08:41:57,800 - DEBUG -   Supprimé: Conduite Auto (500 titres)
2026-06-13 08:41:57,819 - DEBUG -   Supprimé: Country & Folk (500 titres)
2026-06-13 08:41:57,831 - DEBUG -   Supprimé: Covers & Reprises (500 titres)
2026-06-13 08:41:57,843 - DEBUG -   Supprimé: Crépuscule (500 titres)
2026-06-13 08:41:57,854 - DEBUG -   Supprimé: Cuisine & Recette (500 titres)
2026-06-13 08:41:57,861 - DEBUG -   Supprimé: Cuisine en rythme (82 titres)
2026-06-13 08:41:57,868 - DEBUG -   Supprimé: Daily mix chill (120 titres)
2026-06-13 08:41:57,895 - DEBUG -   Supprimé: Daily mix energie (120 titres) [fusion]
2026-06-13 08:41:57,918 - DEBUG -   Supprimé: Daily mix night drive (120 titres) [fusion]
2026-06-13 08:41:57,929 - DEBUG -   Supprimé: Dark & Intense (500 titres)
2026-06-13 08:41:57,945 - DEBUG -   Supprimé: Dimanche reset (120 titres)
2026-06-13 08:41:57,960 - DEBUG -   Supprimé: Dreamy & Éthéré (500 titres) [fusion]
2026-06-13 08:41:57,976 - DEBUG -   Supprimé: Épique & Cinématique (500 titres) [fusion]
2026-06-13 08:41:57,988 - DEBUG -   Supprimé: Été & Soleil (500 titres)
2026-06-13 08:41:58,039 - DEBUG -   Supprimé: Funk & Disco (5058 titres)
2026-06-13 08:41:58,101 - DEBUG -   Supprimé: Génération Top 50 (7940 titres)
2026-06-13 08:41:58,112 - DEBUG -   Supprimé: Génériques TV/Films (500 titres)
2026-06-13 08:41:58,129 - DEBUG -   Supprimé: Hard Rock & Metal (355 titres)
2026-06-13 08:41:58,140 - DEBUG -   Supprimé: Hiver & Cocooning (500 titres)
2026-06-13 08:41:58,155 - DEBUG -   Supprimé: Indie & Alternatif (182 titres)
2026-06-13 08:41:58,161 - DEBUG -   Supprimé: International essentiels (33 titres)
2026-06-13 08:41:58,171 - DEBUG -   Supprimé: Jazz & Blues (500 titres)
2026-06-13 08:41:58,192 - DEBUG -   Supprimé: Joie & Bonheur (500 titres)
2026-06-13 08:41:58,198 - DEBUG -   Supprimé: K-Pop & J-Pop (67 titres)
2026-06-13 08:41:58,205 - DEBUG -   Supprimé: Karaoké (221 titres)
2026-06-13 08:41:58,223 - DEBUG -   Supprimé: Latin Vibes (500 titres)
2026-06-13 08:41:58,234 - DEBUG -   Supprimé: Lecture & Détente (500 titres)
2026-06-13 08:41:58,248 - DEBUG -   Supprimé: Lecture & focus (78 titres) [fusion]
2026-06-13 08:41:58,272 - DEBUG -   Supprimé: Liked Songs (Loved Tracks) (1354 titres)
2026-06-13 08:41:58,282 - DEBUG -   Supprimé: Live & Concerts (500 titres)
2026-06-13 08:41:58,289 - DEBUG -   Supprimé: Mariage (109 titres)
2026-06-13 08:41:58,311 - DEBUG -   Supprimé: Mélancolie (500 titres)
2026-06-13 08:41:58,318 - DEBUG -   Supprimé: Mes favoris (103 titres)
2026-06-13 08:41:58,323 - DEBUG -   Supprimé: Mes titres Shazam ok (97 titres)
2026-06-13 08:41:58,328 - DEBUG -   Supprimé: Mix énergique (50 titres)
2026-06-13 08:41:58,341 - DEBUG -   Supprimé: Mix humeur deep focus (140 titres) [fusion]
2026-06-13 08:41:58,348 - DEBUG -   Supprimé: Mix humeur happy (120 titres)
2026-06-13 08:41:58,352 - DEBUG -   Supprimé: Mix humeur sad (120 titres)
2026-06-13 08:41:58,371 - DEBUG -   Supprimé: Mix humeur sensuel (100 titres) [fusion]
2026-06-13 08:41:58,377 - DEBUG -   Supprimé: Mojito sunset (29 titres) [fusion]
2026-06-13 08:41:58,386 - DEBUG -   Supprimé: Mystique & Spirituel (332 titres)
2026-06-13 08:41:58,406 - DEBUG -   Supprimé: Nostalgie (500 titres)
2026-06-13 08:41:58,414 - DEBUG -   Supprimé: Nuit calme (100 titres) [fusion]
2026-06-13 08:41:58,432 - DEBUG -   Supprimé: Nuit Profonde (500 titres)
2026-06-13 08:41:58,444 - DEBUG -   Supprimé: Pluie & Mélancolie (500 titres)
2026-06-13 08:41:58,449 - DEBUG -   Supprimé: Pool party (120 titres)
2026-06-13 08:41:58,466 - DEBUG -   Supprimé: Pop FR (296 titres)
2026-06-13 08:41:58,478 - DEBUG -   Supprimé: Printemps Frais (500 titres) [fusion]
2026-06-13 08:41:58,493 - DEBUG -   Supprimé: Punk & Garage (194 titres)
2026-06-13 08:41:58,502 - DEBUG -   Supprimé: Rage & Énergie (294 titres)
2026-06-13 08:41:58,521 - DEBUG -   Supprimé: Rap & Hip-Hop (500 titres)
2026-06-13 08:41:58,533 - DEBUG -   Supprimé: Reggae & Roots (500 titres)
2026-06-13 08:41:58,557 - DEBUG -   Supprimé: Reggaeton & Urban (247 titres)
2026-06-13 08:41:58,565 - DEBUG -   Supprimé: Relaxation (92 titres) [fusion]
2026-06-13 08:41:58,583 - DEBUG -   Supprimé: Remixes & Edits (500 titres)
2026-06-13 08:41:58,594 - DEBUG -   Supprimé: Repas entre amis (120 titres) [fusion]
2026-06-13 08:41:58,602 - DEBUG -   Supprimé: Rock Classique (278 titres)
2026-06-13 08:41:58,621 - DEBUG -   Supprimé: Romantique (500 titres)
2026-06-13 08:41:58,629 - DEBUG -   Supprimé: Running (140 titres) [fusion]
2026-06-13 08:41:58,669 - DEBUG -   Supprimé: Running & Workout (2563 titres) [fusion]
2026-06-13 08:41:58,679 - DEBUG -   Supprimé: Session massage tantrique (100 titres)
2026-06-13 08:41:58,686 - DEBUG -   Supprimé: Slow love (100 titres)
2026-06-13 08:41:58,694 - DEBUG -   Supprimé: Soirée (110 titres) [fusion]
2026-06-13 08:41:58,711 - DEBUG -   Supprimé: Soirée & Fête (500 titres)
2026-06-13 08:41:58,716 - DEBUG -   Supprimé: SUMMER HITS 2000-2022 (5 titres)
2026-06-13 08:41:58,721 - DEBUG -   Supprimé: Synthwave & Retrowave (21 titres)
2026-06-13 08:41:58,727 - DEBUG -   Supprimé: Terrasse chill (120 titres)
2026-06-13 08:41:58,738 - DEBUG -   Supprimé: Top 100 plus écoutés [fusion]
2026-06-13 08:41:58,754 - DEBUG -   Supprimé: Top Fun Radio (300 titres)
2026-06-13 08:41:58,768 - DEBUG -   Supprimé: Travail & Focus (500 titres) [fusion]
2026-06-13 08:41:58,775 - DEBUG -   Supprimé: Vibes 60s (213 titres) [fusion]
2026-06-13 08:41:58,789 - DEBUG -   Supprimé: Vibes 70s (238 titres) [fusion]
2026-06-13 08:41:58,797 - DEBUG -   Supprimé: Vibes 80s (282 titres)
2026-06-13 08:41:58,804 - DEBUG -   Supprimé: Vibes 90s (262 titres) [fusion]
2026-06-13 08:41:58,821 - DEBUG -   Supprimé: Vibes 2000s (461 titres) [fusion]
2026-06-13 08:41:58,832 - DEBUG -   Supprimé: Vibes 2010s (500 titres) [fusion]
2026-06-13 08:41:58,850 - DEBUG -   Supprimé: Voyage & Découverte (500 titres)
2026-06-13 08:41:58,856 - DEBUG -   Supprimé: World vibes (50 titres)
2026-06-13 08:41:58,861 - DEBUG -   Supprimé: Yoga (120 titres)
2026-06-13 08:41:58,868 - DEBUG -   Supprimé: Yoga & Méditation (303 titres)
2026-06-13 08:41:58,868 - INFO - 🧹 97 anciennes playlists auto supprimées
2026-06-13 08:41:59,204 - INFO - ✅ Playlist créée: ⭐ 1 étoiles (7 titres) (7 pistes)
2026-06-13 08:41:59,397 - INFO - ✅ Playlist créée: International essentiels (33 titres) (33 pistes)
2026-06-13 08:41:59,611 - INFO - ✅ Playlist créée: Mes favoris (103 titres) (103 pistes)
2026-06-13 08:41:59,794 - INFO - ✅ Playlist créée: À redécouvrir (62 titres) (62 pistes)
2026-06-13 08:41:59,956 - INFO - ✅ Playlist créée: Mix énergique (50 titres) (50 pistes)
2026-06-13 08:42:00,153 - INFO - ✅ Playlist créée: Brunch weekend (100 titres) (100 pistes)
2026-06-13 08:42:00,323 - INFO - ✅ Playlist créée: Cuisine en rythme (82 titres) (82 pistes)
2026-06-13 08:42:00,500 - INFO - ✅ Playlist créée: Slow love (100 titres) (100 pistes)
2026-06-13 08:42:00,658 - INFO - ✅ Playlist créée: World vibes (50 titres) (50 pistes)
2026-06-13 08:42:00,841 - INFO - ✅ Playlist créée: Albums pépites (108 titres) (108 pistes)
2026-06-13 08:42:01,038 - INFO - ✅ Playlist créée: Daily mix chill (120 titres) (120 pistes)
2026-06-13 08:42:01,233 - INFO - ✅ Playlist créée: Mix humeur happy (120 titres) (120 pistes)
2026-06-13 08:42:01,417 - INFO - ✅ Playlist créée: Mix humeur sad (120 titres) (120 pistes)
2026-06-13 08:42:01,603 - INFO - ✅ Playlist créée: Terrasse chill (120 titres) (120 pistes)
2026-06-13 08:42:01,805 - INFO - ✅ Playlist créée: Dimanche reset (120 titres) (120 pistes)
2026-06-13 08:42:01,990 - INFO - ✅ Playlist créée: Pool party (120 titres) (120 pistes)
2026-06-13 08:42:02,181 - INFO - ✅ Playlist créée: Yoga (120 titres) (120 pistes)
2026-06-13 08:42:02,371 - INFO - ✅ Playlist créée: Session massage tantrique (100 titres) (100 pistes)
2026-06-13 08:42:02,641 - INFO - ✅ Playlist créée: Top Fun Radio (300 titres) (300 pistes)
2026-06-13 08:42:07,451 - INFO - ✅ Playlist créée: Génération Top 50 (7940 titres) (7940 pistes)
2026-06-13 08:42:10,370 - INFO - ✅ Playlist créée: Funk & Disco (5058 titres) (5058 pistes)
2026-06-13 08:42:10,708 - INFO - ✅ Playlist créée: Chill & Relax (500 titres) (500 pistes)
2026-06-13 08:42:10,961 - INFO - ✅ Playlist créée: Rage & Énergie (294 titres) (294 pistes)
2026-06-13 08:42:11,319 - INFO - ✅ Playlist créée: Mélancolie (500 titres) (500 pistes)
2026-06-13 08:42:11,664 - INFO - ✅ Playlist créée: Romantique (500 titres) (500 pistes)
2026-06-13 08:42:12,068 - INFO - ✅ Playlist créée: Joie & Bonheur (500 titres) (500 pistes)
2026-06-13 08:42:12,381 - INFO - ✅ Playlist créée: Nostalgie (500 titres) (500 pistes)
2026-06-13 08:42:12,648 - INFO - ✅ Playlist créée: Mystique & Spirituel (332 titres) (332 pistes)
2026-06-13 08:42:12,968 - INFO - ✅ Playlist créée: Dark & Intense (500 titres) (500 pistes)
2026-06-13 08:42:13,312 - INFO - ✅ Playlist créée: Soirée & Fête (500 titres) (500 pistes)
2026-06-13 08:42:13,646 - INFO - ✅ Playlist créée: Conduite Auto (500 titres) (500 pistes)
2026-06-13 08:42:13,989 - INFO - ✅ Playlist créée: Voyage & Découverte (500 titres) (500 pistes)
2026-06-13 08:42:14,333 - INFO - ✅ Playlist créée: Cuisine & Recette (500 titres) (500 pistes)
2026-06-13 08:42:14,596 - INFO - ✅ Playlist créée: Yoga & Méditation (303 titres) (303 pistes)
2026-06-13 08:42:15,190 - INFO - ✅ Playlist créée: Lecture & Détente (500 titres) (500 pistes)
2026-06-13 08:42:15,513 - INFO - ✅ Playlist créée: Été & Soleil (500 titres) (500 pistes)
2026-06-13 08:42:15,855 - INFO - ✅ Playlist créée: Hiver & Cocooning (500 titres) (500 pistes)
2026-06-13 08:42:16,202 - INFO - ✅ Playlist créée: Automne Doré (500 titres) (500 pistes)
2026-06-13 08:42:16,551 - INFO - ✅ Playlist créée: Pluie & Mélancolie (500 titres) (500 pistes)
2026-06-13 08:42:17,017 - INFO - ✅ Playlist créée: Brunch Dimanche (500 titres) (500 pistes)
2026-06-13 08:42:17,374 - INFO - ✅ Playlist créée: Crépuscule (500 titres) (500 pistes)
2026-06-13 08:42:17,727 - INFO - ✅ Playlist créée: Nuit Profonde (500 titres) (500 pistes)
2026-06-13 08:42:18,074 - INFO - ✅ Playlist créée: After Party (500 titres) (500 pistes)
2026-06-13 08:42:18,360 - INFO - ✅ Playlist créée: Vibes 80s (282 titres) (282 pistes)
2026-06-13 08:42:18,695 - INFO - ✅ Playlist créée: Rap & Hip-Hop (500 titres) (500 pistes)
2026-06-13 08:42:18,946 - INFO - ✅ Playlist créée: Rock Classique (278 titres) (278 pistes)
2026-06-13 08:42:19,273 - INFO - ✅ Playlist créée: Hard Rock & Metal (355 titres) (355 pistes)
2026-06-13 08:42:19,534 - INFO - ✅ Playlist créée: Punk & Garage (194 titres) (194 pistes)
2026-06-13 08:42:19,753 - INFO - ✅ Playlist créée: Indie & Alternatif (182 titres) (182 pistes)
2026-06-13 08:42:20,018 - INFO - ✅ Playlist créée: Pop FR (296 titres) (296 pistes)
2026-06-13 08:42:20,397 - INFO - ✅ Playlist créée: Jazz & Blues (500 titres) (500 pistes)
2026-06-13 08:42:20,732 - INFO - ✅ Playlist créée: Reggae & Roots (500 titres) (500 pistes)
2026-06-13 08:42:21,094 - INFO - ✅ Playlist créée: Latin Vibes (500 titres) (500 pistes)
2026-06-13 08:42:21,279 - INFO - ✅ Playlist créée: K-Pop & J-Pop (67 titres) (67 pistes)
2026-06-13 08:42:21,649 - INFO - ✅ Playlist créée: Country & Folk (500 titres) (500 pistes)
2026-06-13 08:42:21,985 - INFO - ✅ Playlist créée: Classical & Orchestre (500 titres) (500 pistes)
2026-06-13 08:42:22,186 - INFO - ✅ Playlist créée: Synthwave & Retrowave (21 titres) (21 pistes)
2026-06-13 08:42:22,445 - INFO - ✅ Playlist créée: Ambient & Drone (276 titres) (276 pistes)
2026-06-13 08:42:22,711 - INFO - ✅ Playlist créée: Reggaeton & Urban (247 titres) (247 pistes)
2026-06-13 08:42:23,081 - INFO - ✅ Playlist créée: Live & Concerts (500 titres) (500 pistes)
2026-06-13 08:42:23,475 - INFO - ✅ Playlist créée: Acoustique (500 titres) (500 pistes)
2026-06-13 08:42:23,829 - INFO - ✅ Playlist créée: Remixes & Edits (500 titres) (500 pistes)
2026-06-13 08:42:24,185 - INFO - ✅ Playlist créée: Covers & Reprises (500 titres) (500 pistes)
2026-06-13 08:42:24,407 - INFO - ✅ Playlist créée: Karaoké (221 titres) (221 pistes)
2026-06-13 08:42:24,763 - INFO - ✅ Playlist créée: Génériques TV/Films (500 titres) (500 pistes)
2026-06-13 08:42:25,082 - INFO - ✅ Playlist créée: Christmas & Fêtes (500 titres) (500 pistes)
2026-06-13 08:42:25,522 - INFO - ✅ Playlist créée: Anniversaire (334 titres) (334 pistes)
2026-06-13 08:42:25,738 - INFO - ✅ Playlist créée: Mariage (109 titres) (109 pistes)
2026-06-13 08:42:25,909 - INFO - ✅ Playlist créée: SUMMER HITS 2000-2022 (5 titres) (5 pistes)
2026-06-13 08:42:26,150 - INFO - ✅ Playlist créée: Mojito sunset (221 titres) (221 pistes)
2026-06-13 08:42:26,885 - INFO - ✅ Playlist créée: Liked Songs (Loved Tracks) (1354 titres) (1354 pistes)
2026-06-13 08:42:27,103 - INFO - ✅ Playlist créée: Mes titres Shazam ok (97 titres) (97 pistes)
2026-06-13 08:42:27,347 - INFO - ✅ Playlist créée: ⭐ 5 étoiles (97 titres) [fusion] (186 pistes)
2026-06-13 08:42:27,595 - INFO - ✅ Playlist créée: ⭐ 4 étoiles (109 titres) [fusion] (139 pistes)
2026-06-13 08:42:28,012 - INFO - ✅ Playlist créée: ⭐ 3 étoiles (10 titres) [fusion] (623 pistes)
2026-06-13 08:42:49,132 - INFO - ✅ Playlist créée: ⭐ 2 étoiles (4 titres) [fusion] (26339 pistes)
2026-06-13 08:42:49,483 - INFO - ✅ Playlist créée: Top 100 plus écoutés [fusion] (337 pistes)
2026-06-13 08:42:49,812 - INFO - ✅ Playlist créée: Soirée (110 titres) [fusion] (155 pistes)
2026-06-13 08:42:50,082 - INFO - ✅ Playlist créée: Relaxation (92 titres) [fusion] (106 pistes)
2026-06-13 08:42:50,479 - INFO - ✅ Playlist créée: Repas entre amis (120 titres) [fusion] (338 pistes)
2026-06-13 08:42:50,700 - INFO - ✅ Playlist créée: Mojito sunset (29 titres) [fusion] (61 pistes)
2026-06-13 08:42:50,923 - INFO - ✅ Playlist créée: Nuit calme (100 titres) [fusion] (177 pistes)
2026-06-13 08:42:51,145 - INFO - ✅ Playlist créée: Lecture & focus (78 titres) [fusion] (132 pistes)
2026-06-13 08:42:51,398 - INFO - ✅ Playlist créée: Daily mix energie (120 titres) [fusion] (187 pistes)
2026-06-13 08:42:51,905 - INFO - ✅ Playlist créée: Daily mix night drive (120 titres) [fusion] (698 pistes)
2026-06-13 08:42:52,351 - INFO - ✅ Playlist créée: Mix humeur sensuel (100 titres) [fusion] (526 pistes)
2026-06-13 08:42:52,596 - INFO - ✅ Playlist créée: Mix humeur deep focus (140 titres) [fusion] (169 pistes)
2026-06-13 08:42:52,803 - INFO - ✅ Playlist créée: Running (140 titres) [fusion] (160 pistes)
2026-06-13 08:42:54,024 - INFO - ✅ Playlist créée: Running & Workout (2563 titres) [fusion] (2724 pistes)
2026-06-13 08:42:54,517 - INFO - ✅ Playlist créée: Épique & Cinématique (500 titres) [fusion] (643 pistes)
2026-06-13 08:42:54,910 - INFO - ✅ Playlist créée: Dreamy & Éthéré (500 titres) [fusion] (648 pistes)
2026-06-13 08:42:55,403 - INFO - ✅ Playlist créée: Travail & Focus (500 titres) [fusion] (633 pistes)
2026-06-13 08:42:55,852 - INFO - ✅ Playlist créée: Printemps Frais (500 titres) [fusion] (683 pistes)
2026-06-13 08:42:56,133 - INFO - ✅ Playlist créée: Vibes 60s (213 titres) [fusion] (214 pistes)
2026-06-13 08:42:56,384 - INFO - ✅ Playlist créée: Vibes 70s (238 titres) [fusion] (239 pistes)
2026-06-13 08:42:56,665 - INFO - ✅ Playlist créée: Vibes 90s (262 titres) [fusion] (268 pistes)
2026-06-13 08:42:57,013 - INFO - ✅ Playlist créée: Vibes 2000s (461 titres) [fusion] (468 pistes)
2026-06-13 08:42:57,363 - INFO - ✅ Playlist créée: Vibes 2010s (500 titres) [fusion] (506 pistes)
2026-06-13 08:42:57,363 - INFO - 
🎉 98 playlists créées
2026-06-13 08:42:57,499 - INFO - 🎨 Génération des posters pour 144 playlists...
2026-06-13 08:42:58,524 - DEBUG -   🖼️ ❤️ Tracks
2026-06-13 08:42:59,212 - DEBUG -   🖼️ All Music
2026-06-13 08:42:59,921 - DEBUG -   🖼️ Fresh ❤️
2026-06-13 08:43:00,739 - DEBUG -   🖼️ Recently Added
2026-06-13 08:43:01,688 - DEBUG -   🖼️ Recently Played
2026-06-13 08:43:02,436 - DEBUG -   🖼️ ⭐ 1 étoiles (7 titres)
2026-06-13 08:43:03,380 - DEBUG -   🖼️ ⭐ 2 étoiles (4 titres) [fusion]
2026-06-13 08:43:04,306 - DEBUG -   🖼️ ⭐ 3 étoiles (10 titres) [fusion]
2026-06-13 08:43:05,142 - DEBUG -   🖼️ ⭐ 4 étoiles (109 titres) [fusion]
2026-06-13 08:43:06,111 - DEBUG -   🖼️ ⭐ 5 étoiles (97 titres) [fusion]
2026-06-13 08:43:06,915 - DEBUG -   🖼️ ⭐ Stars 80 FR & US (21497 titres) [fusion]
2026-06-13 08:43:07,674 - DEBUG -   🖼️ À redécouvrir (62 titres)
2026-06-13 08:43:08,437 - DEBUG -   🖼️ Acoustique (500 titres)
2026-06-13 08:43:09,157 - DEBUG -   🖼️ After Party (500 titres)
2026-06-13 08:43:09,962 - DEBUG -   🖼️ Afterwork chill (120 titres)
2026-06-13 08:43:10,979 - DEBUG -   🖼️ Albums pépites (108 titres)
2026-06-13 08:43:11,652 - DEBUG -   🖼️ Ambient & Drone (276 titres)
2026-06-13 08:43:12,272 - DEBUG -   🖼️ Anniversaire (334 titres)
2026-06-13 08:43:13,076 - DEBUG -   🖼️ Apéro Chill (500 titres)
2026-06-13 08:43:13,821 - DEBUG -   🖼️ Automne Doré (500 titres)
2026-06-13 08:43:15,019 - DEBUG -   🖼️ Brunch Dimanche (500 titres)
