=== ven. 26 juin 2026 17:06:36 UTC Starting spotify daily run ===
2026-06-26 19:06:55,834 - INFO - 📊 209781 pistes chargées (dédupliquées)
Wrote deduped M3U: playlists/generated/Top_France_(daily_latest).deduped.m3u (3 entries)
2026-06-26 19:07:04,075 - INFO - 📊 209781 pistes chargées (dédupliquées)
Matched 3 of 3 to Plex
Playlist created on Plex: ratingKey=2435665
=== ven. 26 juin 2026 17:07:08 UTC Done ===
=== sam. 27 juin 2026 04:00:01 UTC Starting spotify daily run ===
2026-06-27 06:00:17,879 - INFO - 📊 241281 pistes chargées (dédupliquées)
Wrote deduped M3U: playlists/generated/Top_France_(daily_latest).deduped.m3u (3 entries)
2026-06-27 06:00:27,004 - INFO - 📊 241293 pistes chargées (dédupliquées)
Matched 3 of 3 to Plex
Playlist created on Plex: ratingKey=2493848
=== sam. 27 juin 2026 04:00:32 UTC Done ===
=== dim. 28 juin 2026 04:00:00 UTC Starting spotify daily run ===
2026-06-28 06:00:16,034 - INFO - 📊 262769 pistes chargées (dédupliquées)
Wrote deduped M3U: playlists/generated/Top_France_(daily_latest).deduped.m3u (3 entries)
2026-06-28 06:00:25,320 - INFO - 📊 262769 pistes chargées (dédupliquées)
Matched 3 of 3 to Plex
Playlist created on Plex: ratingKey=2523547
=== dim. 28 juin 2026 04:00:30 UTC Done ===
=== lun. 29 juin 2026 04:00:00 UTC Starting spotify daily run ===
2026-06-29 06:00:14,738 - INFO - 📊 164077 pistes chargées (dédupliquées)
Wrote deduped M3U: playlists/generated/Top_France_(daily_latest).deduped.m3u (3 entries)
2026-06-29 06:00:20,685 - INFO - 📊 164085 pistes chargées (dédupliquées)
Matched 3 of 3 to Plex
Playlist created on Plex: ratingKey=2573193
=== lun. 29 juin 2026 04:00:24 UTC Done ===
=== mar. 30 juin 2026 04:00:00 UTC Starting spotify daily run ===
2026-06-30 06:00:24,936 - INFO - 📊 259281 pistes chargées (dédupliquées)
Wrote deduped M3U: playlists/generated/Top_France_(daily_latest).deduped.m3u (3 entries)
2026-06-30 06:00:36,261 - INFO - 📊 259288 pistes chargées (dédupliquées)
Matched 3 of 3 to Plex
Playlist created on Plex: ratingKey=2713534
=== mar. 30 juin 2026 04:00:41 UTC Done ===
=== mer. 01 juil. 2026 04:00:00 UTC Starting spotify daily run ===
2026-07-01 06:00:28,328 - INFO - 📊 276665 pistes chargées (dédupliquées)
Wrote deduped M3U: playlists/generated/Top_France_(daily_latest).deduped.m3u (3 entries)
2026-07-01 06:00:40,887 - INFO - 📊 276665 pistes chargées (dédupliquées)
Matched 3 of 3 to Plex
Playlist created on Plex: ratingKey=2751678
=== mer. 01 juil. 2026 04:00:47 UTC Done ===
=== jeu. 02 juil. 2026 04:00:00 UTC Starting spotify daily run ===
2026-07-02 06:00:22,006 - INFO - 📊 278174 pistes chargées (dédupliquées)
Wrote deduped M3U: playlists/generated/Top_France_(daily_latest).deduped.m3u (3 entries)
2026-07-02 06:00:32,612 - INFO - 📊 278174 pistes chargées (dédupliquées)
Matched 3 of 3 to Plex
Playlist created on Plex: ratingKey=2755700
=== jeu. 02 juil. 2026 04:00:38 UTC Done ===
=== ven. 03 juil. 2026 04:00:00 UTC Starting spotify daily run ===
2026-07-03 06:00:16,092 - INFO - 📊 283800 pistes chargées (dédupliquées)
Wrote deduped M3U: playlists/generated/Top_France_(daily_latest).deduped.m3u (3 entries)
2026-07-03 06:00:26,218 - INFO - 📊 283800 pistes chargées (dédupliquées)
Matched 3 of 3 to Plex
Playlist created on Plex: ratingKey=2770776
=== ven. 03 juil. 2026 04:00:32 UTC Done ===
