[2026-06-29 19:30:26] [     ] 
[2026-06-29 19:30:26] [     ] ────────────────────────────────────────────────
[2026-06-29 19:30:26] [INFO ] ▶  SYNC FULL CADENCE — lundi 29 juin 2026 19:30:26
[2026-06-29 19:30:26] [     ] ────────────────────────────────────────────────
[2026-06-29 19:30:26] [INFO ] Log : /home/paulceline/Documents/Projets/cadence/logs/sync_full_20260629_193026.log
[2026-06-29 19:30:26] [     ] 
[2026-06-29 19:30:26] [     ] ────────────────────────────────────────────────
[2026-06-29 19:30:26] [INFO ] ▶  DÉTECTION TOKEN PLEX
[2026-06-29 19:30:26] [     ] ────────────────────────────────────────────────
[2026-06-29 19:30:26] [INFO ] Token chargé depuis .env
[2026-06-29 19:30:26] [OK   ] Token Plex OK (20 chars)
[2026-06-29 19:30:26] [OK   ] DB Plex : /var/snap/plexmediaserver/common/Library/Application Support/Plex Media Server/Plug-in Support/Databases/com.plexapp.plugins.library.db
[2026-06-29 19:30:26] [     ] 
[2026-06-29 19:30:26] [     ] ────────────────────────────────────────────────
[2026-06-29 19:30:26] [INFO ] ▶  ÉTAPE 1 — RATINGS 1★ (suppression fichiers)
[2026-06-29 19:30:26] [     ] ────────────────────────────────────────────────
[2026-06-29 19:30:26] [INFO ] Mode réel : les fichiers 1★ seront supprimés
[2026-06-29 19:30:26] [INFO ] Lancement : Ratings 1★
❌ Plex Media Server est en cours d'exécution ! Veuillez l'arrêter avant de lancer la suppression réelle.
Exemple : sudo systemctl stop snap.plexmediaserver.plexmediaserver.service
[2026-06-29 19:30:26] [WARN ] Ratings 1★ a retourné le code 2 (non bloquant)
[2026-06-29 19:30:26] [     ] 
[2026-06-29 19:30:26] [     ] ────────────────────────────────────────────────
[2026-06-29 19:30:26] [INFO ] ▶  ÉTAPE 2 — RATINGS 2★ (songrec-rename → clear)
[2026-06-29 19:30:26] [     ] ────────────────────────────────────────────────
[2026-06-29 19:30:26] [INFO ] Lancement : Pipeline 2★
