[2026-06-29 19:26:37] [     ] 
[2026-06-29 19:26:37] [     ] ────────────────────────────────────────────────
[2026-06-29 19:26:37] [INFO ] ▶  SYNC FULL CADENCE — lundi 29 juin 2026 19:26:37
[2026-06-29 19:26:37] [     ] ────────────────────────────────────────────────
[2026-06-29 19:26:37] [INFO ] Log : /home/paulceline/Documents/Projets/cadence/logs/sync_full_20260629_192637.log
[2026-06-29 19:26:37] [WARN ] Mode --dry-run actif (aucune modification réelle)
[2026-06-29 19:26:37] [WARN ] --skip-ratings : étapes ratings ignorées
[2026-06-29 19:26:37] [     ] 
[2026-06-29 19:26:37] [     ] ────────────────────────────────────────────────
[2026-06-29 19:26:37] [INFO ] ▶  DÉTECTION TOKEN PLEX
[2026-06-29 19:26:37] [     ] ────────────────────────────────────────────────
[2026-06-29 19:26:37] [INFO ] Token chargé depuis .env
[2026-06-29 19:26:37] [OK   ] Token Plex OK (20 chars)
[2026-06-29 19:26:37] [OK   ] DB Plex : /var/snap/plexmediaserver/common/Library/Application Support/Plex Media Server/Plug-in Support/Databases/com.plexapp.plugins.library.db
[2026-06-29 19:26:37] [WARN ] ÉTAPE 1 ignorée (--skip-ratings)
[2026-06-29 19:26:37] [WARN ] ÉTAPE 2 ignorée (--skip-ratings)
[2026-06-29 19:26:37] [     ] 
[2026-06-29 19:26:37] [     ] ────────────────────────────────────────────────
[2026-06-29 19:26:37] [INFO ] ▶  ÉTAPE 3 — PLAYLISTS AUTO + POSTERS ALÉATOIRES
[2026-06-29 19:26:37] [     ] ────────────────────────────────────────────────
[2026-06-29 19:26:37] [INFO ] Sélection playlists : /home/paulceline/Documents/Projets/cadence/data/auto_selected_playlists.json
[2026-06-29 19:26:37] [INFO ] Lancement : Playlists auto
2026-06-29 19:26:37,940 - INFO - 🎵 Génération des playlists automatiques PlexAmp
2026-06-29 19:26:44,605 - INFO - 📊 217748 pistes chargées (dédupliquées)
2026-06-29 19:27:09,280 - INFO - ℹ️ Last.fm non configuré (LASTFM_USER / LASTFM_API_KEY absents)
2026-06-29 19:27:22,278 - INFO - ⭐ Stars 80: 3661 titres (known_80=3661, unknown_year=672, excluded_by_year=19946)
2026-06-29 19:27:45,393 - INFO - 🧩 9 playlists personnalisées chargées depuis /home/paulceline/Documents/Projets/cadence/playlists/manual_playlists.json
2026-06-29 19:27:45,396 - INFO - 🧹 Emojis retirés de 169 noms de playlists
2026-06-29 19:27:46,948 - INFO - 🎯 Filtre selection active: 0 playlist(s) retenue(s)
2026-06-29 19:27:46,949 - INFO - 
🎉 0 playlists simulées

📊 RÉSUMÉ: 0 playlists
==================================================

  Total: 0 pistes (avec doublons inter-playlists)
[2026-06-29 19:27:47] [OK   ] Playlists auto terminé
[2026-06-29 19:27:47] [     ] 
[2026-06-29 19:27:47] [     ] ────────────────────────────────────────────────
[2026-06-29 19:27:47] [INFO ] ▶  ÉTAPE 4 — SCAN PLEX + VIDAGE CORBEILLE
[2026-06-29 19:27:47] [     ] ────────────────────────────────────────────────
[2026-06-29 19:27:47] [INFO ] [sim] Scan Plex + vidage corbeille ignoré en dry-run
[2026-06-29 19:27:47] [     ] 
[2026-06-29 19:27:47] [     ] ────────────────────────────────────────────────
[2026-06-29 19:27:47] [INFO ] ▶  ÉTAPE 5 — ROTATION DES LOGS
[2026-06-29 19:27:47] [     ] ────────────────────────────────────────────────
[2026-06-29 19:27:47] [OK   ] Pas d'anciens logs à supprimer
[2026-06-29 19:27:47] [     ] 
[2026-06-29 19:27:47] [     ] ────────────────────────────────────────────────
[2026-06-29 19:27:47] [INFO ] ▶  RÉSUMÉ FINAL
[2026-06-29 19:27:47] [     ] ────────────────────────────────────────────────
[2026-06-29 19:27:47] [INFO ] Fin : 2026-06-29 19:27:47
[2026-06-29 19:27:47] [INFO ] Log complet : /home/paulceline/Documents/Projets/cadence/logs/sync_full_20260629_192637.log
[2026-06-29 19:27:47] [OK   ] Toutes les étapes OK
